Component: ARM Compiler 5.05 update 1 (build 106) Tool: armlink [4d0efa]

==============================================================================

Section Cross References

    startup_stm32f103xb.o(STACK) refers (Special) to heapauxi.o(.text) for __use_two_region_memory
    startup_stm32f103xb.o(HEAP) refers (Special) to heapauxi.o(.text) for __use_two_region_memory
    startup_stm32f103xb.o(RESET) refers (Special) to heapauxi.o(.text) for __use_two_region_memory
    startup_stm32f103xb.o(RESET) refers to startup_stm32f103xb.o(STACK) for __initial_sp
    startup_stm32f103xb.o(RESET) refers to startup_stm32f103xb.o(.text) for Reset_Handler
    startup_stm32f103xb.o(RESET) refers to stm32f1xx_it.o(i.NMI_Handler) for NMI_Handler
    startup_stm32f103xb.o(RESET) refers to stm32f1xx_it.o(i.HardFault_Handler) for HardFault_Handler
    startup_stm32f103xb.o(RESET) refers to stm32f1xx_it.o(i.MemManage_Handler) for MemManage_Handler
    startup_stm32f103xb.o(RESET) refers to stm32f1xx_it.o(i.BusFault_Handler) for BusFault_Handler
    startup_stm32f103xb.o(RESET) refers to stm32f1xx_it.o(i.UsageFault_Handler) for UsageFault_Handler
    startup_stm32f103xb.o(RESET) refers to port.o(.emb_text) for SVC_Handler
    startup_stm32f103xb.o(RESET) refers to stm32f1xx_it.o(i.DebugMon_Handler) for DebugMon_Handler
    startup_stm32f103xb.o(RESET) refers to stm32f1xx_it.o(i.SysTick_Handler) for SysTick_Handler
    startup_stm32f103xb.o(RESET) refers to stm32f1xx_it.o(i.DMA1_Channel1_IRQHandler) for DMA1_Channel1_IRQHandler
    startup_stm32f103xb.o(RESET) refers to stm32f1xx_it.o(i.USB_LP_CAN1_RX0_IRQHandler) for USB_LP_CAN1_RX0_IRQHandler
    startup_stm32f103xb.o(RESET) refers to stm32f1xx_it.o(i.EXTI15_10_IRQHandler) for EXTI15_10_IRQHandler
    startup_stm32f103xb.o(.text) refers (Special) to heapauxi.o(.text) for __use_two_region_memory
    startup_stm32f103xb.o(.text) refers to system_stm32f1xx.o(i.SystemInit) for SystemInit
    startup_stm32f103xb.o(.text) refers to __main.o(!!!main) for __main
    startup_stm32f103xb.o(.text) refers to startup_stm32f103xb.o(HEAP) for Heap_Mem
    startup_stm32f103xb.o(.text) refers to startup_stm32f103xb.o(STACK) for Stack_Mem
    main.o(i.MX_ADC1_Init) refers to stm32f1xx_hal_adc.o(i.HAL_ADC_Init) for HAL_ADC_Init
    main.o(i.MX_ADC1_Init) refers to stm32f1xx_hal_adc.o(i.HAL_ADC_ConfigChannel) for HAL_ADC_ConfigChannel
    main.o(i.MX_ADC1_Init) refers to main.o(.bss) for .bss
    main.o(i.MX_GPIO_Init) refers to stm32f1xx_hal_gpio.o(i.HAL_GPIO_WritePin) for HAL_GPIO_WritePin
    main.o(i.MX_GPIO_Init) refers to stm32f1xx_hal_gpio.o(i.HAL_GPIO_Init) for HAL_GPIO_Init
    main.o(i.MX_GPIO_Init) refers to stm32f1xx_hal_cortex.o(i.HAL_NVIC_SetPriority) for HAL_NVIC_SetPriority
    main.o(i.MX_GPIO_Init) refers to stm32f1xx_hal_cortex.o(i.HAL_NVIC_EnableIRQ) for HAL_NVIC_EnableIRQ
    main.o(i.MX_SPI1_Init) refers to stm32f1xx_hal_spi.o(i.HAL_SPI_Init) for HAL_SPI_Init
    main.o(i.MX_SPI1_Init) refers to main.o(.bss) for .bss
    main.o(i.StartDefaultTask) refers to usb_device.o(i.MX_USB_DEVICE_Init) for MX_USB_DEVICE_Init
    main.o(i.StartDefaultTask) refers to cmsis_os.o(i.osDelay) for osDelay
    main.o(i.SystemClock_Config) refers to rt_memclr_w.o(.text) for __aeabi_memclr4
    main.o(i.SystemClock_Config) refers to stm32f1xx_hal_rcc.o(i.HAL_RCC_OscConfig) for HAL_RCC_OscConfig
    main.o(i.SystemClock_Config) refers to stm32f1xx_hal_rcc.o(i.HAL_RCC_ClockConfig) for HAL_RCC_ClockConfig
    main.o(i.SystemClock_Config) refers to stm32f1xx_hal_rcc_ex.o(i.HAL_RCCEx_PeriphCLKConfig) for HAL_RCCEx_PeriphCLKConfig
    main.o(i.main) refers to stm32f1xx_hal.o(i.HAL_Init) for HAL_Init
    main.o(i.main) refers to main.o(i.SystemClock_Config) for SystemClock_Config
    main.o(i.main) refers to main.o(i.MX_GPIO_Init) for MX_GPIO_Init
    main.o(i.main) refers to stm32f1xx_hal_cortex.o(i.HAL_NVIC_SetPriority) for HAL_NVIC_SetPriority
    main.o(i.main) refers to stm32f1xx_hal_cortex.o(i.HAL_NVIC_EnableIRQ) for HAL_NVIC_EnableIRQ
    main.o(i.main) refers to main.o(i.MX_SPI1_Init) for MX_SPI1_Init
    main.o(i.main) refers to main.o(i.MX_ADC1_Init) for MX_ADC1_Init
    main.o(i.main) refers to embedi_system.o(i.embedi_system_init) for embedi_system_init
    main.o(i.main) refers to rt_memcpy_w.o(.text) for __aeabi_memcpy4
    main.o(i.main) refers to cmsis_os.o(i.osThreadCreate) for osThreadCreate
    main.o(i.main) refers to cmsis_os.o(i.osKernelStart) for osKernelStart
    main.o(i.main) refers to main.o(.constdata) for .constdata
    main.o(i.main) refers to main.o(.data) for .data
    main.o(.constdata) refers to main.o(.conststring) for .conststring
    main.o(.constdata) refers to main.o(i.StartDefaultTask) for StartDefaultTask
    freertos.o(i.vApplicationGetIdleTaskMemory) refers to freertos.o(.bss) for .bss
    freertos.o(i.vApplicationGetTimerTaskMemory) refers to freertos.o(.bss) for .bss
[...]
    embedi_set_mag_sample_rate               0x0800756d   Thumb Code    18  embedi_imu.o(i.embedi_set_mag_sample_rate)
    embedi_set_run_state                     0x08007585   Thumb Code     6  embedi_system.o(i.embedi_set_run_state)
    embedi_system_init                       0x08007591   Thumb Code     4  embedi_system.o(i.embedi_system_init)
    embedi_uart_init                         0x08007595   Thumb Code     2  embedi_uart.o(i.embedi_uart_init)
    embedi_update_imu_data_buff              0x08007599   Thumb Code    40  embedi_imu.o(i.embedi_update_imu_data_buff)
    embedi_wheels_init                       0x080075c5   Thumb Code     2  embedi_wheels.o(i.embedi_wheels_init)
    embedi_write_flash                       0x080075c9   Thumb Code   234  embedi_flash.o(i.embedi_write_flash)
    imu_irq_cb                               0x08007701   Thumb Code    22  embedi_wheels.o(i.imu_irq_cb)
    inv_imu_init                             0x0800780d   Thumb Code     6  inv_mpu.o(i.inv_imu_init)
    key_irq_cb                               0x08007819   Thumb Code    28  embedi_wheels.o(i.key_irq_cb)
    main                                     0x08007855   Thumb Code    88  main.o(i.main)
    mpu_configure_fifo                       0x080078c9   Thumb Code    78  inv_mpu.o(i.mpu_configure_fifo)
    mpu_get_accel_fsr                        0x0800791d   Thumb Code    54  inv_mpu.o(i.mpu_get_accel_fsr)
    mpu_get_accel_reg                        0x08007959   Thumb Code    76  inv_mpu.o(i.mpu_get_accel_reg)
    mpu_get_accel_sens                       0x080079a9   Thumb Code    62  inv_mpu.o(i.mpu_get_accel_sens)
    mpu_get_compass_fsr                      0x080079ed   Thumb Code    12  inv_mpu.o(i.mpu_get_compass_fsr)
    mpu_get_compass_reg                      0x080079fd   Thumb Code   134  inv_mpu.o(i.mpu_get_compass_reg)
    mpu_get_gyro_fsr                         0x08007a89   Thumb Code    48  inv_mpu.o(i.mpu_get_gyro_fsr)
    mpu_get_gyro_reg                         0x08007abd   Thumb Code    78  inv_mpu.o(i.mpu_get_gyro_reg)
    mpu_get_gyro_sens                        0x08007b11   Thumb Code    44  inv_mpu.o(i.mpu_get_gyro_sens)
    mpu_get_mag_sens                         0x08007b51   Thumb Code     8  inv_mpu.o(i.mpu_get_mag_sens)
    mpu_get_sample_rate                      0x08007bc5   Thumb Code    22  inv_mpu.o(i.mpu_get_sample_rate)
    mpu_init                                 0x08007be1   Thumb Code   254  inv_mpu.o(i.mpu_init)
    mpu_lp_accel_mode                        0x08007d11   Thumb Code   180  inv_mpu.o(i.mpu_lp_accel_mode)
    mpu_reset_fifo                           0x08007dc9   Thumb Code   346  inv_mpu.o(i.mpu_reset_fifo)
    mpu_set_accel_fsr                        0x08007f29   Thumb Code    98  inv_mpu.o(i.mpu_set_accel_fsr)
    mpu_set_bypass                           0x08007f91   Thumb Code   214  inv_mpu.o(i.mpu_set_bypass)
    mpu_set_compass_sample_rate              0x0800806d   Thumb Code    72  inv_mpu.o(i.mpu_set_compass_sample_rate)
    mpu_set_gyro_fsr                         0x080080b9   Thumb Code   104  inv_mpu.o(i.mpu_set_gyro_fsr)
    mpu_set_int_latched                      0x08008125   Thumb Code    94  inv_mpu.o(i.mpu_set_int_latched)
    mpu_set_lpf                              0x08008189   Thumb Code   102  inv_mpu.o(i.mpu_set_lpf)
    mpu_set_sample_rate                      0x080081f5   Thumb Code   138  inv_mpu.o(i.mpu_set_sample_rate)
    mpu_set_sensors                          0x08008285   Thumb Code    14  inv_mpu.o(i.mpu_set_sensors)
    nrf24l01_check                           0x08008299   Thumb Code    96  embedi_nrf24l01.o(i.nrf24l01_check)
    nrf24l01_check_and_receive_packet        0x08008325   Thumb Code    66  embedi_nrf24l01.o(i.nrf24l01_check_and_receive_packet)
    nrf24l01_hardware_init                   0x08008369   Thumb Code   140  embedi_nrf24l01.o(i.nrf24l01_hardware_init)
    nrf24l01_init                            0x080083fd   Thumb Code    86  embedi_nrf24l01.o(i.nrf24l01_init)
    nrf24l01_irq_cb                          0x0800845d   Thumb Code    36  embedi_nrf24l01.o(i.nrf24l01_irq_cb)
    nrf24l01_receive_packet                  0x0800850d   Thumb Code    66  embedi_nrf24l01.o(i.nrf24l01_receive_packet)
    nrf24l01_send_package                    0x08008555   Thumb Code    44  embedi_nrf24l01.o(i.nrf24l01_send_package)
    nrf24l01_set_address                     0x08008585   Thumb Code    24  embedi_nrf24l01.o(i.nrf24l01_set_address)
    nrf24l01_set_arc                         0x0800859d   Thumb Code    30  embedi_nrf24l01.o(i.nrf24l01_set_arc)
    nrf24l01_set_ard                         0x080085bb   Thumb Code    40  embedi_nrf24l01.o(i.nrf24l01_set_ard)
    nrf24l01_set_channel                     0x080085e3   Thumb Code    14  embedi_nrf24l01.o(i.nrf24l01_set_channel)
    nrf24l01_set_data_rate                   0x080085f1   Thumb Code    46  embedi_nrf24l01.o(i.nrf24l01_set_data_rate)
    nrf_set_power                            0x0800868d   Thumb Code    56  embedi_nrf24l01.o(i.nrf_set_power)
    osDelay                                  0x080086c5   Thumb Code    14  cmsis_os.o(i.osDelay)
    osKernelStart                            0x080086d3   Thumb Code    10  cmsis_os.o(i.osKernelStart)
    osThreadCreate                           0x080086dd   Thumb Code    84  cmsis_os.o(i.osThreadCreate)
    osTimerCreate                            0x08008731   Thumb Code    60  cmsis_os.o(i.osTimerCreate)
    osTimerStart                             0x08008771   Thumb Code    88  cmsis_os.o(i.osTimerStart)
    pvPortMalloc                             0x08008f3d   Thumb Code   210  heap_4.o(i.pvPortMalloc)
    pvTaskIncrementMutexHeldCount            0x08009015   Thumb Code    18  tasks.o(i.pvTaskIncrementMutexHeldCount)
    pxPortInitialiseStack                    0x0800902d   Thumb Code    32  port.o(i.pxPortInitialiseStack)
    remoter_timer_function                   0x08009051   Thumb Code    16  embedi_remoter.o(i.remoter_timer_function)
    spi_read_buf                             0x080092f9   Thumb Code    38  embedi_spi.o(i.spi_read_buf)
    spi_read_write_byte                      0x08009321   Thumb Code    46  embedi_spi.o(i.spi_read_write_byte)
    spi_write_buf                            0x08009375   Thumb Code    40  embedi_spi.o(i.spi_write_buf)
    usb_printf                               0x0800939d   Thumb Code    30  embedi_printf.o(i.usb_printf)
    uxListRemove                             0x080093c1   Thumb Code    38  list.o(i.uxListRemove)
    vApplicationGetIdleTaskMemory            0x080093e9   Thumb Code    16  freertos.o(i.vApplicationGetIdleTaskMemory)
    vApplicationGetTimerTaskMemory           0x080093fd   Thumb Code    18  freertos.o(i.vApplicationGetTimerTaskMemory)
    vListInitialise                          0x08009415   Thumb Code    22  list.o(i.vListInitialise)
    vListInitialiseItem                      0x0800942b   Thumb Code     6  list.o(i.vListInitialiseItem)
    vListInsert                              0x08009431   Thumb Code    48  list.o(i.vListInsert)
    vListInsertEnd                           0x08009461   Thumb Code    24  list.o(i.vListInsertEnd)
    vPortEnterCritical                       0x08009479   Thumb Code    54  port.o(i.vPortEnterCritical)
    vPortExitCritical                        0x080094b9   Thumb Code    34  port.o(i.vPortExitCritical)
    vPortFree                                0x080094e1   Thumb Code    88  heap_4.o(i.vPortFree)
    vPortSetupTimerInterrupt                 0x0800953d   Thumb Code    32  port.o(i.vPortSetupTimerInterrupt)
    vPortValidateInterruptPriority           0x08009561   Thumb Code    74  port.o(i.vPortValidateInterruptPriority)
    vQueueAddToRegistry                      0x080095b5   Thumb Code    34  queue.o(i.vQueueAddToRegistry)
    vQueueWaitForMessageRestricted           0x080095dd   Thumb Code    68  queue.o(i.vQueueWaitForMessageRestricted)
    vTaskDelay                               0x08009621   Thumb Code    66  tasks.o(i.vTaskDelay)
    vTaskInternalSetTimeOutState             0x0800966d   Thumb Code    12  tasks.o(i.vTaskInternalSetTimeOutState)
    vTaskMissedYield                         0x0800967d   Thumb Code     8  tasks.o(i.vTaskMissedYield)
    vTaskPlaceOnEventList                    0x08009689   Thumb Code    44  tasks.o(i.vTaskPlaceOnEventList)
    vTaskPlaceOnEventListRestricted          0x080096b9   Thumb Code    52  tasks.o(i.vTaskPlaceOnEventListRestricted)
    vTaskPriorityDisinheritAfterTimeout      0x080096f1   Thumb Code   160  tasks.o(i.vTaskPriorityDisinheritAfterTimeout)
    vTaskStartScheduler                      0x08009799   Thumb Code   118  tasks.o(i.vTaskStartScheduler)
    vTaskSuspendAll                          0x08009821   Thumb Code    10  tasks.o(i.vTaskSuspendAll)
    vTaskSwitchContext                       0x08009831   Thumb Code    82  tasks.o(i.vTaskSwitchContext)
    xPortStartScheduler                      0x0800988d   Thumb Code   154  port.o(i.xPortStartScheduler)
    xPortSysTickHandler                      0x08009935   Thumb Code    38  port.o(i.xPortSysTickHandler)
    xQueueGenericCreate                      0x08009961   Thumb Code    72  queue.o(i.xQueueGenericCreate)
    xQueueGenericCreateStatic                0x080099a9   Thumb Code   102  queue.o(i.xQueueGenericCreateStatic)
    xQueueGenericReset                       0x08009a11   Thumb Code   132  queue.o(i.xQueueGenericReset)
    xQueueGenericSend                        0x08009a99   Thumb Code   346  queue.o(i.xQueueGenericSend)
    xQueueGenericSendFromISR                 0x08009bf9   Thumb Code   188  queue.o(i.xQueueGenericSendFromISR)
    xQueueGiveFromISR                        0x08009cb5   Thumb Code   156  queue.o(i.xQueueGiveFromISR)
    xQueueReceive                            0x08009d51   Thumb Code   308  queue.o(i.xQueueReceive)
    xQueueSemaphoreTake                      0x08009e89   Thumb Code   372  queue.o(i.xQueueSemaphoreTake)
    xTaskCheckForTimeOut                     0x0800a001   Thumb Code   112  tasks.o(i.xTaskCheckForTimeOut)
    xTaskCreate                              0x0800a075   Thumb Code    90  tasks.o(i.xTaskCreate)
    xTaskCreateStatic                        0x0800a0cf   Thumb Code    86  tasks.o(i.xTaskCreateStatic)
    xTaskGetSchedulerState                   0x0800a125   Thumb Code    22  tasks.o(i.xTaskGetSchedulerState)
    xTaskGetTickCount                        0x0800a141   Thumb Code     6  tasks.o(i.xTaskGetTickCount)
    xTaskIncrementTick                       0x0800a14d   Thumb Code   192  tasks.o(i.xTaskIncrementTick)
    xTaskPriorityDisinherit                  0x0800a215   Thumb Code   144  tasks.o(i.xTaskPriorityDisinherit)
    xTaskPriorityInherit                     0x0800a2ad   Thumb Code   138  tasks.o(i.xTaskPriorityInherit)
    xTaskRemoveFromEventList                 0x0800a341   Thumb Code   108  tasks.o(i.xTaskRemoveFromEventList)
    xTaskResumeAll                           0x0800a3b5   Thumb Code   182  tasks.o(i.xTaskResumeAll)
    xTimerCreate                             0x0800a479   Thumb Code    52  timers.o(i.xTimerCreate)
    xTimerCreateStatic                       0x0800a4ad   Thumb Code    46  timers.o(i.xTimerCreateStatic)
    xTimerCreateTimerTask                    0x0800a4dd   Thumb Code    78  timers.o(i.xTimerCreateTimerTask)
    xTimerGenericCommand                     0x0800a53d   Thumb Code    92  timers.o(i.xTimerGenericCommand)
    _get_lc_numeric                          0x0800a59d   Thumb Code    44  lc_numeric_c.o(locale$$code)
    _get_lc_ctype                            0x0800a5c9   Thumb Code    44  lc_ctype_c.o(locale$$code)
    __fpl_dretinf                            0x0800a5f5   Thumb Code    12  dretinf.o(x$fpl$dretinf)
    __aeabi_f2d                              0x0800a601   Thumb Code     0  f2d.o(x$fpl$f2d)
    _f2d                                     0x0800a601   Thumb Code    86  f2d.o(x$fpl$f2d)
    __aeabi_fdiv                             0x0800a659   Thumb Code     0  fdiv.o(x$fpl$fdiv)
    _fdiv                                    0x0800a659   Thumb Code   384  fdiv.o(x$fpl$fdiv)
    __aeabi_i2f                              0x0800a7dd   Thumb Code     0  fflt_clz.o(x$fpl$fflt)
    _fflt                                    0x0800a7dd   Thumb Code    48  fflt_clz.o(x$fpl$fflt)
    __aeabi_ui2f                             0x0800a80d   Thumb Code     0  fflt_clz.o(x$fpl$ffltu)
    _ffltu                                   0x0800a80d   Thumb Code    38  fflt_clz.o(x$fpl$ffltu)
    __aeabi_fmul                             0x0800a835   Thumb Code     0  fmul.o(x$fpl$fmul)
    _fmul                                    0x0800a835   Thumb Code   258  fmul.o(x$fpl$fmul)
    __fpl_fnaninf                            0x0800a937   Thumb Code   140  fnaninf.o(x$fpl$fnaninf)
    __fpl_fretinf                            0x0800a9c3   Thumb Code    10  fretinf.o(x$fpl$fretinf)
    _printf_fp_dec                           0x0800a9cd   Thumb Code     4  printf1.o(x$fpl$printf1)
    _printf_fp_hex                           0x0800a9d1   Thumb Code     4  printf2.o(x$fpl$printf2)
    __I$use$fp                               0x0800a9d4   Number         0  usenofp.o(x$fpl$usenofp)
    AHBPrescTable                            0x0800aa02   Data          16  system_stm32f1xx.o(.constdata)
    reg                                      0x0800ac24   Data          49  inv_mpu.o(.constdata)
    hw                                       0x0800ac56   Data          14  inv_mpu.o(.constdata)
    test                                     0x0800ac64   Data          48  inv_mpu.o(.constdata)
    Region$$Table$$Base                      0x0800b23c   Number         0  anon$$obj.o(Region$$Table)
    Region$$Table$$Limit                     0x0800b25c   Number         0  anon$$obj.o(Region$$Table)
    __embedi_embedi_quadrotor_init           0x0800b25c   Data           4  embedi_quadrotor.o(embedi_app_init)
    embedi_app_init$$Base                    0x0800b25c   Number         0  embedi_quadrotor.o(embedi_app_init)
    __embedi_embedi_wheels_init              0x0800b260   Data           4  embedi_wheels.o(embedi_app_init)
    __embedi_embedi_remoter_init             0x0800b264   Data           4  embedi_remoter.o(embedi_app_init)
    __embedi_embedi_baro_init                0x0800b268   Data           4  embedi_baro.o(embedi_driver_init)
    embedi_driver_init$$Base                 0x0800b268   Number         0  embedi_baro.o(embedi_driver_init)
    __embedi_embedi_imu_init                 0x0800b26c   Data           4  embedi_imu.o(embedi_driver_init)
    __embedi_motor_init                      0x0800b270   Data           4  embedi_motor.o(embedi_driver_init)
    __embedi_embedi_bmp280_init              0x0800b274   Data           4  embedi_bmp280.o(embedi_init)
    embedi_init$$Base                        0x0800b274   Number         0  embedi_bmp280.o(embedi_init)
    __embedi__spl06_init                     0x0800b278   Data           4  embedi_spl06.o(embedi_init)
    __embedi_inv_imu_init                    0x0800b27c   Data           4  inv_mpu.o(embedi_init)
    __embedi_nrf24l01_init                   0x0800b280   Data           4  embedi_nrf24l01.o(embedi_init)
    __embedi_imu_irq_cb                      0x0800b284   Data           4  embedi_wheels.o(embedi_irq)
    embedi_irq$$Base                         0x0800b284   Number         0  embedi_wheels.o(embedi_irq)
    __embedi_key_irq_cb                      0x0800b288   Data           4  embedi_wheels.o(embedi_irq)
    __embedi_nrf24l01_irq_cb                 0x0800b28c   Data           4  embedi_nrf24l01.o(embedi_irq)
    __embedi_embedi_uart_init                0x0800b290   Data           4  embedi_uart.o(embedi_platform_init)
    embedi_platform_init$$Base               0x0800b290   Number         0  embedi_uart.o(embedi_platform_init)
    __embedi___spi_init                      0x0800b294   Data           4  embedi_spi.o(embedi_platform_init)
    __embedi__adc_init                       0x0800b298   Data           4  embedi_adc.o(embedi_platform_init)
    __embedi_host_uart_receive_callback      0x0800b29c   Data           4  embedi_host.o(embedi_uart_irq)
    embedi_uart_irq$$Base                    0x0800b29c   Number         0  embedi_host.o(embedi_uart_irq)
    __ctype                                  0x0800b2c9   Data           0  lc_ctype_c.o(locale$$data)
    defaultTaskHandle                        0x20000000   Data           4  main.o(.data)
    FS_Desc                                  0x20000004   Data          28  usbd_desc.o(.data)
    USBD_LangIDDesc                          0x20000020   Data           4  usbd_desc.o(.data)
    USBD_FS_DeviceDesc                       0x20000024   Data          18  usbd_desc.o(.data)
    USBD_StringSerial                        0x20000038   Data          26  usbd_desc.o(.data)
    USBD_Interface_fops_FS                   0x20000054   Data          16  usbd_cdc_if.o(.data)
    uwTickFreq                               0x20000064   Data           1  stm32f1xx_hal.o(.data)
    uwTickPrio                               0x20000068   Data           4  stm32f1xx_hal.o(.data)
    uwTick                                   0x2000006c   Data           4  stm32f1xx_hal.o(.data)
    SystemCoreClock                          0x20000070   Data           4  system_stm32f1xx.o(.data)
    pxCurrentTCB                             0x20000074   Data           4  tasks.o(.data)
    USBD_CDC_CfgHSDesc                       0x200000f8   Data          67  usbd_cdc.o(.data)
    USBD_CDC_CfgFSDesc                       0x2000013c   Data          67  usbd_cdc.o(.data)
    USBD_CDC_OtherSpeedCfgDesc               0x20000180   Data          67  usbd_cdc.o(.data)
    USBD_CDC                                 0x200001c4   Data          56  usbd_cdc.o(.data)
    inv_ops                                  0x2000027c   Data          80  inv_mpu.o(.data)
    hadc1                                    0x20000308   Data          48  main.o(.bss)
    hspi1                                    0x20000338   Data          88  main.o(.bss)
    hdma_adc1                                0x20000390   Data          68  main.o(.bss)
    hUsbDeviceFS                             0x20000a7c   Data         708  usb_device.o(.bss)
    USBD_StrDesc                             0x20000d40   Data         512  usbd_desc.o(.bss)
    UserRxBufferFS                           0x20000f40   Data        1024  usbd_cdc_if.o(.bss)
    UserTxBufferFS                           0x20001340   Data        1024  usbd_cdc_if.o(.bss)
    hpcd_USB_FS                              0x20001960   Data         752  usbd_conf.o(.bss)
    pFlash                                   0x20001c50   Data          32  stm32f1xx_hal_flash.o(.bss)
    xQueueRegistry                           0x20001c70   Data          64  queue.o(.bss)
    g_flash_buf                              0x200036d8   Data        1024  embedi_flash.o(.bss)
    _buff                                    0x20003dc4   Data         128  embedi_printf.o(.bss)
    __libspace_start                         0x20003ea8   Data          96  libspace.o(.bss)
    __temporary_stack_top$libspace           0x20003f08   Data           0  libspace.o(.bss)



==============================================================================

Memory Map of the image

  Image Entry point : 0x080000ed

  Load Region LR_IROM1 (Base: 0x08000000, Size: 0x0000b6d4, Max: 0x00010000, ABSOLUTE, COMPRESSED[0x0000b4f8])

    Execution Region ER_IROM1 (Base: 0x08000000, Size: 0x0000b3cc, Max: 0x00010000, ABSOLUTE)

    Base Addr    Size         Type   Attr      Idx    E Section Name        Object

    0x08000000   0x000000ec   Data   RO            3    RESET               startup_stm32f103xb.o
    0x080000ec   0x00000008   Code   RO         6955  * !!!main             c_w.l(__main.o)
    0x080000f4   0x00000034   Code   RO         7436    !!!scatter          c_w.l(__scatter.o)
    0x08000128   0x0000005a   Code   RO         7434    !!dczerorl2         c_w.l(__dczerorl2.o)
    0x08000182   0x00000002   PAD
    0x08000184   0x0000001c   Code   RO         7438    !!handler_zi        c_w.l(__scatter_zi.o)
    0x080001a0   0x00000000   Code   RO         7125    .ARM.Collect$$_printf_percent$$00000000  c_w.l(_printf_percent.o)
    0x080001a0   0x00000006   Code   RO         7114    .ARM.Collect$$_printf_percent$$00000001  c_w.l(_printf_n.o)
    0x080001a6   0x00000006   Code   RO         7116    .ARM.Collect$$_printf_percent$$00000002  c_w.l(_printf_p.o)
    0x080001ac   0x00000006   Code   RO         7121    .ARM.Collect$$_printf_percent$$00000003  c_w.l(_printf_f.o)
    0x080001b2   0x00000006   Code   RO         7122    .ARM.Collect$$_printf_percent$$00000004  c_w.l(_printf_e.o)
    0x080001b8   0x00000006   Code   RO         7123    .ARM.Collect$$_printf_percent$$00000005  c_w.l(_printf_g.o)
    0x080001be   0x00000006   Code   RO         7124    .ARM.Collect$$_printf_percent$$00000006  c_w.l(_printf_a.o)
    0x080001c4   0x0000000a   Code   RO         7129    .ARM.Collect$$_printf_percent$$00000007  c_w.l(_printf_ll.o)
    0x080001ce   0x00000006   Code   RO         7118    .ARM.Collect$$_printf_percent$$00000008  c_w.l(_printf_i.o)
    0x080001d4   0x00000006   Code   RO         7119    .ARM.Collect$$_printf_percent$$00000009  c_w.l(_printf_d.o)
    0x080001da   0x00000006   Code   RO         7120    .ARM.Collect$$_printf_percent$$0000000A  c_w.l(_printf_u.o)
    0x080001e0   0x00000006   Code   RO         7117    .ARM.Collect$$_printf_percent$$0000000B  c_w.l(_printf_o.o)
    0x080001e6   0x00000006   Code   RO         7115    .ARM.Collect$$_printf_percent$$0000000C  c_w.l(_printf_x.o)
    0x080001ec   0x00000006   Code   RO         7126    .ARM.Collect$$_printf_percent$$0000000D  c_w.l(_printf_lli.o)
    0x080001f2   0x00000006   Code   RO         7127    .ARM.Collect$$_printf_percent$$0000000E  c_w.l(_printf_lld.o)
    0x080001f8   0x00000006   Code   RO         7128    .ARM.Collect$$_printf_percent$$0000000F  c_w.l(_printf_llu.o)
    0x080001fe   0x00000006   Code   RO         7133    .ARM.Collect$$_printf_percent$$00000010  c_w.l(_printf_llo.o)
    0x08000204   0x00000006   Code   RO         7134    .ARM.Collect$$_printf_percent$$00000011  c_w.l(_printf_llx.o)
    0x0800020a   0x0000000a   Code   RO         7130    .ARM.Collect$$_printf_percent$$00000012  c_w.l(_printf_l.o)
    0x08000214   0x00000006   Code   RO         7112    .ARM.Collect$$_printf_percent$$00000013  c_w.l(_printf_c.o)
    0x0800021a   0x00000006   Code   RO         7113    .ARM.Collect$$_printf_percent$$00000014  c_w.l(_printf_s.o)
    0x08000220   0x00000006   Code   RO         7131    .ARM.Collect$$_printf_percent$$00000015  c_w.l(_printf_lc.o)
    0x08000226   0x00000006   Code   RO         7132    .ARM.Collect$$_printf_percent$$00000016  c_w.l(_printf_ls.o)
    0x0800022c   0x00000004   Code   RO         7239    .ARM.Collect$$_printf_percent$$00000017  c_w.l(_printf_percent_end.o)
    0x08000230   0x00000002   Code   RO         7299    .ARM.Collect$$libinit$$00000000  c_w.l(libinit.o)
    0x08000232   0x00000000   Code   RO         7316    .ARM.Collect$$libinit$$00000002  c_w.l(libinit2.o)
    0x08000232   0x00000000   Code   RO         7318    .ARM.Collect$$libinit$$00000004  c_w.l(libinit2.o)
    0x08000232   0x00000000   Code   RO         7321    .ARM.Collect$$libinit$$0000000A  c_w.l(libinit2.o)
    0x08000232   0x00000000   Code   RO         7323    .ARM.Collect$$libinit$$0000000C  c_w.l(libinit2.o)
    0x08000232   0x00000000   Code   RO         7325    .ARM.Collect$$libinit$$0000000E  c_w.l(libinit2.o)
    0x08000232   0x00000006   Code   RO         7326    .ARM.Collect$$libinit$$0000000F  c_w.l(libinit2.o)
    0x08000238   0x00000000   Code   RO         7328    .ARM.Collect$$libinit$$00000011  c_w.l(libinit2.o)
    0x08000238   0x0000000c   Code   RO         7329    .ARM.Collect$$libinit$$00000012  c_w.l(libinit2.o)
    0x08000244   0x00000000   Code   RO         7330    .ARM.Collect$$libinit$$00000013  c_w.l(libinit2.o)
    0x08000244   0x00000000   Code   RO         7332    .ARM.Collect$$libinit$$00000015  c_w.l(libinit2.o)
    0x08000244   0x0000000a   Code   RO         7333    .ARM.Collect$$libinit$$00000016  c_w.l(libinit2.o)
    0x0800024e   0x00000000   Code   RO         7334    .ARM.Collect$$libinit$$00000017  c_w.l(libinit2.o)
    0x0800024e   0x00000000   Code   RO         7336    .ARM.Collect$$libinit$$00000019  c_w.l(libinit2.o)
    0x0800024e   0x00000000   Code   RO         7338    .ARM.Collect$$libinit$$0000001B  c_w.l(libinit2.o)
    0x0800024e   0x00000000   Code   RO         7340    .ARM.Collect$$libinit$$0000001D  c_w.l(libinit2.o)
    0x0800024e   0x00000000   Code   RO         7342    .ARM.Collect$$libinit$$0000001F  c_w.l(libinit2.o)
    0x0800024e   0x00000000   Code   RO         7344    .ARM.Collect$$libinit$$00000021  c_w.l(libinit2.o)
    0x0800024e   0x00000000   Code   RO         7346    .ARM.Collect$$libinit$$00000023  c_w.l(libinit2.o)
    0x0800024e   0x00000000   Code   RO         7348    .ARM.Collect$$libinit$$00000025  c_w.l(libinit2.o)
    0x0800024e   0x00000000   Code   RO         7352    .ARM.Collect$$libinit$$0000002C  c_w.l(libinit2.o)
    0x0800024e   0x00000000   Code   RO         7354    .ARM.Collect$$libinit$$0000002E  c_w.l(libinit2.o)
    0x0800024e   0x00000000   Code   RO         7356    .ARM.Collect$$libinit$$00000030  c_w.l(libinit2.o)
    0x0800024e   0x00000000   Code   RO         7358    .ARM.Collect$$libinit$$00000032  c_w.l(libinit2.o)
    0x0800024e   0x00000002   Code   RO         7359    .ARM.Collect$$libinit$$00000033  c_w.l(libinit2.o)
    0x08000250   0x00000002   Code   RO         7387    .ARM.Collect$$libshutdown$$00000000  c_w.l(libshutdown.o)
    0x08000252   0x00000000   Code   RO         7402    .ARM.Collect$$libshutdown$$00000003  c_w.l(libshutdown2.o)
    0x08000252   0x00000000   Code   RO         7405    .ARM.Collect$$libshutdown$$00000006  c_w.l(libshutdown2.o)
    0x08000252   0x00000000   Code   RO         7408    .ARM.Collect$$libshutdown$$00000009  c_w.l(libshutdown2.o)
    0x08000252   0x00000000   Code   RO         7410    .ARM.Collect$$libshutdown$$0000000B  c_w.l(libshutdown2.o)
    0x08000252   0x00000000   Code   RO         7413    .ARM.Collect$$libshutdown$$0000000E  c_w.l(libshutdown2.o)
    0x08000252   0x00000002   Code   RO         7414    .ARM.Collect$$libshutdown$$0000000F  c_w.l(libshutdown2.o)
    0x08000254   0x00000000   Code   RO         7037    .ARM.Collect$$rtentry$$00000000  c_w.l(__rtentry.o)
    0x08000254   0x00000000   Code   RO         7201    .ARM.Collect$$rtentry$$00000002  c_w.l(__rtentry2.o)
    0x08000254   0x00000006   Code   RO         7213    .ARM.Collect$$rtentry$$00000004  c_w.l(__rtentry4.o)
    0x0800025a   0x00000000   Code   RO         7203    .ARM.Collect$$rtentry$$00000009  c_w.l(__rtentry2.o)
    0x0800025a   0x00000004   Code   RO         7204    .ARM.Collect$$rtentry$$0000000A  c_w.l(__rtentry2.o)
    0x0800025e   0x00000000   Code   RO         7206    .ARM.Collect$$rtentry$$0000000C  c_w.l(__rtentry2.o)
    0x0800025e   0x00000008   Code   RO         7207    .ARM.Collect$$rtentry$$0000000D  c_w.l(__rtentry2.o)
    0x08000266   0x00000002   Code   RO         7304    .ARM.Collect$$rtexit$$00000000  c_w.l(rtexit.o)
    0x08000268   0x00000000   Code   RO         7361    .ARM.Collect$$rtexit$$00000002  c_w.l(rtexit2.o)
    0x08000268   0x00000004   Code   RO         7362    .ARM.Collect$$rtexit$$00000003  c_w.l(rtexit2.o)
    0x0800026c   0x00000006   Code   RO         7363    .ARM.Collect$$rtexit$$00000004  c_w.l(rtexit2.o)
    0x08000272   0x00000002   PAD
    0x08000274   0x00000096   Code   RO         4265    .emb_text           port.o
    0x0800030a   0x00000002   PAD
    0x0800030c   0x00000006   Code   RO         5148    .emb_text           embedi_delay.o
    0x08000312   0x00000002   PAD
    0x08000314   0x00000040   Code   RO            4    .text               startup_stm32f103xb.o
    0x08000354   0x00000002   Code   RO         6933    .text               c_w.l(use_no_semi_2.o)
    0x08000356   0x00000026   Code   RO         6935    .text               c_w.l(llushr.o)
    0x0800037c   0x00000034   Code   RO         6939    .text               c_w.l(vsnprintf.o)
    0x080003b0   0x0000008a   Code   RO         6943    .text               c_w.l(rt_memcpy_v6.o)
    0x0800043a   0x00000064   Code   RO         6945    .text               c_w.l(rt_memcpy_w.o)
    0x0800049e   0x0000004e   Code   RO         6951    .text               c_w.l(rt_memclr_w.o)
    0x080004ec   0x00000006   Code   RO         6953    .text               c_w.l(heapauxi.o)
    0x080004f2   0x00000002   Code   RO         7035    .text               c_w.l(use_no_semi.o)
    0x080004f4   0x0000004e   Code   RO         7044    .text               c_w.l(_printf_pad.o)
    0x08000542   0x00000024   Code   RO         7046    .text               c_w.l(_printf_truncate.o)
    0x08000566   0x00000052   Code   RO         7048    .text               c_w.l(_printf_str.o)
    0x080005b8   0x00000078   Code   RO         7050    .text               c_w.l(_printf_dec.o)
    0x08000630   0x00000028   Code   RO         7052    .text               c_w.l(_printf_charcount.o)
    0x08000658   0x00000030   Code   RO         7054    .text               c_w.l(_printf_char_common.o)
    0x08000688   0x0000000a   Code   RO         7056    .text               c_w.l(_sputc.o)
    0x08000692   0x00000010   Code   RO         7058    .text               c_w.l(_snputc.o)
    0x080006a2   0x00000002   PAD
    0x080006a4   0x000000bc   Code   RO         7060    .text               c_w.l(_printf_wctomb.o)
    0x08000760   0x0000007c   Code   RO         7063    .text               c_w.l(_printf_longlong_dec.o)
    0x080007dc   0x00000070   Code   RO         7069    .text               c_w.l(_printf_oct_int_ll.o)
    0x0800084c   0x00000094   Code   RO         7089    .text               c_w.l(_printf_hex_int_ll_ptr.o)
    0x080008e0   0x00000188   Code   RO         7109    .text               c_w.l(__printf_flags_ss_wp.o)
    0x08000a68   0x0000008a   Code   RO         7224    .text               c_w.l(lludiv10.o)
    0x08000af2   0x000000b2   Code   RO         7226    .text               c_w.l(_printf_intcommon.o)
    0x08000ba4   0x0000041a   Code   RO         7228    .text               c_w.l(_printf_fp_dec.o)
    0x08000fbe   0x00000002   PAD
    0x08000fc0   0x000002fc   Code   RO         7230    .text               c_w.l(_printf_fp_hex.o)
    0x080012bc   0x0000002c   Code   RO         7235    .text               c_w.l(_printf_char.o)
    0x080012e8   0x0000002c   Code   RO         7237    .text               c_w.l(_printf_wchar.o)
    0x08001314   0x00000040   Code   RO         7240    .text               c_w.l(_wcrtomb.o)
    0x08001354   0x00000008   Code   RO         7248    .text               c_w.l(libspace.o)
    0x0800135c   0x0000004a   Code   RO         7251    .text               c_w.l(sys_stackheap_outer.o)
    0x080013a6   0x00000002   PAD
    0x080013a8   0x00000010   Code   RO         7253    .text               c_w.l(rt_ctype_table.o)
    0x080013b8   0x00000008   Code   RO         7260    .text               c_w.l(rt_locale_intlibspace.o)
    0x080013c0   0x00000080   Code   RO         7262    .text               c_w.l(_printf_fp_infnan.o)
    0x08001440   0x000000dc   Code   RO         7264    .text               c_w.l(bigflt0.o)
    0x0800151c   0x0000000c   Code   RO         7292    .text               c_w.l(exit.o)
    0x08001528   0x00000080   Code   RO         7313    .text               c_w.l(strcmpv7m.o)
    0x080015a8   0x0000003e   Code   RO         7267    CL$$btod_d2e        c_w.l(btod.o)
    0x080015e6   0x00000046   Code   RO         7269    CL$$btod_d2e_denorm_low  c_w.l(btod.o)
    0x0800162c   0x00000060   Code   RO         7268    CL$$btod_d2e_norm_op1  c_w.l(btod.o)
    0x0800168c   0x00000338   Code   RO         7277    CL$$btod_div_common  c_w.l(btod.o)
    0x080019c4   0x000000c6   Code   RO         7274    CL$$btod_e2e        c_w.l(btod.o)
    0x08001a8a   0x00000028   Code   RO         7271    CL$$btod_ediv       c_w.l(btod.o)
    0x08001ab2   0x00000028   Code   RO         7270    CL$$btod_emul       c_w.l(btod.o)
    0x08001ada   0x00000244   Code   RO         7276    CL$$btod_mult_common  c_w.l(btod.o)
    0x08001d1e   0x00000002   PAD
    0x08001d20   0x00000056   Code   RO         2285    i.ADC_ConversionStop_Disable  stm32f1xx_hal_adc.o
    0x08001d76   0x0000004e   Code   RO         2286    i.ADC_DMAConvCplt   stm32f1xx_hal_adc.o
    0x08001dc4   0x0000001a   Code   RO         2287    i.ADC_DMAError      stm32f1xx_hal_adc.o
    0x08001dde   0x0000000a   Code   RO         2288    i.ADC_DMAHalfConvCplt  stm32f1xx_hal_adc.o
    0x08001de8   0x0000007c   Code   RO         2289    i.ADC_Enable        stm32f1xx_hal_adc.o
    0x08001e64   0x00000002   Code   RO          278    i.BusFault_Handler  stm32f1xx_it.o
    0x08001e66   0x00000004   Code   RO          543    i.CDC_Control_FS    usbd_cdc_if.o
    0x08001e6a   0x00000004   Code   RO          544    i.CDC_DeInit_FS     usbd_cdc_if.o
    0x08001e6e   0x00000002   PAD
    0x08001e70   0x00000024   Code   RO          545    i.CDC_Init_FS       usbd_cdc_if.o
    0x08001e94   0x00000018   Code   RO          546    i.CDC_Receive_FS    usbd_cdc_if.o
    0x08001eac   0x0000002c   Code   RO          547    i.CDC_Transmit_FS   usbd_cdc_if.o
    0x08001ed8   0x0000000c   Code   RO          279    i.DMA1_Channel1_IRQHandler  stm32f1xx_it.o
    0x08001ee4   0x0000002a   Code   RO         1688    i.DMA_SetConfig     stm32f1xx_hal_dma.o
    0x08001f0e   0x00000002   Code   RO          280    i.DebugMon_Handler  stm32f1xx_it.o
    0x08001f10   0x00000008   Code   RO          281    i.EXTI15_10_IRQHandler  stm32f1xx_it.o
    0x08001f18   0x00000004   Code   RO           13    i.Error_Handler     main.o
    0x08001f1c   0x00000024   Code   RO         2128    i.FLASH_MassErase   stm32f1xx_hal_flash_ex.o
    0x08001f40   0x00000024   Code   RO         2133    i.FLASH_PageErase   stm32f1xx_hal_flash_ex.o
    0x08001f64   0x0000001c   Code   RO         2025    i.FLASH_Program_HalfWord  stm32f1xx_hal_flash.o
    0x08001f80   0x0000005c   Code   RO         2026    i.FLASH_SetErrorCode  stm32f1xx_hal_flash.o
    0x08001fdc   0x00000054   Code   RO         2027    i.FLASH_WaitForLastOperation  stm32f1xx_hal_flash.o
    0x08002030   0x000000fc   Code   RO         2291    i.HAL_ADC_ConfigChannel  stm32f1xx_hal_adc.o
    0x0800212c   0x00000002   Code   RO         2292    i.HAL_ADC_ConvCpltCallback  stm32f1xx_hal_adc.o
    0x0800212e   0x00000002   Code   RO         2293    i.HAL_ADC_ConvHalfCpltCallback  stm32f1xx_hal_adc.o
    0x08002130   0x00000002   Code   RO         2295    i.HAL_ADC_ErrorCallback  stm32f1xx_hal_adc.o
    0x08002132   0x00000002   PAD
    0x08002134   0x0000011c   Code   RO         2300    i.HAL_ADC_Init      stm32f1xx_hal_adc.o
    0x08002250   0x000000b0   Code   RO          361    i.HAL_ADC_MspInit   stm32f1xx_hal_msp.o
    0x08002300   0x0000010c   Code   RO         2307    i.HAL_ADC_Start_DMA  stm32f1xx_hal_adc.o
    0x0800240c   0x00000154   Code   RO         1694    i.HAL_DMA_IRQHandler  stm32f1xx_hal_dma.o
    0x08002560   0x0000005c   Code   RO         1695    i.HAL_DMA_Init      stm32f1xx_hal_dma.o
    0x080025bc   0x00000070   Code   RO         1699    i.HAL_DMA_Start_IT  stm32f1xx_hal_dma.o
    0x0800262c   0x000000a8   Code   RO         2134    i.HAL_FLASHEx_Erase  stm32f1xx_hal_flash_ex.o
    0x080026d4   0x00000014   Code   RO         2031    i.HAL_FLASH_Lock    stm32f1xx_hal_flash.o
    0x080026e8   0x00000080   Code   RO         2036    i.HAL_FLASH_Program  stm32f1xx_hal_flash.o
    0x08002768   0x00000028   Code   RO         2038    i.HAL_FLASH_Unlock  stm32f1xx_hal_flash.o
    0x08002790   0x00000004   Code   RO         6392    i.HAL_GPIO_EXTI_Callback  embedi_system.o
    0x08002794   0x00000018   Code   RO         1624    i.HAL_GPIO_EXTI_IRQHandler  stm32f1xx_hal_gpio.o
    0x080027ac   0x000001e0   Code   RO         1625    i.HAL_GPIO_Init     stm32f1xx_hal_gpio.o
    0x0800298c   0x0000000a   Code   RO         1627    i.HAL_GPIO_ReadPin  stm32f1xx_hal_gpio.o
    0x08002996   0x0000000a   Code   RO         1629    i.HAL_GPIO_WritePin  stm32f1xx_hal_gpio.o
    0x080029a0   0x0000000c   Code   RO         1319    i.HAL_GetTick       stm32f1xx_hal.o
    0x080029ac   0x00000010   Code   RO         1325    i.HAL_IncTick       stm32f1xx_hal.o
    0x080029bc   0x00000024   Code   RO         1326    i.HAL_Init          stm32f1xx_hal.o
    0x080029e0   0x00000040   Code   RO         1327    i.HAL_InitTick      stm32f1xx_hal.o
    0x08002a20   0x00000048   Code   RO          362    i.HAL_MspInit       stm32f1xx_hal_msp.o
    0x08002a68   0x0000001a   Code   RO         1785    i.HAL_NVIC_EnableIRQ  stm32f1xx_hal_cortex.o
    0x08002a82   0x00000002   PAD
    0x08002a84   0x00000040   Code   RO         1791    i.HAL_NVIC_SetPriority  stm32f1xx_hal_cortex.o
    0x08002ac4   0x00000024   Code   RO         1792    i.HAL_NVIC_SetPriorityGrouping  stm32f1xx_hal_cortex.o
    0x08002ae8   0x0000003c   Code   RO         1082    i.HAL_PCDEx_PMAConfig  stm32f1xx_hal_pcd_ex.o
    0x08002b24   0x00000002   Code   RO          595    i.HAL_PCDEx_SetConnectionState  usbd_conf.o
    0x08002b26   0x00000012   Code   RO          597    i.HAL_PCD_DataInStageCallback  usbd_conf.o
    0x08002b38   0x00000014   Code   RO          598    i.HAL_PCD_DataOutStageCallback  usbd_conf.o
    0x08002b4c   0x0000004c   Code   RO          853    i.HAL_PCD_EP_Close  stm32f1xx_hal_pcd.o
    0x08002b98   0x0000005c   Code   RO          854    i.HAL_PCD_EP_ClrStall  stm32f1xx_hal_pcd.o
    0x08002bf4   0x000000e6   Code   RO          855    i.HAL_PCD_EP_DB_Receive  stm32f1xx_hal_pcd.o
    0x08002cda   0x00000338   Code   RO          856    i.HAL_PCD_EP_DB_Transmit  stm32f1xx_hal_pcd.o
    0x08003012   0x00000012   Code   RO          858    i.HAL_PCD_EP_GetRxCount  stm32f1xx_hal_pcd.o
    0x08003024   0x0000005a   Code   RO          859    i.HAL_PCD_EP_Open   stm32f1xx_hal_pcd.o
    0x0800307e   0x0000002e   Code   RO          860    i.HAL_PCD_EP_Receive  stm32f1xx_hal_pcd.o
    0x080030ac   0x00000072   Code   RO          861    i.HAL_PCD_EP_SetStall  stm32f1xx_hal_pcd.o
    0x0800311e   0x00000030   Code   RO          862    i.HAL_PCD_EP_Transmit  stm32f1xx_hal_pcd.o
    0x0800314e   0x00000002   PAD
    0x08003150   0x00000134   Code   RO          864    i.HAL_PCD_IRQHandler  stm32f1xx_hal_pcd.o
    0x08003284   0x000000da   Code   RO          867    i.HAL_PCD_Init      stm32f1xx_hal_pcd.o
    0x0800335e   0x00000002   PAD
    0x08003360   0x0000003c   Code   RO          603    i.HAL_PCD_MspInit   usbd_conf.o
    0x0800339c   0x00000026   Code   RO          604    i.HAL_PCD_ResetCallback  usbd_conf.o
    0x080033c2   0x00000008   Code   RO          605    i.HAL_PCD_ResumeCallback  usbd_conf.o
    0x080033ca   0x00000008   Code   RO          606    i.HAL_PCD_SOFCallback  usbd_conf.o
    0x080033d2   0x00000028   Code   RO          873    i.HAL_PCD_SetAddress  stm32f1xx_hal_pcd.o
    0x080033fa   0x0000000e   Code   RO          607    i.HAL_PCD_SetupStageCallback  usbd_conf.o
    0x08003408   0x00000032   Code   RO          875    i.HAL_PCD_Start     stm32f1xx_hal_pcd.o
    0x0800343a   0x00000002   PAD
    0x0800343c   0x00000024   Code   RO          608    i.HAL_PCD_SuspendCallback  usbd_conf.o
    0x08003460   0x000000ec   Code   RO         1587    i.HAL_RCCEx_PeriphCLKConfig  stm32f1xx_hal_rcc_ex.o
    0x0800354c   0x0000012c   Code   RO         1483    i.HAL_RCC_ClockConfig  stm32f1xx_hal_rcc.o
    0x08003678   0x0000004c   Code   RO         1492    i.HAL_RCC_GetSysClockFreq  stm32f1xx_hal_rcc.o
    0x080036c4   0x00000320   Code   RO         1495    i.HAL_RCC_OscConfig  stm32f1xx_hal_rcc.o
    0x080039e4   0x000000b2   Code   RO         2572    i.HAL_SPI_Init      stm32f1xx_hal_spi.o
    0x08003a96   0x00000002   PAD
    0x08003a98   0x00000070   Code   RO          364    i.HAL_SPI_MspInit   stm32f1xx_hal_msp.o
    0x08003b08   0x000001ee   Code   RO         2581    i.HAL_SPI_TransmitReceive  stm32f1xx_hal_spi.o
    0x08003cf6   0x00000028   Code   RO         1796    i.HAL_SYSTICK_Config  stm32f1xx_hal_cortex.o
    0x08003d1e   0x00000002   Code   RO          282    i.HardFault_Handler  stm32f1xx_it.o
    0x08003d20   0x00000038   Code   RO          457    i.IntToUnicode      usbd_desc.o
    0x08003d58   0x000000a4   Code   RO           14    i.MX_ADC1_Init      main.o
    0x08003dfc   0x000000d0   Code   RO           15    i.MX_GPIO_Init      main.o
    0x08003ecc   0x00000044   Code   RO           16    i.MX_SPI1_Init      main.o
    0x08003f10   0x00000054   Code   RO          409    i.MX_USB_DEVICE_Init  usb_device.o
    0x08003f64   0x00000002   Code   RO          283    i.MemManage_Handler  stm32f1xx_it.o
    0x08003f66   0x00000002   Code   RO          284    i.NMI_Handler       stm32f1xx_it.o
    0x08003f68   0x000003ac   Code   RO          879    i.PCD_EP_ISR_Handler  stm32f1xx_hal_pcd.o
    0x08004314   0x00000020   Code   RO         2610    i.SPI_EndRxTxTransaction  stm32f1xx_hal_spi.o
    0x08004334   0x000000b8   Code   RO         2615    i.SPI_WaitFlagStateUntilTimeout  stm32f1xx_hal_spi.o
    0x080043ec   0x0000000c   Code   RO           17    i.StartDefaultTask  main.o
    0x080043f8   0x00000018   Code   RO          285    i.SysTick_Handler   stm32f1xx_it.o
    0x08004410   0x0000007c   Code   RO           18    i.SystemClock_Config  main.o
    0x0800448c   0x00000002   Code   RO         2920    i.SystemInit        system_stm32f1xx.o
    0x0800448e   0x00000046   Code   RO         4608    i.USBD_CDC_DataIn   usbd_cdc.o
    0x080044d4   0x0000002e   Code   RO         4609    i.USBD_CDC_DataOut  usbd_cdc.o
    0x08004502   0x00000044   Code   RO         4610    i.USBD_CDC_DeInit   usbd_cdc.o
    0x08004546   0x00000024   Code   RO         4611    i.USBD_CDC_EP0_RxReady  usbd_cdc.o
    0x0800456a   0x00000002   PAD
    0x0800456c   0x0000000c   Code   RO         4612    i.USBD_CDC_GetDeviceQualifierDescriptor  usbd_cdc.o
    0x08004578   0x0000000c   Code   RO         4613    i.USBD_CDC_GetFSCfgDesc  usbd_cdc.o
    0x08004584   0x0000000c   Code   RO         4614    i.USBD_CDC_GetHSCfgDesc  usbd_cdc.o
    0x08004590   0x0000000c   Code   RO         4615    i.USBD_CDC_GetOtherSpeedCfgDesc  usbd_cdc.o
    0x0800459c   0x00000094   Code   RO         4616    i.USBD_CDC_Init     usbd_cdc.o
    0x08004630   0x00000028   Code   RO         4617    i.USBD_CDC_ReceivePacket  usbd_cdc.o
    0x08004658   0x00000010   Code   RO         4618    i.USBD_CDC_RegisterInterface  usbd_cdc.o
    0x08004668   0x0000000c   Code   RO         4619    i.USBD_CDC_SetRxBuffer  usbd_cdc.o
    0x08004674   0x00000010   Code   RO         4620    i.USBD_CDC_SetTxBuffer  usbd_cdc.o
    0x08004684   0x000000ac   Code   RO         4621    i.USBD_CDC_Setup    usbd_cdc.o
    0x08004730   0x00000036   Code   RO         4622    i.USBD_CDC_TransmitPacket  usbd_cdc.o
    0x08004766   0x0000000e   Code   RO         4345    i.USBD_ClrClassConfig  usbd_core.o
    0x08004774   0x00000010   Code   RO         4548    i.USBD_CtlContinueRx  usbd_ioreq.o
    0x08004784   0x00000010   Code   RO         4549    i.USBD_CtlContinueSendData  usbd_ioreq.o
    0x08004794   0x00000016   Code   RO         4483    i.USBD_CtlError     usbd_ctlreq.o
    0x080047aa   0x0000001e   Code   RO         4550    i.USBD_CtlPrepareRx  usbd_ioreq.o
    0x080047c8   0x00000016   Code   RO         4551    i.USBD_CtlReceiveStatus  usbd_ioreq.o
    0x080047de   0x0000001a   Code   RO         4552    i.USBD_CtlSendData  usbd_ioreq.o
    0x080047f8   0x00000016   Code   RO         4553    i.USBD_CtlSendStatus  usbd_ioreq.o
    0x0800480e   0x00000002   PAD
    0x08004810   0x00000020   Code   RO          458    i.USBD_FS_ConfigStrDescriptor  usbd_desc.o
    0x08004830   0x0000000c   Code   RO          459    i.USBD_FS_DeviceDescriptor  usbd_desc.o
    0x0800483c   0x00000024   Code   RO          460    i.USBD_FS_InterfaceStrDescriptor  usbd_desc.o
    0x08004860   0x0000000c   Code   RO          461    i.USBD_FS_LangIDStrDescriptor  usbd_desc.o
    0x0800486c   0x00000028   Code   RO          462    i.USBD_FS_ManufacturerStrDescriptor  usbd_desc.o
    0x08004894   0x0000002c   Code   RO          463    i.USBD_FS_ProductStrDescriptor  usbd_desc.o
    0x080048c0   0x00000038   Code   RO          464    i.USBD_FS_SerialStrDescriptor  usbd_desc.o
    0x080048f8   0x000000e8   Code   RO         4484    i.USBD_GetDescriptor  usbd_ctlreq.o
    0x080049e0   0x00000048   Code   RO         4485    i.USBD_GetString    usbd_ctlreq.o
    0x08004a28   0x00000018   Code   RO          609    i.USBD_Get_USB_Status  usbd_conf.o
    0x08004a40   0x0000002a   Code   RO         4347    i.USBD_Init         usbd_core.o
    0x08004a6a   0x00000012   Code   RO          610    i.USBD_LL_ClearStallEP  usbd_conf.o
    0x08004a7c   0x00000012   Code   RO          611    i.USBD_LL_CloseEP   usbd_conf.o
    0x08004a8e   0x000000c6   Code   RO         4348    i.USBD_LL_DataInStage  usbd_core.o
    0x08004b54   0x00000082   Code   RO         4349    i.USBD_LL_DataOutStage  usbd_core.o
    0x08004bd6   0x00000008   Code   RO          615    i.USBD_LL_GetRxDataSize  usbd_conf.o
    0x08004bde   0x00000002   PAD
    0x08004be0   0x00000080   Code   RO          616    i.USBD_LL_Init      usbd_conf.o
    0x08004c60   0x00000020   Code   RO          617    i.USBD_LL_IsStallEP  usbd_conf.o
    0x08004c80   0x00000018   Code   RO          618    i.USBD_LL_OpenEP    usbd_conf.o
    0x08004c98   0x00000012   Code   RO          619    i.USBD_LL_PrepareReceive  usbd_conf.o
    0x08004caa   0x00000050   Code   RO         4354    i.USBD_LL_Reset     usbd_core.o
    0x08004cfa   0x00000014   Code   RO         4355    i.USBD_LL_Resume    usbd_core.o
    0x08004d0e   0x00000018   Code   RO         4356    i.USBD_LL_SOF       usbd_core.o
    0x08004d26   0x00000006   Code   RO         4357    i.USBD_LL_SetSpeed  usbd_core.o
    0x08004d2c   0x00000012   Code   RO          620    i.USBD_LL_SetUSBAddress  usbd_conf.o
    0x08004d3e   0x0000005a   Code   RO         4358    i.USBD_LL_SetupStage  usbd_core.o
    0x08004d98   0x00000012   Code   RO          621    i.USBD_LL_StallEP   usbd_conf.o
    0x08004daa   0x00000012   Code   RO          622    i.USBD_LL_Start     usbd_conf.o
    0x08004dbc   0x00000012   Code   RO         4359    i.USBD_LL_Suspend   usbd_core.o
    0x08004dce   0x00000012   Code   RO          624    i.USBD_LL_Transmit  usbd_conf.o
    0x08004de0   0x00000028   Code   RO         4486    i.USBD_ParseSetupRequest  usbd_ctlreq.o
    0x08004e08   0x00000010   Code   RO         4360    i.USBD_RegisterClass  usbd_core.o
    0x08004e18   0x00000016   Code   RO         4362    i.USBD_SetClassConfig  usbd_core.o
    0x08004e2e   0x00000002   PAD
    0x08004e30   0x00000084   Code   RO         4487    i.USBD_SetConfig    usbd_ctlreq.o
    0x08004eb4   0x0000000a   Code   RO         4363    i.USBD_Start        usbd_core.o
    0x08004ebe   0x00000112   Code   RO         4488    i.USBD_StdDevReq    usbd_ctlreq.o
    0x08004fd0   0x00000150   Code   RO         4489    i.USBD_StdEPReq     usbd_ctlreq.o
    0x08005120   0x0000004e   Code   RO         4490    i.USBD_StdItfReq    usbd_ctlreq.o
    0x0800516e   0x00000002   Code   RO          625    i.USBD_static_free  usbd_conf.o
    0x08005170   0x00000008   Code   RO          626    i.USBD_static_malloc  usbd_conf.o
    0x08005178   0x0000029c   Code   RO         1122    i.USB_ActivateEndpoint  stm32f1xx_ll_usb.o
    0x08005414   0x00000004   Code   RO         1125    i.USB_CoreInit      stm32f1xx_ll_usb.o
    0x08005418   0x0000010e   Code   RO         1127    i.USB_DeactivateEndpoint  stm32f1xx_ll_usb.o
    0x08005526   0x00000004   Code   RO         1128    i.USB_DevConnect    stm32f1xx_ll_usb.o
    0x0800552a   0x00000004   Code   RO         1129    i.USB_DevDisconnect  stm32f1xx_ll_usb.o
    0x0800552e   0x00000012   Code   RO         1130    i.USB_DevInit       stm32f1xx_ll_usb.o
    0x08005540   0x0000000e   Code   RO         1131    i.USB_DisableGlobalInt  stm32f1xx_ll_usb.o
    0x0800554e   0x00000004   Code   RO         1132    i.USB_EP0_OutStart  stm32f1xx_ll_usb.o
    0x08005552   0x00000078   Code   RO         1133    i.USB_EPClearStall  stm32f1xx_ll_usb.o
    0x080055ca   0x00000032   Code   RO         1134    i.USB_EPSetStall    stm32f1xx_ll_usb.o
    0x080055fc   0x000004e2   Code   RO         1135    i.USB_EPStartXfer   stm32f1xx_ll_usb.o
    0x08005ade   0x00000012   Code   RO         1137    i.USB_EnableGlobalInt  stm32f1xx_ll_usb.o
    0x08005af0   0x0000000c   Code   RO          286    i.USB_LP_CAN1_RX0_IRQHandler  stm32f1xx_it.o
    0x08005afc   0x00000006   Code   RO         1144    i.USB_ReadInterrupts  stm32f1xx_ll_usb.o
    0x08005b02   0x00000002   PAD
    0x08005b04   0x0000002c   Code   RO         1145    i.USB_ReadPMA       stm32f1xx_ll_usb.o
    0x08005b30   0x00000004   Code   RO         1146    i.USB_SetCurrentMode  stm32f1xx_ll_usb.o
    0x08005b34   0x0000000c   Code   RO         1147    i.USB_SetDevAddress  stm32f1xx_ll_usb.o
    0x08005b40   0x00000026   Code   RO         1149    i.USB_WritePMA      stm32f1xx_ll_usb.o
    0x08005b66   0x00000002   Code   RO          287    i.UsageFault_Handler  stm32f1xx_it.o
    0x08005b68   0x00000028   Code   RO         7188    i.__ARM_fpclassify  m_ws.l(fpclassify.o)
    0x08005b90   0x00000020   Code   RO         1798    i.__NVIC_SetPriority  stm32f1xx_hal_cortex.o
    0x08005bb0   0x00000010   Code   RO         6478    i.__spi_init        embedi_spi.o
    0x08005bc0   0x00000198   Code   RO         6053    i._accel_callibratin  embedi_imu.o
    0x08005d58   0x00000064   Code   RO         6054    i._accel_data_collection  embedi_imu.o
    0x08005dbc   0x00000060   Code   RO         6055    i._accel_data_standardize  embedi_imu.o
    0x08005e1c   0x00000014   Code   RO         6871    i._adc_init         embedi_adc.o
    0x08005e30   0x0000001e   Code   RO         5412    i._bmp280_config_imu_slave  embedi_bmp280.o
    0x08005e4e   0x00000002   PAD
    0x08005e50   0x00000144   Code   RO         6057    i._gyro_callibratin  embedi_imu.o
    0x08005f94   0x00000068   Code   RO         6058    i._gyro_data_collection  embedi_imu.o
    0x08005ffc   0x00000058   Code   RO         6059    i._gyro_data_standardize  embedi_imu.o
    0x08006054   0x0000006c   Code   RO         5233    i._i2c_read         embedi_i2c.o
    0x080060c0   0x00000056   Code   RO         5234    i._i2c_write        embedi_i2c.o
    0x08006116   0x0000000e   Code   RO         7102    i._is_digit         c_w.l(__printf_wp.o)
    0x08006124   0x00000078   Code   RO         6715    i._nrf24l01_rx_task_function  embedi_nrf24l01.o
    0x0800619c   0x000000a4   Code   RO         6716    i._nrf24l01_tx_task_function  embedi_nrf24l01.o
    0x08006240   0x000000d8   Code   RO         5235    i._read_byte        embedi_i2c.o
    0x08006318   0x00000070   Code   RO         6060    i._read_from_flash  embedi_imu.o
    0x08006388   0x00000118   Code   RO         6546    i._remoter_task_function  embedi_remoter.o
    0x080064a0   0x00000084   Code   RO         5236    i._send_byte        embedi_i2c.o
    0x08006524   0x00000154   Code   RO         5500    i._set_sensors      inv_mpu.o
    0x08006678   0x0000001e   Code   RO         5449    i._spl06_config_imu_slave  embedi_spl06.o
    0x08006696   0x00000006   Code   RO         5450    i._spl06_enable_sensor  embedi_spl06.o
    0x0800669c   0x000000d8   Code   RO         5451    i._spl06_init       embedi_spl06.o
    0x08006774   0x00000004   Code   RO         5452    i._spl06_read_data  embedi_spl06.o
    0x08006778   0x00000074   Code   RO         5453    i._spl06_set_sample_rate  embedi_spl06.o
    0x080067ec   0x000000f8   Code   RO         5237    i._start            embedi_i2c.o
    0x080068e4   0x000000f8   Code   RO         5238    i._stop             embedi_i2c.o
    0x080069dc   0x00000002   Code   RO         6593    i._sys_exit         embedi_printf.o
    0x080069de   0x00000002   PAD
    0x080069e0   0x0000008c   Code   RO         5239    i._wait_ack         embedi_i2c.o
    0x08006a6c   0x0000002c   Code   RO         5188    i._write_data       embedi_flash.o
    0x08006a98   0x00000100   Code   RO         6061    i._write_to_flash   embedi_imu.o
    0x08006b98   0x000000b4   Code   RO         4717    i.embedi_2d_kalman_init  embedi_2d_kalman.o
    0x08006c4c   0x00000098   Code   RO         4781    i.embedi_6d_kalman_init  embedi_6d_kalman.o
    0x08006ce4   0x00000008   Code   RO         5349    i.embedi_baro_init  embedi_baro.o
    0x08006cec   0x00000068   Code   RO         5350    i.embedi_baro_register_operations  embedi_baro.o
    0x08006d54   0x000000a0   Code   RO         5413    i.embedi_bmp280_init  embedi_bmp280.o
    0x08006df4   0x00000018   Code   RO         5351    i.embedi_config_baro_as_slave  embedi_baro.o
    0x08006e0c   0x00000018   Code   RO         6062    i.embedi_configure_fifo  embedi_imu.o
    0x08006e24   0x00000078   Code   RO         4856    i.embedi_create_eye_matrix  embedi_math.o
    0x08006e9c   0x0000006c   Code   RO         4857    i.embedi_create_matrix  embedi_math.o
    0x08006f08   0x0000000a   Code   RO         5149    i.embedi_delay_ms   embedi_delay.o
    0x08006f12   0x0000000c   Code   RO         5150    i.embedi_delay_us   embedi_delay.o
    0x08006f1e   0x00000002   PAD
    0x08006f20   0x00000018   Code   RO         6063    i.embedi_enable_sensor  embedi_imu.o
    0x08006f38   0x00000058   Code   RO         6064    i.embedi_get_accel_data  embedi_imu.o
    0x08006f90   0x00000018   Code   RO         6065    i.embedi_get_accel_fsr  embedi_imu.o
    0x08006fa8   0x00000018   Code   RO         6066    i.embedi_get_accel_sens  embedi_imu.o
    0x08006fc0   0x00000064   Code   RO         6872    i.embedi_get_adc_value  embedi_adc.o
    0x08007024   0x00000058   Code   RO         6070    i.embedi_get_gyro_data  embedi_imu.o
    0x0800707c   0x00000018   Code   RO         6071    i.embedi_get_gyro_fsr  embedi_imu.o
    0x08007094   0x00000018   Code   RO         6072    i.embedi_get_gyro_sens  embedi_imu.o
    0x080070ac   0x00000070   Code   RO         6909    i.embedi_get_joystick_data  embedi_joystick.o
    0x0800711c   0x0000000c   Code   RO         6393    i.embedi_get_run_state  embedi_system.o
    0x08007128   0x00000018   Code   RO         6075    i.embedi_get_s2s3_data  embedi_imu.o
    0x08007140   0x00000018   Code   RO         6076    i.embedi_get_sample_rate  embedi_imu.o
    0x08007158   0x0000000e   Code   RO         5151    i.embedi_get_systick  embedi_delay.o
    0x08007166   0x00000004   Code   RO         5240    i.embedi_i2c_read_block  embedi_i2c.o
    0x0800716a   0x00000008   Code   RO         5241    i.embedi_i2c_read_byte  embedi_i2c.o
    0x08007172   0x00000004   Code   RO         5242    i.embedi_i2c_write_block  embedi_i2c.o
    0x08007176   0x00000010   Code   RO         5243    i.embedi_i2c_write_byte  embedi_i2c.o
    0x08007186   0x0000001a   Code   RO         6077    i.embedi_imu_calibration  embedi_imu.o
    0x080071a0   0x00000020   Code   RO         6078    i.embedi_imu_config_slave  embedi_imu.o
    0x080071c0   0x00000018   Code   RO         6080    i.embedi_imu_hardware_init  embedi_imu.o
    0x080071d8   0x000000b8   Code   RO         6081    i.embedi_imu_init   embedi_imu.o
    0x08007290   0x00000064   Code   RO         6082    i.embedi_imu_register_operations  embedi_imu.o
    0x080072f4   0x00000018   Code   RO         6083    i.embedi_imu_set_bypass  embedi_imu.o
    0x0800730c   0x00000024   Code   RO         6351    i.embedi_irq_call   embedi_module_init.o
    0x08007330   0x00000042   Code   RO         4863    i.embedi_matrix_scale  embedi_math.o
    0x08007372   0x00000002   PAD
    0x08007374   0x00000104   Code   RO         6352    i.embedi_module_init  embedi_module_init.o
    0x08007478   0x00000002   Code   RO         5020    i.embedi_quadrotor_init  embedi_quadrotor.o
    0x0800747a   0x00000002   PAD
    0x0800747c   0x00000018   Code   RO         6084    i.embedi_read_accel_data  embedi_imu.o
    0x08007494   0x0000001a   Code   RO         5190    i.embedi_read_flash  embedi_flash.o
    0x080074ae   0x00000002   PAD
    0x080074b0   0x00000018   Code   RO         6086    i.embedi_read_gyro_data  embedi_imu.o
    0x080074c8   0x00000078   Code   RO         6547    i.embedi_remoter_init  embedi_remoter.o
    0x08007540   0x00000014   Code   RO         5353    i.embedi_set_baro_sample_rate  embedi_baro.o
    0x08007554   0x00000018   Code   RO         6087    i.embedi_set_imu_sample_rate  embedi_imu.o
    0x0800756c   0x00000018   Code   RO         6088    i.embedi_set_mag_sample_rate  embedi_imu.o
    0x08007584   0x0000000c   Code   RO         6394    i.embedi_set_run_state  embedi_system.o
    0x08007590   0x00000004   Code   RO         6395    i.embedi_system_init  embedi_system.o
    0x08007594   0x00000002   Code   RO         5317    i.embedi_uart_init  embedi_uart.o
    0x08007596   0x00000002   PAD
    0x08007598   0x0000002c   Code   RO         6089    i.embedi_update_imu_data_buff  embedi_imu.o
    0x080075c4   0x00000002   Code   RO         5086    i.embedi_wheels_init  embedi_wheels.o
    0x080075c6   0x00000002   PAD
    0x080075c8   0x00000110   Code   RO         5191    i.embedi_write_flash  embedi_flash.o
    0x080076d8   0x00000028   Code   RO         6667    i.host_uart_receive_callback  embedi_host.o
    0x08007700   0x0000001c   Code   RO         5087    i.imu_irq_cb        embedi_wheels.o
    0x0800771c   0x0000000c   Code   RO         3847    i.inHandlerMode     cmsis_os.o
    0x08007728   0x000000e4   Code   RO         5506    i.inv_config_slave  inv_mpu.o
    0x0800780c   0x0000000c   Code   RO         5507    i.inv_imu_init      inv_mpu.o
    0x08007818   0x0000003c   Code   RO         5088    i.key_irq_cb        embedi_wheels.o
    0x08007854   0x00000064   Code   RO           19    i.main              main.o
    0x080078b8   0x0000000c   Code   RO         3849    i.makeFreeRtosPriority  cmsis_os.o
    0x080078c4   0x00000002   Code   RO         6287    i.motor_init        embedi_motor.o
    0x080078c6   0x00000002   PAD
    0x080078c8   0x00000054   Code   RO         5508    i.mpu_configure_fifo  inv_mpu.o
    0x0800791c   0x0000003c   Code   RO         5509    i.mpu_get_accel_fsr  inv_mpu.o
    0x08007958   0x00000050   Code   RO         5510    i.mpu_get_accel_reg  inv_mpu.o
    0x080079a8   0x00000044   Code   RO         5511    i.mpu_get_accel_sens  inv_mpu.o
    0x080079ec   0x00000010   Code   RO         5512    i.mpu_get_compass_fsr  inv_mpu.o
    0x080079fc   0x0000008c   Code   RO         5513    i.mpu_get_compass_reg  inv_mpu.o
    0x08007a88   0x00000034   Code   RO         5517    i.mpu_get_gyro_fsr  inv_mpu.o
    0x08007abc   0x00000054   Code   RO         5518    i.mpu_get_gyro_reg  inv_mpu.o
    0x08007b10   0x00000040   Code   RO         5519    i.mpu_get_gyro_sens  inv_mpu.o
    0x08007b50   0x0000000c   Code   RO         5522    i.mpu_get_mag_sens  inv_mpu.o
    0x08007b5c   0x00000068   Code   RO         5524    i.mpu_get_s2s3_reg  inv_mpu.o
    0x08007bc4   0x0000001c   Code   RO         5525    i.mpu_get_sample_rate  inv_mpu.o
    0x08007be0   0x00000130   Code   RO         5527    i.mpu_init          inv_mpu.o
    0x08007d10   0x000000b8   Code   RO         5529    i.mpu_lp_accel_mode  inv_mpu.o
    0x08007dc8   0x00000160   Code   RO         5539    i.mpu_reset_fifo    inv_mpu.o
    0x08007f28   0x00000068   Code   RO         5544    i.mpu_set_accel_fsr  inv_mpu.o
    0x08007f90   0x000000dc   Code   RO         5545    i.mpu_set_bypass    inv_mpu.o
    0x0800806c   0x0000004c   Code   RO         5546    i.mpu_set_compass_sample_rate  inv_mpu.o
    0x080080b8   0x0000006c   Code   RO         5549    i.mpu_set_gyro_fsr  inv_mpu.o
    0x08008124   0x00000064   Code   RO         5550    i.mpu_set_int_latched  inv_mpu.o
    0x08008188   0x0000006c   Code   RO         5552    i.mpu_set_lpf       inv_mpu.o
    0x080081f4   0x00000090   Code   RO         5553    i.mpu_set_sample_rate  inv_mpu.o
    0x08008284   0x00000014   Code   RO         5554    i.mpu_set_sensors   inv_mpu.o
    0x08008298   0x0000008c   Code   RO         6717    i.nrf24l01_check    embedi_nrf24l01.o
    0x08008324   0x00000042   Code   RO         6718    i.nrf24l01_check_and_receive_packet  embedi_nrf24l01.o
    0x08008366   0x00000002   PAD
    0x08008368   0x00000094   Code   RO         6721    i.nrf24l01_hardware_init  embedi_nrf24l01.o
    0x080083fc   0x00000060   Code   RO         6722    i.nrf24l01_init     embedi_nrf24l01.o
    0x0800845c   0x00000048   Code   RO         6723    i.nrf24l01_irq_cb   embedi_nrf24l01.o
    0x080084a4   0x00000038   Code   RO         6724    i.nrf24l01_read_buf  embedi_nrf24l01.o
    0x080084dc   0x00000030   Code   RO         6725    i.nrf24l01_read_reg  embedi_nrf24l01.o
    0x0800850c   0x00000048   Code   RO         6726    i.nrf24l01_receive_packet  embedi_nrf24l01.o
    0x08008554   0x00000030   Code   RO         6727    i.nrf24l01_send_package  embedi_nrf24l01.o
    0x08008584   0x00000018   Code   RO         6730    i.nrf24l01_set_address  embedi_nrf24l01.o
    0x0800859c   0x0000001e   Code   RO         6731    i.nrf24l01_set_arc  embedi_nrf24l01.o
    0x080085ba   0x00000028   Code   RO         6732    i.nrf24l01_set_ard  embedi_nrf24l01.o
    0x080085e2   0x0000000e   Code   RO         6733    i.nrf24l01_set_channel  embedi_nrf24l01.o
    0x080085f0   0x0000002e   Code   RO         6734    i.nrf24l01_set_data_rate  embedi_nrf24l01.o
    0x0800861e   0x00000002   PAD
    0x08008620   0x00000038   Code   RO         6735    i.nrf24l01_write_buf  embedi_nrf24l01.o
    0x08008658   0x00000034   Code   RO         6736    i.nrf24l01_write_reg  embedi_nrf24l01.o
    0x0800868c   0x00000038   Code   RO         6737    i.nrf_set_power     embedi_nrf24l01.o
    0x080086c4   0x0000000e   Code   RO         3851    i.osDelay           cmsis_os.o
    0x080086d2   0x0000000a   Code   RO         3854    i.osKernelStart     cmsis_os.o
    0x080086dc   0x00000054   Code   RO         3888    i.osThreadCreate    cmsis_os.o
    0x08008730   0x00000040   Code   RO         3899    i.osTimerCreate     cmsis_os.o
    0x08008770   0x0000005c   Code   RO         3901    i.osTimerStart      cmsis_os.o
    0x080087cc   0x00000070   Code   RO         3419    i.prvAddCurrentTaskToDelayedList  tasks.o
    0x0800883c   0x000000d0   Code   RO         3420    i.prvAddNewTaskToReadyList  tasks.o
    0x0800890c   0x00000058   Code   RO         3718    i.prvCheckForValidListAndQueue  timers.o
    0x08008964   0x00000026   Code   RO         3098    i.prvCopyDataFromQueue  queue.o
    0x0800898a   0x0000006c   Code   RO         3099    i.prvCopyDataToQueue  queue.o
    0x080089f6   0x00000034   Code   RO         3421    i.prvDeleteTCB      tasks.o
    0x08008a2a   0x00000002   PAD
    0x08008a2c   0x0000004c   Code   RO         4216    i.prvHeapInit       heap_4.o
    0x08008a78   0x00000060   Code   RO         3422    i.prvIdleTask       tasks.o
    0x08008ad8   0x00000016   Code   RO         3101    i.prvInitialiseNewQueue  queue.o
    0x08008aee   0x0000008e   Code   RO         3423    i.prvInitialiseNewTask  tasks.o
    0x08008b7c   0x00000044   Code   RO         3719    i.prvInitialiseNewTimer  timers.o
    0x08008bc0   0x0000004c   Code   RO         4217    i.prvInsertBlockIntoFreeList  heap_4.o
    0x08008c0c   0x00000038   Code   RO         3720    i.prvInsertTimerInActiveList  timers.o
    0x08008c44   0x0000001c   Code   RO         3102    i.prvIsQueueEmpty   queue.o
    0x08008c60   0x000000bc   Code   RO         3721    i.prvProcessReceivedCommands  timers.o
    0x08008d1c   0x000000b4   Code   RO         3722    i.prvProcessTimerOrBlockTask  timers.o
    0x08008dd0   0x00000020   Code   RO         3424    i.prvResetNextTaskUnblockTime  tasks.o
    0x08008df0   0x00000028   Code   RO         3723    i.prvSampleTimeNow  timers.o
    0x08008e18   0x0000006c   Code   RO         3724    i.prvSwitchTimerLists  timers.o
    0x08008e84   0x00000028   Code   RO         4266    i.prvTaskExitError  port.o
    0x08008eac   0x00000024   Code   RO         3725    i.prvTimerTask      timers.o
    0x08008ed0   0x0000006a   Code   RO         3103    i.prvUnlockQueue    queue.o
    0x08008f3a   0x00000002   PAD
    0x08008f3c   0x000000d8   Code   RO         4218    i.pvPortMalloc      heap_4.o
    0x08009014   0x00000018   Code   RO         3426    i.pvTaskIncrementMutexHeldCount  tasks.o
    0x0800902c   0x00000024   Code   RO         4267    i.pxPortInitialiseStack  port.o
    0x08009050   0x00000014   Code   RO         6548    i.remoter_timer_function  embedi_remoter.o
    0x08009064   0x00000058   Code   RO         5556    i.set_int_enable    inv_mpu.o
    0x080090bc   0x0000023c   Code   RO         5557    i.setup_compass     inv_mpu.o
    0x080092f8   0x00000026   Code   RO         6479    i.spi_read_buf      embedi_spi.o
    0x0800931e   0x00000002   PAD
    0x08009320   0x00000054   Code   RO         6481    i.spi_read_write_byte  embedi_spi.o
    0x08009374   0x00000028   Code   RO         6483    i.spi_write_buf     embedi_spi.o
    0x0800939c   0x00000024   Code   RO         6596    i.usb_printf        embedi_printf.o
    0x080093c0   0x00000026   Code   RO         3058    i.uxListRemove      list.o
    0x080093e6   0x00000002   PAD
    0x080093e8   0x00000014   Code   RO          238    i.vApplicationGetIdleTaskMemory  freertos.o
    0x080093fc   0x00000018   Code   RO          239    i.vApplicationGetTimerTaskMemory  freertos.o
    0x08009414   0x00000016   Code   RO         3059    i.vListInitialise   list.o
    0x0800942a   0x00000006   Code   RO         3060    i.vListInitialiseItem  list.o
    0x08009430   0x00000030   Code   RO         3061    i.vListInsert       list.o
    0x08009460   0x00000018   Code   RO         3062    i.vListInsertEnd    list.o
    0x08009478   0x00000040   Code   RO         4269    i.vPortEnterCritical  port.o
    0x080094b8   0x00000028   Code   RO         4270    i.vPortExitCritical  port.o
    0x080094e0   0x0000005c   Code   RO         4219    i.vPortFree         heap_4.o
    0x0800953c   0x00000024   Code   RO         4271    i.vPortSetupTimerInterrupt  port.o
    0x08009560   0x00000054   Code   RO         4272    i.vPortValidateInterruptPriority  port.o
    0x080095b4   0x00000028   Code   RO         3107    i.vQueueAddToRegistry  queue.o
    0x080095dc   0x00000044   Code   RO         3110    i.vQueueWaitForMessageRestricted  queue.o
    0x08009620   0x0000004c   Code   RO         3432    i.vTaskDelay        tasks.o
    0x0800966c   0x00000010   Code   RO         3435    i.vTaskInternalSetTimeOutState  tasks.o
    0x0800967c   0x0000000c   Code   RO         3436    i.vTaskMissedYield  tasks.o
    0x08009688   0x00000030   Code   RO         3438    i.vTaskPlaceOnEventList  tasks.o
    0x080096b8   0x00000038   Code   RO         3439    i.vTaskPlaceOnEventListRestricted  tasks.o
    0x080096f0   0x000000a8   Code   RO         3441    i.vTaskPriorityDisinheritAfterTimeout  tasks.o
    0x08009798   0x00000088   Code   RO         3446    i.vTaskStartScheduler  tasks.o
    0x08009820   0x00000010   Code   RO         3448    i.vTaskSuspendAll   tasks.o
    0x08009830   0x0000005c   Code   RO         3449    i.vTaskSwitchContext  tasks.o
    0x0800988c   0x000000a8   Code   RO         4273    i.xPortStartScheduler  port.o
    0x08009934   0x0000002c   Code   RO         4274    i.xPortSysTickHandler  port.o
    0x08009960   0x00000048   Code   RO         3113    i.xQueueGenericCreate  queue.o
    0x080099a8   0x00000066   Code   RO         3114    i.xQueueGenericCreateStatic  queue.o
    0x08009a0e   0x00000002   PAD
    0x08009a10   0x00000088   Code   RO         3115    i.xQueueGenericReset  queue.o
    0x08009a98   0x00000160   Code   RO         3116    i.xQueueGenericSend  queue.o
    0x08009bf8   0x000000bc   Code   RO         3117    i.xQueueGenericSendFromISR  queue.o
    0x08009cb4   0x0000009c   Code   RO         3118    i.xQueueGiveFromISR  queue.o
    0x08009d50   0x00000138   Code   RO         3123    i.xQueueReceive     queue.o
    0x08009e88   0x00000178   Code   RO         3125    i.xQueueSemaphoreTake  queue.o
    0x0800a000   0x00000074   Code   RO         3450    i.xTaskCheckForTimeOut  tasks.o
    0x0800a074   0x0000005a   Code   RO         3451    i.xTaskCreate       tasks.o
    0x0800a0ce   0x00000056   Code   RO         3452    i.xTaskCreateStatic  tasks.o
    0x0800a124   0x0000001c   Code   RO         3456    i.xTaskGetSchedulerState  tasks.o
    0x0800a140   0x0000000c   Code   RO         3457    i.xTaskGetTickCount  tasks.o
    0x0800a14c   0x000000c8   Code   RO         3459    i.xTaskIncrementTick  tasks.o
    0x0800a214   0x00000098   Code   RO         3462    i.xTaskPriorityDisinherit  tasks.o
    0x0800a2ac   0x00000094   Code   RO         3463    i.xTaskPriorityInherit  tasks.o
    0x0800a340   0x00000074   Code   RO         3464    i.xTaskRemoveFromEventList  tasks.o
    0x0800a3b4   0x000000c4   Code   RO         3465    i.xTaskResumeAll    tasks.o
    0x0800a478   0x00000034   Code   RO         3728    i.xTimerCreate      timers.o
    0x0800a4ac   0x0000002e   Code   RO         3729    i.xTimerCreateStatic  timers.o
    0x0800a4da   0x00000002   PAD
    0x0800a4dc   0x00000060   Code   RO         3730    i.xTimerCreateTimerTask  timers.o
    0x0800a53c   0x00000060   Code   RO         3731    i.xTimerGenericCommand  timers.o
    0x0800a59c   0x0000002c   Code   RO         7290    locale$$code        c_w.l(lc_numeric_c.o)
    0x0800a5c8   0x0000002c   Code   RO         7307    locale$$code        c_w.l(lc_ctype_c.o)
    0x0800a5f4   0x0000000c   Code   RO         7151    x$fpl$dretinf       fz_ws.l(dretinf.o)
    0x0800a600   0x00000056   Code   RO         6973    x$fpl$f2d           fz_ws.l(f2d.o)
    0x0800a656   0x00000002   PAD
    0x0800a658   0x00000184   Code   RO         6982    x$fpl$fdiv          fz_ws.l(fdiv.o)
    0x0800a7dc   0x00000030   Code   RO         6994    x$fpl$fflt          fz_ws.l(fflt_clz.o)
    0x0800a80c   0x00000026   Code   RO         6993    x$fpl$ffltu         fz_ws.l(fflt_clz.o)
    0x0800a832   0x00000002   PAD
    0x0800a834   0x00000102   Code   RO         7001    x$fpl$fmul          fz_ws.l(fmul.o)
    0x0800a936   0x0000008c   Code   RO         7157    x$fpl$fnaninf       fz_ws.l(fnaninf.o)
    0x0800a9c2   0x0000000a   Code   RO         7159    x$fpl$fretinf       fz_ws.l(fretinf.o)
    0x0800a9cc   0x00000004   Code   RO         7163    x$fpl$printf1       fz_ws.l(printf1.o)
    0x0800a9d0   0x00000004   Code   RO         7165    x$fpl$printf2       fz_ws.l(printf2.o)
    0x0800a9d4   0x00000000   Code   RO         7173    x$fpl$usenofp       fz_ws.l(usenofp.o)
    0x0800a9d4   0x0000001c   Data   RO           22    .constdata          main.o
    0x0800a9f0   0x00000012   Data   RO         1496    .constdata          stm32f1xx_hal_rcc.o
    0x0800aa02   0x00000010   Data   RO         2921    .constdata          system_stm32f1xx.o
    0x0800aa12   0x000000e5   Data   RO         4868    .constdata          embedi_math.o
    0x0800aaf7   0x0000000b   Data   RO         5091    .constdata          embedi_wheels.o
    0x0800ab02   0x00000025   Data   RO         5193    .constdata          embedi_flash.o
    0x0800ab27   0x00000001   PAD
    0x0800ab28   0x000000bd   Data   RO         5245    .constdata          embedi_i2c.o
    0x0800abe5   0x00000020   Data   RO         5354    .constdata          embedi_baro.o
    0x0800ac05   0x00000013   Data   RO         5414    .constdata          embedi_bmp280.o
    0x0800ac18   0x0000000c   Data   RO         5454    .constdata          embedi_spl06.o
    0x0800ac24   0x00000031   Data   RO         5558    .constdata          inv_mpu.o
    0x0800ac55   0x00000001   PAD
    0x0800ac56   0x0000000e   Data   RO         5559    .constdata          inv_mpu.o
    0x0800ac64   0x00000030   Data   RO         5560    .constdata          inv_mpu.o
    0x0800ac94   0x00000277   Data   RO         5561    .constdata          inv_mpu.o
    0x0800af0b   0x0000008c   Data   RO         6091    .constdata          embedi_imu.o
    0x0800af97   0x00000013   Data   RO         6354    .constdata          embedi_module_init.o
    0x0800afaa   0x0000003f   Data   RO         6485    .constdata          embedi_spi.o
    0x0800afe9   0x00000003   PAD
    0x0800afec   0x00000050   Data   RO         6549    .constdata          embedi_remoter.o
    0x0800b03c   0x00000090   Data   RO         6738    .constdata          embedi_nrf24l01.o
    0x0800b0cc   0x00000015   Data   RO         6874    .constdata          embedi_adc.o
    0x0800b0e1   0x00000019   Data   RO         6910    .constdata          embedi_joystick.o
    0x0800b0fa   0x00000002   PAD
    0x0800b0fc   0x00000008   Data   RO         7061    .constdata          c_w.l(_printf_wctomb.o)
    0x0800b104   0x00000028   Data   RO         7090    .constdata          c_w.l(_printf_hex_int_ll_ptr.o)
    0x0800b12c   0x00000011   Data   RO         7110    .constdata          c_w.l(__printf_flags_ss_wp.o)
    0x0800b13d   0x00000026   Data   RO         7231    .constdata          c_w.l(_printf_fp_hex.o)
    0x0800b163   0x00000001   PAD
    0x0800b164   0x00000094   Data   RO         7265    .constdata          c_w.l(bigflt0.o)
    0x0800b1f8   0x0000000c   Data   RO           23    .conststring        main.o
    0x0800b204   0x0000000d   Data   RO         6550    .conststring        embedi_remoter.o
    0x0800b211   0x00000003   PAD
    0x0800b214   0x00000025   Data   RO         6739    .conststring        embedi_nrf24l01.o
    0x0800b239   0x00000003   PAD
    0x0800b23c   0x00000020   Data   RO         7432    Region$$Table       anon$$obj.o
    0x0800b25c   0x00000004   Data   RO         5023    embedi_app_init     embedi_quadrotor.o
    0x0800b260   0x00000004   Data   RO         5094    embedi_app_init     embedi_wheels.o
    0x0800b264   0x00000004   Data   RO         6552    embedi_app_init     embedi_remoter.o
    0x0800b268   0x00000004   Data   RO         5356    embedi_driver_init  embedi_baro.o
    0x0800b26c   0x00000004   Data   RO         6093    embedi_driver_init  embedi_imu.o
    0x0800b270   0x00000004   Data   RO         6289    embedi_driver_init  embedi_motor.o
    0x0800b274   0x00000004   Data   RO         5416    embedi_init         embedi_bmp280.o
    0x0800b278   0x00000004   Data   RO         5456    embedi_init         embedi_spl06.o
    0x0800b27c   0x00000004   Data   RO         5563    embedi_init         inv_mpu.o
    0x0800b280   0x00000004   Data   RO         6742    embedi_init         embedi_nrf24l01.o
    0x0800b284   0x00000008   Data   RO         5095    embedi_irq          embedi_wheels.o
    0x0800b28c   0x00000004   Data   RO         6743    embedi_irq          embedi_nrf24l01.o
    0x0800b290   0x00000004   Data   RO         5321    embedi_platform_init  embedi_uart.o
    0x0800b294   0x00000004   Data   RO         6487    embedi_platform_init  embedi_spi.o
    0x0800b298   0x00000004   Data   RO         6875    embedi_platform_init  embedi_adc.o
    0x0800b29c   0x00000004   Data   RO         6671    embedi_uart_irq     embedi_host.o
    0x0800b2a0   0x0000001c   Data   RO         7289    locale$$data        c_w.l(lc_numeric_c.o)
    0x0800b2bc   0x00000110   Data   RO         7306    locale$$data        c_w.l(lc_ctype_c.o)


    Execution Region RW_IRAM1 (Base: 0x20000000, Size: 0x00004708, Max: 0x00005000, ABSOLUTE, COMPRESSED[0x0000012c])

    Base Addr    Size         Type   Attr      Idx    E Section Name        Object

    0x20000000   0x00000004   Data   RW           24    .data               main.o
    0x20000004   0x0000001c   Data   RW          466    .data               usbd_desc.o
    0x20000020   0x00000032   Data   RW          467    .data               usbd_desc.o
    0x20000052   0x00000002   PAD
    0x20000054   0x00000010   Data   RW          549    .data               usbd_cdc_if.o
    0x20000064   0x0000000c   Data   RW         1333    .data               stm32f1xx_hal.o
    0x20000070   0x00000004   Data   RW         2923    .data               system_stm32f1xx.o
    0x20000074   0x0000003c   Data   RW         3468    .data               tasks.o
    0x200000b0   0x00000014   Data   RW         3737    .data               timers.o
    0x200000c4   0x00000018   Data   RW         4224    .data               heap_4.o
    0x200000dc   0x0000000c   Data   RW         4275    .data               port.o
    0x200000e8   0x00000001   Data   RW         4491    .data               usbd_ctlreq.o
    0x200000e9   0x00000003   PAD
    0x200000ec   0x000000d7   Data   RW         4623    .data               usbd_cdc.o
    0x200001c3   0x00000001   PAD
    0x200001c4   0x00000038   Data   RW         4624    .data               usbd_cdc.o
    0x200001fc   0x00000018   Data   RW         5092    .data               embedi_wheels.o
    0x20000214   0x00000004   Data   RW         5355    .data               embedi_baro.o
    0x20000218   0x00000014   Data   RW         5415    .data               embedi_bmp280.o
    0x2000022c   0x00000014   Data   RW         5455    .data               embedi_spl06.o
    0x20000240   0x0000008c   Data   RW         5562    .data               inv_mpu.o
    0x200002cc   0x0000000c   Data   RW         6092    .data               embedi_imu.o
    0x200002d8   0x00000004   Data   RW         6396    .data               embedi_system.o
    0x200002dc   0x00000004   Data   RW         6486    .data               embedi_spi.o
    0x200002e0   0x0000000c   Data   RW         6551    .data               embedi_remoter.o
    0x200002ec   0x0000000c   Data   RW         6670    .data               embedi_host.o
    0x200002f8   0x00000010   Data   RW         6740    .data               embedi_nrf24l01.o
    0x20000308   0x00000088   Zero   RW           20    .bss                main.o
    0x20000390   0x00000044   Zero   RW           21    .bss                main.o
    0x200003d4   0x000006a8   Zero   RW          240    .bss                freertos.o
    0x20000a7c   0x000002c4   Zero   RW          410    .bss                usb_device.o
    0x20000d40   0x00000200   Zero   RW          465    .bss                usbd_desc.o
    0x20000f40   0x00000800   Zero   RW          548    .bss                usbd_cdc_if.o
    0x20001740   0x00000510   Zero   RW          627    .bss                usbd_conf.o
    0x20001c50   0x00000020   Zero   RW         2039    .bss                stm32f1xx_hal_flash.o
    0x20001c70   0x00000040   Zero   RW         3126    .bss                queue.o
    0x20001cb0   0x000000f0   Zero   RW         3467    .bss                tasks.o
    0x20001da0   0x000000e8   Zero   RW         3736    .bss                timers.o
    0x20001e88   0x00001400   Zero   RW         4223    .bss                heap_4.o
    0x20003288   0x00000224   Zero   RW         4719    .bss                embedi_2d_kalman.o
    0x200034ac   0x0000022c   Zero   RW         4784    .bss                embedi_6d_kalman.o
    0x200036d8   0x00000400   Zero   RW         5192    .bss                embedi_flash.o
    0x20003ad8   0x000002ec   Zero   RW         6090    .bss                embedi_imu.o
    0x20003dc4   0x00000080   Zero   RW         6597    .bss                embedi_printf.o
    0x20003e44   0x00000064   Zero   RW         6873    .bss                embedi_adc.o
    0x20003ea8   0x00000060   Zero   RW         7249    .bss                c_w.l(libspace.o)
    0x20003f08   0x00000400   Zero   RW            2    HEAP                startup_stm32f103xb.o
    0x20004308   0x00000400   Zero   RW            1    STACK               startup_stm32f103xb.o


==============================================================================

Image component sizes


      Code (inc. data)   RO Data    RW Data    ZI Data      Debug   Object Name

       288          8          0          0          0      27452   cmsis_os.o
       180         28          0          0        548       2284   embedi_2d_kalman.o
       152         16          0          0        556       2028   embedi_6d_kalman.o
       120         46         25          0        100       3040   embedi_adc.o
       156         82         36          4          0       3841   embedi_baro.o
       190         96         23         20          0       2553   embedi_bmp280.o
        42          0          0          0          0       2761   embedi_delay.o
       342         38         37          0       1024       4047   embedi_flash.o
        40          8          4         12          0       2370   embedi_host.o
      1210        116        189          0          0      10411   embedi_i2c.o
      2386        782        144         12        748      21715   embedi_imu.o
       112         28         25          0          0       1791   embedi_joystick.o
       294         82        229          0          0       9685   embedi_math.o
       296        142         19          0          0       2723   embedi_module_init.o
         2          0          4          0          0       1794   embedi_motor.o
      1348        270        189         16          0      17880   embedi_nrf24l01.o
         0          0          0          0          0        504   embedi_pid.o
        38          6          0          0        128       3973   embedi_printf.o
         0          0          0          0          0        744   embedi_protocol.o
         2          0          4          0          0       6701   embedi_quadrotor.o
       420        132         97         12          0       4334   embedi_remoter.o
       178         46         67          4          0       6016   embedi_spi.o
       372        126         16         20          0       4347   embedi_spl06.o
        32         12          0          4          0       2348   embedi_system.o
         2          0          4          0          0       1560   embedi_uart.o
        90         38         23         24          0       4031   embedi_wheels.o
         0          0          0          0          0      18256   event_groups.o
        44         10          0          0       1704       1837   freertos.o
       460         24          0         24       5120       4515   heap_4.o
      3752        286        746        140          0      32992   inv_mpu.o
       138          0          0          0          0       3290   list.o
       680         50         40          4        204     468161   main.o
       662         70          0         12          0      11241   port.o
      2104         24          0          0         64      16560   queue.o
        64         26        236          0       2048        824   startup_stm32f103xb.o
       128         24          0         12          0       5349   stm32f1xx_hal.o
      1134         56          0          0          0       7906   stm32f1xx_hal_adc.o
       198         14          0          0          0      28667   stm32f1xx_hal_cortex.o
       586         32          0          0          0       3275   stm32f1xx_hal_dma.o
       392         46          0          0         32       4490   stm32f1xx_hal_flash.o
       240         26          0          0          0       3149   stm32f1xx_hal_flash_ex.o
       524         40          0          0          0       3766   stm32f1xx_hal_gpio.o
       360         48          0          0          0       2382   stm32f1xx_hal_msp.o
      3094          0          0          0          0      12757   stm32f1xx_hal_pcd.o
        60          0          0          0          0       1110   stm32f1xx_hal_pcd_ex.o
      1176         60         18          0          0       3782   stm32f1xx_hal_rcc.o
       236         12          0          0          0       1352   stm32f1xx_hal_rcc_ex.o
       888          4          0          0          0       3917   stm32f1xx_hal_spi.o
        68         12          0          0          0       4546   stm32f1xx_it.o
      2528          0          0          0          0      14999   stm32f1xx_ll_usb.o
         0          0          0          0          0        416   stream_buffer.o
         2          0         16          4          0       1155   system_stm32f1xx.o
      2430        182          0         60        240      24205   tasks.o
      1054         78          0         20        232      28383   timers.o
        84         18          0          0        708       2579   usb_device.o
       726         16          0        271          0      12310   usbd_cdc.o
       112         22          0         16       2048       3284   usbd_cdc_if.o
       556         30          0          0       1296      13597   usbd_conf.o
       670          0          0          0          0       8851   usbd_core.o
      1186         28          0          1          0       6860   usbd_ctlreq.o
       288        104          0         78        512       5741   usbd_desc.o
       132          0          0          0          0       4080   usbd_ioreq.o

    ----------------------------------------------------------------------
     35110       3444       2236        776      17312     921517   Object Totals
         0          0         32          0          0          0   (incl. Generated)
        62          0         13          6          0          0   (incl. Padding)

    ----------------------------------------------------------------------

      Code (inc. data)   RO Data    RW Data    ZI Data      Debug   Library Member Name

        90          0          0          0          0          0   __dczerorl2.o
         8          0          0          0          0         68   __main.o
       392          4         17          0          0         92   __printf_flags_ss_wp.o
        14          0          0          0          0         68   __printf_wp.o
         0          0          0          0          0          0   __rtentry.o
        12          0          0          0          0          0   __rtentry2.o
         6          0          0          0          0          0   __rtentry4.o
        52          8          0          0          0          0   __scatter.o
        28          0          0          0          0          0   __scatter_zi.o
         6          0          0          0          0          0   _printf_a.o
         6          0          0          0          0          0   _printf_c.o
        44          0          0          0          0        108   _printf_char.o
        48          6          0          0          0         96   _printf_char_common.o
        40          0          0          0          0         68   _printf_charcount.o
         6          0          0          0          0          0   _printf_d.o
       120         16          0          0          0         92   _printf_dec.o
         6          0          0          0          0          0   _printf_e.o
         6          0          0          0          0          0   _printf_f.o
      1050          0          0          0          0        216   _printf_fp_dec.o
       764         10         38          0          0        100   _printf_fp_hex.o
       128         16          0          0          0         84   _printf_fp_infnan.o
         6          0          0          0          0          0   _printf_g.o
       148          4         40          0          0        160   _printf_hex_int_ll_ptr.o
         6          0          0          0          0          0   _printf_i.o
       178          0          0          0          0         88   _printf_intcommon.o
        10          0          0          0          0          0   _printf_l.o
         6          0          0          0          0          0   _printf_lc.o
        10          0          0          0          0          0   _printf_ll.o
         6          0          0          0          0          0   _printf_lld.o
         6          0          0          0          0          0   _printf_lli.o
         6          0          0          0          0          0   _printf_llo.o
         6          0          0          0          0          0   _printf_llu.o
         6          0          0          0          0          0   _printf_llx.o
       124         16          0          0          0         92   _printf_longlong_dec.o
         6          0          0          0          0          0   _printf_ls.o
         6          0          0          0          0          0   _printf_n.o
         6          0          0          0          0          0   _printf_o.o
       112          8          0          0          0        124   _printf_oct_int_ll.o
         6          0          0          0          0          0   _printf_p.o
        78          0          0          0          0        108   _printf_pad.o
         0          0          0          0          0          0   _printf_percent.o
         4          0          0          0          0          0   _printf_percent_end.o
         6          0          0          0          0          0   _printf_s.o
        82          0          0          0          0         80   _printf_str.o
        36          0          0          0          0         84   _printf_truncate.o
         6          0          0          0          0          0   _printf_u.o
        44          0          0          0          0        108   _printf_wchar.o
       188          6          8          0          0         92   _printf_wctomb.o
         6          0          0          0          0          0   _printf_x.o
        16          0          0          0          0         68   _snputc.o
        10          0          0          0          0         68   _sputc.o
        64          0          0          0          0         92   _wcrtomb.o
       220          4        148          0          0         96   bigflt0.o
      1910        128          0          0          0        672   btod.o
        12          0          0          0          0         72   exit.o
         6          0          0          0          0        152   heapauxi.o
        44         10        272          0          0         76   lc_ctype_c.o
        44         10         28          0          0         76   lc_numeric_c.o
         2          0          0          0          0          0   libinit.o
        30          0          0          0          0          0   libinit2.o
         2          0          0          0          0          0   libshutdown.o
         2          0          0          0          0          0   libshutdown2.o
         8          4          0          0         96         68   libspace.o
       138          0          0          0          0         80   lludiv10.o
        38          0          0          0          0         68   llushr.o
        16          4          0          0          0         76   rt_ctype_table.o
         8          4          0          0          0         68   rt_locale_intlibspace.o
        78          0          0          0          0         80   rt_memclr_w.o
       138          0          0          0          0         68   rt_memcpy_v6.o
       100          0          0          0          0         80   rt_memcpy_w.o
         2          0          0          0          0          0   rtexit.o
        10          0          0          0          0          0   rtexit2.o
       128          0          0          0          0         68   strcmpv7m.o
        74          0          0          0          0         80   sys_stackheap_outer.o
         2          0          0          0          0         68   use_no_semi.o
         2          0          0          0          0         68   use_no_semi_2.o
        52          4          0          0          0         80   vsnprintf.o
        12          0          0          0          0         68   dretinf.o
        86          4          0          0          0         84   f2d.o
       388         76          0          0          0         96   fdiv.o
        86          0          0          0          0        136   fflt_clz.o
       258          4          0          0          0         84   fmul.o
       140          4          0          0          0         84   fnaninf.o
        10          0          0          0          0         68   fretinf.o
         4          0          0          0          0         68   printf1.o
         4          0          0          0          0         68   printf2.o
         0          0          0          0          0          0   usenofp.o
        40          0          0          0          0         68   fpclassify.o

    ----------------------------------------------------------------------
      8130        350        552          0         96       5076   Library Totals
        16          0          1          0          0          0   (incl. Padding)

    ----------------------------------------------------------------------

      Code (inc. data)   RO Data    RW Data    ZI Data      Debug   Library Name

      7086        262        551          0         96       4252   c_w.l
       988         88          0          0          0        756   fz_ws.l
        40          0          0          0          0         68   m_ws.l

    ----------------------------------------------------------------------
      8130        350        552          0         96       5076   Library Totals

    ----------------------------------------------------------------------

==============================================================================


      Code (inc. data)   RO Data    RW Data    ZI Data      Debug   

     43240       3794       2788        776      17408     903553   Grand Totals
     43240       3794       2788        300      17408     903553   ELF Image Totals (compressed)
     43240       3794       2788        300          0          0   ROM Totals

==============================================================================

    Total RO  Size (Code + RO Data)                46028 (  44.95kB)
    Total RW  Size (RW Data + ZI Data)             18184 (  17.76kB)
    Total ROM Size (Code + RO Data + RW Data)      46328 (  45.24kB)

==============================================================================

