Component: ARM Compiler 5.05 update 1 (build 106) Tool: armlink [4d0efa]

==============================================================================

Section Cross References

    startup_stm32f411xe.o(STACK) refers (Special) to heapauxi.o(.text) for __use_two_region_memory
    startup_stm32f411xe.o(HEAP) refers (Special) to heapauxi.o(.text) for __use_two_region_memory
    startup_stm32f411xe.o(RESET) refers (Special) to heapauxi.o(.text) for __use_two_region_memory
    startup_stm32f411xe.o(RESET) refers to startup_stm32f411xe.o(STACK) for __initial_sp
    startup_stm32f411xe.o(RESET) refers to startup_stm32f411xe.o(.text) for Reset_Handler
    startup_stm32f411xe.o(RESET) refers to stm32f4xx_it.o(i.NMI_Handler) for NMI_Handler
    startup_stm32f411xe.o(RESET) refers to stm32f4xx_it.o(i.HardFault_Handler) for HardFault_Handler
    startup_stm32f411xe.o(RESET) refers to stm32f4xx_it.o(i.MemManage_Handler) for MemManage_Handler
    startup_stm32f411xe.o(RESET) refers to stm32f4xx_it.o(i.BusFault_Handler) for BusFault_Handler
    startup_stm32f411xe.o(RESET) refers to stm32f4xx_it.o(i.UsageFault_Handler) for UsageFault_Handler
    startup_stm32f411xe.o(RESET) refers to port.o(.emb_text) for SVC_Handler
    startup_stm32f411xe.o(RESET) refers to stm32f4xx_it.o(i.DebugMon_Handler) for DebugMon_Handler
    startup_stm32f411xe.o(RESET) refers to stm32f4xx_it.o(i.SysTick_Handler) for SysTick_Handler
    startup_stm32f411xe.o(.text) refers (Special) to heapauxi.o(.text) for __use_two_region_memory
    startup_stm32f411xe.o(.text) refers to system_stm32f4xx.o(i.SystemInit) for SystemInit
    startup_stm32f411xe.o(.text) refers to __main.o(!!!main) for __main
    startup_stm32f411xe.o(.text) refers to startup_stm32f411xe.o(HEAP) for Heap_Mem
    startup_stm32f411xe.o(.text) refers to startup_stm32f411xe.o(STACK) for Stack_Mem
    main.o(i.MX_GPIO_Init) refers to rt_memclr_w.o(.text) for __aeabi_memclr4
    main.o(i.MX_GPIO_Init) refers to stm32f4xx_hal_gpio.o(i.HAL_GPIO_WritePin) for HAL_GPIO_WritePin
    main.o(i.MX_GPIO_Init) refers to stm32f4xx_hal_gpio.o(i.HAL_GPIO_Init) for HAL_GPIO_Init
    main.o(i.StartDefaultTask) refers to cmsis_os.o(i.osDelay) for osDelay
    main.o(i.SystemClock_Config) refers to rt_memclr_w.o(.text) for __aeabi_memclr4
    main.o(i.SystemClock_Config) refers to stm32f4xx_hal_rcc.o(i.HAL_RCC_OscConfig) for HAL_RCC_OscConfig
    main.o(i.SystemClock_Config) refers to stm32f4xx_hal_rcc.o(i.HAL_RCC_ClockConfig) for HAL_RCC_ClockConfig
    main.o(i.main) refers to stm32f4xx_hal.o(i.HAL_Init) for HAL_Init
    main.o(i.main) refers to main.o(i.SystemClock_Config) for SystemClock_Config
    main.o(i.main) refers to main.o(i.MX_GPIO_Init) for MX_GPIO_Init
    main.o(i.main) refers to rt_memcpy_w.o(.text) for __aeabi_memcpy4
    main.o(i.main) refers to cmsis_os.o(i.osThreadCreate) for osThreadCreate
    main.o(i.main) refers to cmsis_os.o(i.osKernelStart) for osKernelStart
    main.o(i.main) refers to main.o(.constdata) for .constdata
    main.o(i.main) refers to main.o(.data) for .data
    main.o(.constdata) refers to main.o(.conststring) for .conststring
    main.o(.constdata) refers to main.o(i.StartDefaultTask) for StartDefaultTask
    freertos.o(i.vApplicationGetIdleTaskMemory) refers to freertos.o(.bss) for .bss
    freertos.o(i.vApplicationGetTimerTaskMemory) refers to freertos.o(.bss) for .bss
    stm32f4xx_it.o(i.SysTick_Handler) refers to stm32f4xx_hal.o(i.HAL_IncTick) for HAL_IncTick
    stm32f4xx_it.o(i.SysTick_Handler) refers to tasks.o(i.xTaskGetSchedulerState) for xTaskGetSchedulerState
    stm32f4xx_it.o(i.SysTick_Handler) refers to port.o(i.xPortSysTickHandler) for xPortSysTickHandler
    stm32f4xx_hal_msp.o(i.HAL_MspInit) refers to stm32f4xx_hal_cortex.o(i.HAL_NVIC_SetPriority) for HAL_NVIC_SetPriority
    stm32f4xx_hal_rcc.o(i.HAL_RCC_ClockConfig) refers to stm32f4xx_hal.o(i.HAL_GetTick) for HAL_GetTick
    stm32f4xx_hal_rcc.o(i.HAL_RCC_ClockConfig) refers to stm32f4xx_hal_rcc.o(i.HAL_RCC_GetSysClockFreq) for HAL_RCC_GetSysClockFreq
    stm32f4xx_hal_rcc.o(i.HAL_RCC_ClockConfig) refers to stm32f4xx_hal.o(i.HAL_InitTick) for HAL_InitTick
    stm32f4xx_hal_rcc.o(i.HAL_RCC_ClockConfig) refers to system_stm32f4xx.o(.constdata) for AHBPrescTable
    stm32f4xx_hal_rcc.o(i.HAL_RCC_ClockConfig) refers to system_stm32f4xx.o(.data) for SystemCoreClock
    stm32f4xx_hal_rcc.o(i.HAL_RCC_ClockConfig) refers to stm32f4xx_hal.o(.data) for uwTickPrio
    stm32f4xx_hal_rcc.o(i.HAL_RCC_GetHCLKFreq) refers to system_stm32f4xx.o(.data) for SystemCoreClock
    stm32f4xx_hal_rcc.o(i.HAL_RCC_GetPCLK1Freq) refers to system_stm32f4xx.o(.data) for SystemCoreClock
    stm32f4xx_hal_rcc.o(i.HAL_RCC_GetPCLK1Freq) refers to system_stm32f4xx.o(.constdata) for APBPrescTable
    stm32f4xx_hal_rcc.o(i.HAL_RCC_GetPCLK2Freq) refers to system_stm32f4xx.o(.data) for SystemCoreClock
    stm32f4xx_hal_rcc.o(i.HAL_RCC_GetPCLK2Freq) refers to system_stm32f4xx.o(.constdata) for APBPrescTable
[...]
    i.embedi_enable_sensor                   0x08001a54   Section        0  embedi_imu.o(i.embedi_enable_sensor)
    i.embedi_get_accel_fsr                   0x08001a6c   Section        0  embedi_imu.o(i.embedi_get_accel_fsr)
    i.embedi_get_gyro_fsr                    0x08001a84   Section        0  embedi_imu.o(i.embedi_get_gyro_fsr)
    i.embedi_get_sample_rate                 0x08001a9c   Section        0  embedi_imu.o(i.embedi_get_sample_rate)
    i.embedi_get_systick                     0x08001ab4   Section        0  embedi_delay.o(i.embedi_get_systick)
    i.embedi_i2c_read_block                  0x08001ac2   Section        0  embedi_i2c.o(i.embedi_i2c_read_block)
    i.embedi_i2c_write_block                 0x08001ac6   Section        0  embedi_i2c.o(i.embedi_i2c_write_block)
    i.embedi_imu_hardware_init               0x08001acc   Section        0  embedi_imu.o(i.embedi_imu_hardware_init)
    i.embedi_imu_init                        0x08001ae4   Section        0  embedi_imu.o(i.embedi_imu_init)
    i.embedi_matrix_scale                    0x08001b74   Section        0  embedi_math.o(i.embedi_matrix_scale)
    i.embedi_read_flash                      0x08001bb0   Section        0  embedi_flash.o(i.embedi_read_flash)
    i.embedi_register_operations             0x08001bcc   Section        0  embedi_imu.o(i.embedi_register_operations)
    i.embedi_set_run_state                   0x08001c14   Section        0  embedi_system.o(i.embedi_set_run_state)
    i.embedi_set_sample_rate                 0x08001c20   Section        0  embedi_imu.o(i.embedi_set_sample_rate)
    i.embedi_uart_init                       0x08001c38   Section        0  embedi_uart.o(i.embedi_uart_init)
    i.embedi_wheels_init                     0x08001c3a   Section        0  embedi_wheels.o(i.embedi_wheels_init)
    i.fputc                                  0x08001c3c   Section        0  embedi_uart.o(i.fputc)
    i.imu_irq_cb                             0x08001c40   Section        0  embedi_wheels.o(i.imu_irq_cb)
    i.inv_imu_init                           0x08001c5c   Section        0  inv_mpu.o(i.inv_imu_init)
    i.key_irq_cb                             0x08001c68   Section        0  embedi_wheels.o(i.key_irq_cb)
    i.main                                   0x08001c94   Section        0  main.o(i.main)
    i.makeFreeRtosPriority                   0x08001cc8   Section        0  cmsis_os.o(i.makeFreeRtosPriority)
    makeFreeRtosPriority                     0x08001cc9   Thumb Code    12  cmsis_os.o(i.makeFreeRtosPriority)
    i.motor_init                             0x08001cd4   Section        0  embedi_motor.o(i.motor_init)
    motor_init                               0x08001cd5   Thumb Code     2  embedi_motor.o(i.motor_init)
    i.mpu_configure_fifo                     0x08001cd8   Section        0  inv_mpu.o(i.mpu_configure_fifo)
    i.mpu_get_accel_fsr                      0x08001d2c   Section        0  inv_mpu.o(i.mpu_get_accel_fsr)
    i.mpu_get_accel_reg                      0x08001d68   Section        0  inv_mpu.o(i.mpu_get_accel_reg)
    i.mpu_get_accel_sens                     0x08001db8   Section        0  inv_mpu.o(i.mpu_get_accel_sens)
    i.mpu_get_gyro_fsr                       0x08001dfc   Section        0  inv_mpu.o(i.mpu_get_gyro_fsr)
    i.mpu_get_gyro_reg                       0x08001e30   Section        0  inv_mpu.o(i.mpu_get_gyro_reg)
    i.mpu_get_gyro_sens                      0x08001e84   Section        0  inv_mpu.o(i.mpu_get_gyro_sens)
    i.mpu_get_sample_rate                    0x08001ed0   Section        0  inv_mpu.o(i.mpu_get_sample_rate)
    i.mpu_init                               0x08001eec   Section        0  inv_mpu.o(i.mpu_init)
    i.mpu_lp_accel_mode                      0x08002010   Section        0  inv_mpu.o(i.mpu_lp_accel_mode)
    i.mpu_reset_fifo                         0x080020c8   Section        0  inv_mpu.o(i.mpu_reset_fifo)
    i.mpu_set_accel_fsr                      0x08002228   Section        0  inv_mpu.o(i.mpu_set_accel_fsr)
    i.mpu_set_bypass                         0x08002290   Section        0  inv_mpu.o(i.mpu_set_bypass)
    i.mpu_set_gyro_fsr                       0x0800236c   Section        0  inv_mpu.o(i.mpu_set_gyro_fsr)
    i.mpu_set_int_latched                    0x080023d8   Section        0  inv_mpu.o(i.mpu_set_int_latched)
    i.mpu_set_lpf                            0x0800243c   Section        0  inv_mpu.o(i.mpu_set_lpf)
    i.mpu_set_sample_rate                    0x080024a8   Section        0  inv_mpu.o(i.mpu_set_sample_rate)
    i.mpu_set_sensors                        0x08002528   Section        0  inv_mpu.o(i.mpu_set_sensors)
    i.osDelay                                0x080025e0   Section        0  cmsis_os.o(i.osDelay)
    i.osKernelStart                          0x080025ee   Section        0  cmsis_os.o(i.osKernelStart)
    i.osThreadCreate                         0x080025f8   Section        0  cmsis_os.o(i.osThreadCreate)
    i.prvAddCurrentTaskToDelayedList         0x0800264c   Section        0  tasks.o(i.prvAddCurrentTaskToDelayedList)
    prvAddCurrentTaskToDelayedList           0x0800264d   Thumb Code   102  tasks.o(i.prvAddCurrentTaskToDelayedList)
    i.prvAddNewTaskToReadyList               0x080026bc   Section        0  tasks.o(i.prvAddNewTaskToReadyList)
    prvAddNewTaskToReadyList                 0x080026bd   Thumb Code   194  tasks.o(i.prvAddNewTaskToReadyList)
    i.prvCheckForValidListAndQueue           0x0800278c   Section        0  timers.o(i.prvCheckForValidListAndQueue)
    prvCheckForValidListAndQueue             0x0800278d   Thumb Code    72  timers.o(i.prvCheckForValidListAndQueue)
    i.prvCopyDataFromQueue                   0x080027e4   Section        0  queue.o(i.prvCopyDataFromQueue)
    prvCopyDataFromQueue                     0x080027e5   Thumb Code    38  queue.o(i.prvCopyDataFromQueue)
    i.prvCopyDataToQueue                     0x0800280a   Section        0  queue.o(i.prvCopyDataToQueue)
    prvCopyDataToQueue                       0x0800280b   Thumb Code   108  queue.o(i.prvCopyDataToQueue)
    i.prvDeleteTCB                           0x08002876   Section        0  tasks.o(i.prvDeleteTCB)
    prvDeleteTCB                             0x08002877   Thumb Code    52  tasks.o(i.prvDeleteTCB)
    i.prvHeapInit                            0x080028ac   Section        0  heap_4.o(i.prvHeapInit)
    prvHeapInit                              0x080028ad   Thumb Code    66  heap_4.o(i.prvHeapInit)
    i.prvIdleTask                            0x080028f8   Section        0  tasks.o(i.prvIdleTask)
    prvIdleTask                              0x080028f9   Thumb Code    82  tasks.o(i.prvIdleTask)
    i.prvInitialiseNewQueue                  0x08002958   Section        0  queue.o(i.prvInitialiseNewQueue)
    prvInitialiseNewQueue                    0x08002959   Thumb Code    22  queue.o(i.prvInitialiseNewQueue)
    i.prvInitialiseNewTask                   0x0800296e   Section        0  tasks.o(i.prvInitialiseNewTask)
    prvInitialiseNewTask                     0x0800296f   Thumb Code   152  tasks.o(i.prvInitialiseNewTask)
    i.prvInsertBlockIntoFreeList             0x08002a08   Section        0  heap_4.o(i.prvInsertBlockIntoFreeList)
    prvInsertBlockIntoFreeList               0x08002a09   Thumb Code    72  heap_4.o(i.prvInsertBlockIntoFreeList)
    i.prvInsertTimerInActiveList             0x08002a54   Section        0  timers.o(i.prvInsertTimerInActiveList)
    prvInsertTimerInActiveList               0x08002a55   Thumb Code    52  timers.o(i.prvInsertTimerInActiveList)
    i.prvIsQueueEmpty                        0x08002a8c   Section        0  queue.o(i.prvIsQueueEmpty)
    prvIsQueueEmpty                          0x08002a8d   Thumb Code    28  queue.o(i.prvIsQueueEmpty)
    i.prvProcessReceivedCommands             0x08002aa8   Section        0  timers.o(i.prvProcessReceivedCommands)
    prvProcessReceivedCommands               0x08002aa9   Thumb Code   234  timers.o(i.prvProcessReceivedCommands)
    i.prvProcessTimerOrBlockTask             0x08002b98   Section        0  timers.o(i.prvProcessTimerOrBlockTask)
    prvProcessTimerOrBlockTask               0x08002b99   Thumb Code   182  timers.o(i.prvProcessTimerOrBlockTask)
    i.prvResetNextTaskUnblockTime            0x08002c58   Section        0  tasks.o(i.prvResetNextTaskUnblockTime)
    prvResetNextTaskUnblockTime              0x08002c59   Thumb Code    26  tasks.o(i.prvResetNextTaskUnblockTime)
    i.prvSampleTimeNow                       0x08002c78   Section        0  timers.o(i.prvSampleTimeNow)
    prvSampleTimeNow                         0x08002c79   Thumb Code    36  timers.o(i.prvSampleTimeNow)
    i.prvSwitchTimerLists                    0x08002ca0   Section        0  timers.o(i.prvSwitchTimerLists)
    prvSwitchTimerLists                      0x08002ca1   Thumb Code   104  timers.o(i.prvSwitchTimerLists)
    i.prvTaskExitError                       0x08002d0c   Section        0  port.o(i.prvTaskExitError)
    prvTaskExitError                         0x08002d0d   Thumb Code    36  port.o(i.prvTaskExitError)
    i.prvTimerTask                           0x08002d34   Section        0  timers.o(i.prvTimerTask)
    prvTimerTask                             0x08002d35   Thumb Code    32  timers.o(i.prvTimerTask)
    i.prvUnlockQueue                         0x08002d58   Section        0  queue.o(i.prvUnlockQueue)
    prvUnlockQueue                           0x08002d59   Thumb Code   106  queue.o(i.prvUnlockQueue)
    i.pvPortMalloc                           0x08002dc4   Section        0  heap_4.o(i.pvPortMalloc)
    i.pxPortInitialiseStack                  0x08002ea0   Section        0  port.o(i.pxPortInitialiseStack)
    i.set_int_enable                         0x08002ecc   Section        0  inv_mpu.o(i.set_int_enable)
    set_int_enable                           0x08002ecd   Thumb Code    84  inv_mpu.o(i.set_int_enable)
    i.uxListRemove                           0x08002f24   Section        0  list.o(i.uxListRemove)
    i.vApplicationGetIdleTaskMemory          0x08002f4c   Section        0  freertos.o(i.vApplicationGetIdleTaskMemory)
    i.vApplicationGetTimerTaskMemory         0x08002f60   Section        0  freertos.o(i.vApplicationGetTimerTaskMemory)
    i.vListInitialise                        0x08002f78   Section        0  list.o(i.vListInitialise)
    i.vListInitialiseItem                    0x08002f8e   Section        0  list.o(i.vListInitialiseItem)
    i.vListInsert                            0x08002f94   Section        0  list.o(i.vListInsert)
    i.vListInsertEnd                         0x08002fc4   Section        0  list.o(i.vListInsertEnd)
    i.vPortEnterCritical                     0x08002fdc   Section        0  port.o(i.vPortEnterCritical)
    i.vPortExitCritical                      0x0800301c   Section        0  port.o(i.vPortExitCritical)
    i.vPortFree                              0x08003044   Section        0  heap_4.o(i.vPortFree)
    i.vPortSetupTimerInterrupt               0x080030a8   Section        0  port.o(i.vPortSetupTimerInterrupt)
    i.vPortValidateInterruptPriority         0x080030cc   Section        0  port.o(i.vPortValidateInterruptPriority)
    i.vQueueAddToRegistry                    0x08003120   Section        0  queue.o(i.vQueueAddToRegistry)
    i.vQueueWaitForMessageRestricted         0x08003148   Section        0  queue.o(i.vQueueWaitForMessageRestricted)
    i.vTaskDelay                             0x0800318c   Section        0  tasks.o(i.vTaskDelay)
    i.vTaskInternalSetTimeOutState           0x080031d8   Section        0  tasks.o(i.vTaskInternalSetTimeOutState)
    i.vTaskMissedYield                       0x080031e8   Section        0  tasks.o(i.vTaskMissedYield)
    i.vTaskPlaceOnEventList                  0x080031f4   Section        0  tasks.o(i.vTaskPlaceOnEventList)
    i.vTaskPlaceOnEventListRestricted        0x08003224   Section        0  tasks.o(i.vTaskPlaceOnEventListRestricted)
    i.vTaskStartScheduler                    0x0800325c   Section        0  tasks.o(i.vTaskStartScheduler)
    i.vTaskSuspendAll                        0x080032e4   Section        0  tasks.o(i.vTaskSuspendAll)
    i.vTaskSwitchContext                     0x080032f4   Section        0  tasks.o(i.vTaskSwitchContext)
    i.xPortStartScheduler                    0x08003350   Section        0  port.o(i.xPortStartScheduler)
    i.xPortSysTickHandler                    0x08003444   Section        0  port.o(i.xPortSysTickHandler)
    i.xQueueGenericCreateStatic              0x08003470   Section        0  queue.o(i.xQueueGenericCreateStatic)
    i.xQueueGenericReset                     0x080034d8   Section        0  queue.o(i.xQueueGenericReset)
    i.xQueueGenericSend                      0x08003560   Section        0  queue.o(i.xQueueGenericSend)
    i.xQueueGenericSendFromISR               0x080036c0   Section        0  queue.o(i.xQueueGenericSendFromISR)
    i.xQueueGiveFromISR                      0x0800377e   Section        0  queue.o(i.xQueueGiveFromISR)
    i.xQueueReceive                          0x0800381c   Section        0  queue.o(i.xQueueReceive)
    i.xTaskCheckForTimeOut                   0x08003954   Section        0  tasks.o(i.xTaskCheckForTimeOut)
    i.xTaskCreate                            0x080039c8   Section        0  tasks.o(i.xTaskCreate)
    i.xTaskCreateStatic                      0x08003a22   Section        0  tasks.o(i.xTaskCreateStatic)
    i.xTaskGetSchedulerState                 0x08003a78   Section        0  tasks.o(i.xTaskGetSchedulerState)
    i.xTaskGetTickCount                      0x08003a94   Section        0  tasks.o(i.xTaskGetTickCount)
    i.xTaskIncrementTick                     0x08003aa0   Section        0  tasks.o(i.xTaskIncrementTick)
    i.xTaskPriorityDisinherit                0x08003b6c   Section        0  tasks.o(i.xTaskPriorityDisinherit)
    i.xTaskRemoveFromEventList               0x08003c04   Section        0  tasks.o(i.xTaskRemoveFromEventList)
    i.xTaskResumeAll                         0x08003c78   Section        0  tasks.o(i.xTaskResumeAll)
    i.xTimerCreateTimerTask                  0x08003d3c   Section        0  timers.o(i.xTimerCreateTimerTask)
    i.xTimerGenericCommand                   0x08003d9c   Section        0  timers.o(i.xTimerGenericCommand)
    x$fpl$fpinit                             0x08003dfc   Section       10  fpinit.o(x$fpl$fpinit)
    $v0                                      0x08003dfc   Number         0  fpinit.o(x$fpl$fpinit)
    .constdata                               0x08003e08   Section       28  main.o(.constdata)
    .constdata                               0x08003e24   Section       16  system_stm32f4xx.o(.constdata)
    .constdata                               0x08003e34   Section       30  inv_mpu.o(.constdata)
    .constdata                               0x08003e52   Section       12  inv_mpu.o(.constdata)
    .constdata                               0x08003e60   Section       40  inv_mpu.o(.constdata)
    .constdata                               0x08003e88   Section      180  embedi_i2c.o(.constdata)
    .constdata                               0x08003f3c   Section       40  _printf_hex_int.o(.constdata)
    uc_hextab                                0x08003f3c   Data          20  _printf_hex_int.o(.constdata)
    lc_hextab                                0x08003f50   Data          20  _printf_hex_int.o(.constdata)
    .constdata                               0x08003f64   Section       17  __printf_flags_wp.o(.constdata)
    maptable                                 0x08003f64   Data          17  __printf_flags_wp.o(.constdata)
    .conststring                             0x08003f78   Section       12  main.o(.conststring)
    embedi_app_init                          0x08003fa4   Section        4  embedi_wheels.o(embedi_app_init)
    __tagsym$$used                           0x08003fa4   Number         0  embedi_wheels.o(embedi_app_init)
    embedi_driver_init                       0x08003fa8   Section        4  embedi_imu.o(embedi_driver_init)
    __tagsym$$used                           0x08003fa8   Number         0  embedi_imu.o(embedi_driver_init)
    embedi_driver_init                       0x08003fac   Section        4  embedi_motor.o(embedi_driver_init)
    __tagsym$$used                           0x08003fac   Number         0  embedi_motor.o(embedi_driver_init)
    embedi_init                              0x08003fb0   Section        4  inv_mpu.o(embedi_init)
    __tagsym$$used                           0x08003fb0   Number         0  inv_mpu.o(embedi_init)
    embedi_irq                               0x08003fb4   Section        8  embedi_wheels.o(embedi_irq)
    __tagsym$$used                           0x08003fb4   Number         0  embedi_wheels.o(embedi_irq)
    __tagsym$$used                           0x08003fb8   Number         0  embedi_wheels.o(embedi_irq)
    embedi_platform_init                     0x08003fbc   Section        4  embedi_uart.o(embedi_platform_init)
    __tagsym$$used                           0x08003fbc   Number         0  embedi_uart.o(embedi_platform_init)
    .data                                    0x20000000   Section        4  main.o(.data)
    .data                                    0x20000004   Section       12  stm32f4xx_hal.o(.data)
    .data                                    0x20000010   Section        4  system_stm32f4xx.o(.data)
    .data                                    0x20000014   Section       60  tasks.o(.data)
    uxDeletedTasksWaitingCleanUp             0x20000018   Data           4  tasks.o(.data)
    uxCurrentNumberOfTasks                   0x2000001c   Data           4  tasks.o(.data)
    xTickCount                               0x20000020   Data           4  tasks.o(.data)
    uxTopReadyPriority                       0x20000024   Data           4  tasks.o(.data)
    xSchedulerRunning                        0x20000028   Data           4  tasks.o(.data)
    xPendedTicks                             0x2000002c   Data           4  tasks.o(.data)
    xYieldPending                            0x20000030   Data           4  tasks.o(.data)
    xNumOfOverflows                          0x20000034   Data           4  tasks.o(.data)
    uxTaskNumber                             0x20000038   Data           4  tasks.o(.data)
    xNextTaskUnblockTime                     0x2000003c   Data           4  tasks.o(.data)
    xIdleTaskHandle                          0x20000040   Data           4  tasks.o(.data)
    uxSchedulerSuspended                     0x20000044   Data           4  tasks.o(.data)
    pxDelayedTaskList                        0x20000048   Data           4  tasks.o(.data)
    pxOverflowDelayedTaskList                0x2000004c   Data           4  tasks.o(.data)
    .data                                    0x20000050   Section       20  timers.o(.data)
    xTimerQueue                              0x20000050   Data           4  timers.o(.data)
    xTimerTaskHandle                         0x20000054   Data           4  timers.o(.data)
    xLastTime                                0x20000058   Data           4  timers.o(.data)
    pxCurrentTimerList                       0x2000005c   Data           4  timers.o(.data)
    pxOverflowTimerList                      0x20000060   Data           4  timers.o(.data)
    .data                                    0x20000064   Section       32  heap_4.o(.data)
    pxEnd                                    0x20000064   Data           4  heap_4.o(.data)
    xFreeBytesRemaining                      0x20000068   Data           4  heap_4.o(.data)
    xMinimumEverFreeBytesRemaining           0x2000006c   Data           4  heap_4.o(.data)
    xNumberOfSuccessfulAllocations           0x20000070   Data           4  heap_4.o(.data)
    xNumberOfSuccessfulFrees                 0x20000074   Data           4  heap_4.o(.data)
    xBlockAllocatedBit                       0x20000078   Data           4  heap_4.o(.data)
    xStart                                   0x2000007c   Data           8  heap_4.o(.data)
    .data                                    0x20000084   Section       12  port.o(.data)
    ucMaxSysCallPriority                     0x20000084   Data           1  port.o(.data)
    uxCriticalNesting                        0x20000088   Data           4  port.o(.data)
    ulMaxPRIGROUPValue                       0x2000008c   Data           4  port.o(.data)
    .data                                    0x20000090   Section       24  embedi_wheels.o(.data)
    balance_pwm                              0x20000094   Data           4  embedi_wheels.o(.data)
    velocity_pwm                             0x20000098   Data           4  embedi_wheels.o(.data)
    velocity                                 0x2000009c   Data           4  embedi_wheels.o(.data)
    velocity_last                            0x200000a0   Data           4  embedi_wheels.o(.data)
    abnormal_protect                         0x200000a4   Data           4  embedi_wheels.o(.data)
    .data                                    0x200000a8   Section       96  inv_mpu.o(.data)
    st                                       0x200000a8   Data          44  inv_mpu.o(.data)
    .data                                    0x20000108   Section        4  embedi_uart.o(.data)
    .data                                    0x2000010c   Section        4  embedi_system.o(.data)
    run_state                                0x2000010c   Data           4  embedi_system.o(.data)
    .bss                                     0x20000110   Section     1704  freertos.o(.bss)
    xIdleTaskTCBBuffer                       0x20000110   Data          84  freertos.o(.bss)
    xIdleStack                               0x20000164   Data         512  freertos.o(.bss)
    xTimerTaskTCBBuffer                      0x20000364   Data          84  freertos.o(.bss)
    xTimerStack                              0x200003b8   Data        1024  freertos.o(.bss)
    .bss                                     0x200007b8   Section       64  queue.o(.bss)
    .bss                                     0x200007f8   Section      240  tasks.o(.bss)
    pxReadyTasksLists                        0x200007f8   Data         140  tasks.o(.bss)
    xDelayedTaskList1                        0x20000884   Data          20  tasks.o(.bss)
    xDelayedTaskList2                        0x20000898   Data          20  tasks.o(.bss)
    xPendingReadyList                        0x200008ac   Data          20  tasks.o(.bss)
    xTasksWaitingTermination                 0x200008c0   Data          20  tasks.o(.bss)
    xSuspendedTaskList                       0x200008d4   Data          20  tasks.o(.bss)
    .bss                                     0x200008e8   Section      232  timers.o(.bss)
    xStaticTimerQueue                        0x200008e8   Data          72  timers.o(.bss)
    ucStaticTimerQueueStorage                0x20000930   Data         120  timers.o(.bss)
    xActiveTimerList1                        0x200009a8   Data          20  timers.o(.bss)
    xActiveTimerList2                        0x200009bc   Data          20  timers.o(.bss)
    .bss                                     0x200009d0   Section    15360  heap_4.o(.bss)
    ucHeap                                   0x200009d0   Data       15360  heap_4.o(.bss)
    .bss                                     0x200045d0   Section      548  embedi_2d_kalman.o(.bss)
    filter                                   0x200045d0   Data         344  embedi_2d_kalman.o(.bss)
    observer                                 0x20004728   Data          68  embedi_2d_kalman.o(.bss)
    P                                        0x2000476c   Data          68  embedi_2d_kalman.o(.bss)
    K                                        0x200047b0   Data          68  embedi_2d_kalman.o(.bss)
    .bss                                     0x200047f4   Section      556  embedi_6d_kalman.o(.bss)
    filter                                   0x200047f4   Data         556  embedi_6d_kalman.o(.bss)
    .bss                                     0x20004a20   Section      504  embedi_imu.o(.bss)
    g_chip                                   0x20004a20   Data         504  embedi_imu.o(.bss)
    .bss                                     0x20004c18   Section       96  libspace.o(.bss)
    HEAP                                     0x20004c78   Section      512  startup_stm32f411xe.o(HEAP)
    Heap_Mem                                 0x20004c78   Data         512  startup_stm32f411xe.o(HEAP)
    STACK                                    0x20004e78   Section     1024  startup_stm32f411xe.o(STACK)
    Stack_Mem                                0x20004e78   Data        1024  startup_stm32f411xe.o(STACK)
    __initial_sp                             0x20005278   Data           0  startup_stm32f411xe.o(STACK)

    Global Symbols

    Symbol Name                              Value     Ov Type        Size  Object(Section)

    BuildAttributes$$THM_ISAv4$E$P$D$K$B$S$7EM$VFPi3$EXTD16$VFPS$VFMA$PE$A:L22UL41UL21$X:L11$S22US41US21$IEEE1$IW$USESV6$~STKCKD$USESV7$~SHL$OTIME$ROPI$IEEEX$EBA8$UX$STANDARDLIB$REQ8$PRES8$EABIv2 0x00000000   Number         0  anon$$obj.o ABSOLUTE
    __ARM_use_no_argv                        0x00000000   Number         0  main.o ABSOLUTE
    _printf_flags                            0x00000000   Number         0  printf_stubs.o ABSOLUTE
    _printf_return_value                     0x00000000   Number         0  printf_stubs.o ABSOLUTE
    _printf_sizespec                         0x00000000   Number         0  printf_stubs.o ABSOLUTE
    _printf_widthprec                        0x00000000   Number         0  printf_stubs.o ABSOLUTE
    __ARM_exceptions_init                     - Undefined Weak Reference
    __alloca_initialize                       - Undefined Weak Reference
    __arm_preinit_                            - Undefined Weak Reference
    __cpp_initialize__aeabi_                  - Undefined Weak Reference
    __cxa_finalize                            - Undefined Weak Reference
    __sigvec_lookup                           - Undefined Weak Reference
    _atexit_init                              - Undefined Weak Reference
    _call_atexit_fns                          - Undefined Weak Reference
    _clock_init                               - Undefined Weak Reference
    _fp_trap_init                             - Undefined Weak Reference
    _fp_trap_shutdown                         - Undefined Weak Reference
    _get_lc_collate                           - Undefined Weak Reference
    _get_lc_ctype                             - Undefined Weak Reference
    _get_lc_monetary                          - Undefined Weak Reference
    _get_lc_time                              - Undefined Weak Reference
    _getenv_init                              - Undefined Weak Reference
    _handle_redirection                       - Undefined Weak Reference
    _init_alloc                               - Undefined Weak Reference
    _init_user_alloc                          - Undefined Weak Reference
    _initio                                   - Undefined Weak Reference
    _mutex_acquire                            - Undefined Weak Reference
    _mutex_release                            - Undefined Weak Reference
    _printf_mbtowc                            - Undefined Weak Reference
    _printf_truncate_signed                   - Undefined Weak Reference
    _printf_truncate_unsigned                 - Undefined Weak Reference
    _rand_init                                - Undefined Weak Reference
    _signal_finish                            - Undefined Weak Reference
    _signal_init                              - Undefined Weak Reference
    _terminate_alloc                          - Undefined Weak Reference
    _terminate_user_alloc                     - Undefined Weak Reference
    _terminateio                              - Undefined Weak Reference
    embedi_app_init$$Length                  0x00000004   Number         0  anon$$obj.o ABSOLUTE
    embedi_init$$Length                      0x00000004   Number         0  anon$$obj.o ABSOLUTE
    embedi_platform_init$$Length             0x00000004   Number         0  anon$$obj.o ABSOLUTE
    embedi_driver_init$$Length               0x00000008   Number         0  anon$$obj.o ABSOLUTE
    embedi_irq$$Length                       0x00000008   Number         0  anon$$obj.o ABSOLUTE
    __Vectors_Size                           0x00000198   Number         0  startup_stm32f411xe.o ABSOLUTE
    __Vectors                                0x08000000   Data           4  startup_stm32f411xe.o(RESET)
    __Vectors_End                            0x08000198   Data           0  startup_stm32f411xe.o(RESET)
    __main                                   0x08000199   Thumb Code     8  __main.o(!!!main)
    __scatterload                            0x080001a1   Thumb Code     0  __scatter.o(!!!scatter)
    __scatterload_rt2                        0x080001a1   Thumb Code    44  __scatter.o(!!!scatter)
    __scatterload_rt2_thumb_only             0x080001a1   Thumb Code     0  __scatter.o(!!!scatter)
    __scatterload_null                       0x080001af   Thumb Code     0  __scatter.o(!!!scatter)
    __scatterload_copy                       0x080001d5   Thumb Code    26  __scatter_copy.o(!!handler_copy)
    __scatterload_zeroinit                   0x080001f1   Thumb Code    28  __scatter_zi.o(!!handler_zi)
    _printf_d                                0x0800020d   Thumb Code     0  _printf_d.o(.ARM.Collect$$_printf_percent$$00000009)
    _printf_percent                          0x0800020d   Thumb Code     0  _printf_percent.o(.ARM.Collect$$_printf_percent$$00000000)
    _printf_x                                0x08000213   Thumb Code     0  _printf_x.o(.ARM.Collect$$_printf_percent$$0000000C)
    _printf_percent_end                      0x08000219   Thumb Code     0  _printf_percent_end.o(.ARM.Collect$$_printf_percent$$00000017)
    __rt_lib_init                            0x0800021d   Thumb Code     0  libinit.o(.ARM.Collect$$libinit$$00000000)
    __rt_lib_init_fp_1                       0x0800021f   Thumb Code     0  libinit2.o(.ARM.Collect$$libinit$$00000001)
    __rt_lib_init_alloca_1                   0x08000223   Thumb Code     0  libinit2.o(.ARM.Collect$$libinit$$0000002E)
    __rt_lib_init_argv_1                     0x08000223   Thumb Code     0  libinit2.o(.ARM.Collect$$libinit$$0000002C)
    __rt_lib_init_atexit_1                   0x08000223   Thumb Code     0  libinit2.o(.ARM.Collect$$libinit$$0000001B)
    __rt_lib_init_clock_1                    0x08000223   Thumb Code     0  libinit2.o(.ARM.Collect$$libinit$$00000021)
    __rt_lib_init_cpp_1                      0x08000223   Thumb Code     0  libinit2.o(.ARM.Collect$$libinit$$00000032)
    __rt_lib_init_exceptions_1               0x08000223   Thumb Code     0  libinit2.o(.ARM.Collect$$libinit$$00000030)
    __rt_lib_init_fp_trap_1                  0x08000223   Thumb Code     0  libinit2.o(.ARM.Collect$$libinit$$0000001F)
    __rt_lib_init_getenv_1                   0x08000223   Thumb Code     0  libinit2.o(.ARM.Collect$$libinit$$00000023)
    __rt_lib_init_heap_1                     0x08000223   Thumb Code     0  libinit2.o(.ARM.Collect$$libinit$$0000000A)
    __rt_lib_init_lc_collate_1               0x08000223   Thumb Code     0  libinit2.o(.ARM.Collect$$libinit$$00000011)
    __rt_lib_init_lc_ctype_1                 0x08000223   Thumb Code     0  libinit2.o(.ARM.Collect$$libinit$$00000013)
    __rt_lib_init_lc_monetary_1              0x08000223   Thumb Code     0  libinit2.o(.ARM.Collect$$libinit$$00000015)
    __rt_lib_init_lc_numeric_1               0x08000223   Thumb Code     0  libinit2.o(.ARM.Collect$$libinit$$00000017)
    __rt_lib_init_lc_time_1                  0x08000223   Thumb Code     0  libinit2.o(.ARM.Collect$$libinit$$00000019)
    __rt_lib_init_preinit_1                  0x08000223   Thumb Code     0  libinit2.o(.ARM.Collect$$libinit$$00000004)
    __rt_lib_init_rand_1                     0x08000223   Thumb Code     0  libinit2.o(.ARM.Collect$$libinit$$0000000E)
    __rt_lib_init_return                     0x08000223   Thumb Code     0  libinit2.o(.ARM.Collect$$libinit$$00000033)
    __rt_lib_init_signal_1                   0x08000223   Thumb Code     0  libinit2.o(.ARM.Collect$$libinit$$0000001D)
    __rt_lib_init_stdio_1                    0x08000223   Thumb Code     0  libinit2.o(.ARM.Collect$$libinit$$00000025)
    __rt_lib_init_user_alloc_1               0x08000223   Thumb Code     0  libinit2.o(.ARM.Collect$$libinit$$0000000C)
    __rt_lib_shutdown                        0x08000225   Thumb Code     0  libshutdown.o(.ARM.Collect$$libshutdown$$00000000)
    __rt_lib_shutdown_fp_trap_1              0x08000227   Thumb Code     0  libshutdown2.o(.ARM.Collect$$libshutdown$$00000006)
    __rt_lib_shutdown_heap_1                 0x08000227   Thumb Code     0  libshutdown2.o(.ARM.Collect$$libshutdown$$0000000E)
    __rt_lib_shutdown_return                 0x08000227   Thumb Code     0  libshutdown2.o(.ARM.Collect$$libshutdown$$0000000F)
    __rt_lib_shutdown_signal_1               0x08000227   Thumb Code     0  libshutdown2.o(.ARM.Collect$$libshutdown$$00000009)
    __rt_lib_shutdown_stdio_1                0x08000227   Thumb Code     0  libshutdown2.o(.ARM.Collect$$libshutdown$$00000003)
    __rt_lib_shutdown_user_alloc_1           0x08000227   Thumb Code     0  libshutdown2.o(.ARM.Collect$$libshutdown$$0000000B)
    __rt_entry                               0x08000229   Thumb Code     0  __rtentry.o(.ARM.Collect$$rtentry$$00000000)
    __rt_entry_presh_1                       0x08000229   Thumb Code     0  __rtentry2.o(.ARM.Collect$$rtentry$$00000002)
    __rt_entry_sh                            0x08000229   Thumb Code     0  __rtentry4.o(.ARM.Collect$$rtentry$$00000004)
    __rt_entry_li                            0x0800022f   Thumb Code     0  __rtentry2.o(.ARM.Collect$$rtentry$$0000000A)
    __rt_entry_postsh_1                      0x0800022f   Thumb Code     0  __rtentry2.o(.ARM.Collect$$rtentry$$00000009)
    __rt_entry_main                          0x08000233   Thumb Code     0  __rtentry2.o(.ARM.Collect$$rtentry$$0000000D)
    __rt_entry_postli_1                      0x08000233   Thumb Code     0  __rtentry2.o(.ARM.Collect$$rtentry$$0000000C)
    __rt_exit                                0x0800023b   Thumb Code     0  rtexit.o(.ARM.Collect$$rtexit$$00000000)
    __rt_exit_ls                             0x0800023d   Thumb Code     0  rtexit2.o(.ARM.Collect$$rtexit$$00000003)
    __rt_exit_prels_1                        0x0800023d   Thumb Code     0  rtexit2.o(.ARM.Collect$$rtexit$$00000002)
    __rt_exit_exit                           0x08000241   Thumb Code     0  rtexit2.o(.ARM.Collect$$rtexit$$00000004)
    SVC_Handler                              0x08000249   Thumb Code    28  port.o(.emb_text)
    __asm___6_port_c_39a90d8d__prvStartFirstTask 0x08000269   Thumb Code    36  port.o(.emb_text)
    __asm___6_port_c_39a90d8d__prvEnableVFP  0x08000291   Thumb Code    16  port.o(.emb_text)
    PendSV_Handler                           0x080002a5   Thumb Code    88  port.o(.emb_text)
    vPortGetIPSR                             0x08000301   Thumb Code     6  port.o(.emb_text)
    _delay_loop                              0x08000309   Thumb Code     6  embedi_delay.o(.emb_text)
    Reset_Handler                            0x08000311   Thumb Code     8  startup_stm32f411xe.o(.text)
    ADC_IRQHandler                           0x0800032b   Thumb Code     0  startup_stm32f411xe.o(.text)
    DMA1_Stream0_IRQHandler                  0x0800032b   Thumb Code     0  startup_stm32f411xe.o(.text)
    DMA1_Stream1_IRQHandler                  0x0800032b   Thumb Code     0  startup_stm32f411xe.o(.text)
    DMA1_Stream2_IRQHandler                  0x0800032b   Thumb Code     0  startup_stm32f411xe.o(.text)
    DMA1_Stream3_IRQHandler                  0x0800032b   Thumb Code     0  startup_stm32f411xe.o(.text)
    DMA1_Stream4_IRQHandler                  0x0800032b   Thumb Code     0  startup_stm32f411xe.o(.text)
    DMA1_Stream5_IRQHandler                  0x0800032b   Thumb Code     0  startup_stm32f411xe.o(.text)
    DMA1_Stream6_IRQHandler                  0x0800032b   Thumb Code     0  startup_stm32f411xe.o(.text)
    DMA1_Stream7_IRQHandler                  0x0800032b   Thumb Code     0  startup_stm32f411xe.o(.text)
    DMA2_Stream0_IRQHandler                  0x0800032b   Thumb Code     0  startup_stm32f411xe.o(.text)
    DMA2_Stream1_IRQHandler                  0x0800032b   Thumb Code     0  startup_stm32f411xe.o(.text)
    DMA2_Stream2_IRQHandler                  0x0800032b   Thumb Code     0  startup_stm32f411xe.o(.text)
    DMA2_Stream3_IRQHandler                  0x0800032b   Thumb Code     0  startup_stm32f411xe.o(.text)
    DMA2_Stream4_IRQHandler                  0x0800032b   Thumb Code     0  startup_stm32f411xe.o(.text)
    DMA2_Stream5_IRQHandler                  0x0800032b   Thumb Code     0  startup_stm32f411xe.o(.text)
    DMA2_Stream6_IRQHandler                  0x0800032b   Thumb Code     0  startup_stm32f411xe.o(.text)
    DMA2_Stream7_IRQHandler                  0x0800032b   Thumb Code     0  startup_stm32f411xe.o(.text)
    EXTI0_IRQHandler                         0x0800032b   Thumb Code     0  startup_stm32f411xe.o(.text)
    EXTI15_10_IRQHandler                     0x0800032b   Thumb Code     0  startup_stm32f411xe.o(.text)
    EXTI1_IRQHandler                         0x0800032b   Thumb Code     0  startup_stm32f411xe.o(.text)
    EXTI2_IRQHandler                         0x0800032b   Thumb Code     0  startup_stm32f411xe.o(.text)
    EXTI3_IRQHandler                         0x0800032b   Thumb Code     0  startup_stm32f411xe.o(.text)
    EXTI4_IRQHandler                         0x0800032b   Thumb Code     0  startup_stm32f411xe.o(.text)
    EXTI9_5_IRQHandler                       0x0800032b   Thumb Code     0  startup_stm32f411xe.o(.text)
    FLASH_IRQHandler                         0x0800032b   Thumb Code     0  startup_stm32f411xe.o(.text)
    FPU_IRQHandler                           0x0800032b   Thumb Code     0  startup_stm32f411xe.o(.text)
    I2C1_ER_IRQHandler                       0x0800032b   Thumb Code     0  startup_stm32f411xe.o(.text)
    I2C1_EV_IRQHandler                       0x0800032b   Thumb Code     0  startup_stm32f411xe.o(.text)
    I2C2_ER_IRQHandler                       0x0800032b   Thumb Code     0  startup_stm32f411xe.o(.text)
    I2C2_EV_IRQHandler                       0x0800032b   Thumb Code     0  startup_stm32f411xe.o(.text)
    I2C3_ER_IRQHandler                       0x0800032b   Thumb Code     0  startup_stm32f411xe.o(.text)
    I2C3_EV_IRQHandler                       0x0800032b   Thumb Code     0  startup_stm32f411xe.o(.text)
    OTG_FS_IRQHandler                        0x0800032b   Thumb Code     0  startup_stm32f411xe.o(.text)
    OTG_FS_WKUP_IRQHandler                   0x0800032b   Thumb Code     0  startup_stm32f411xe.o(.text)
    PVD_IRQHandler                           0x0800032b   Thumb Code     0  startup_stm32f411xe.o(.text)
    RCC_IRQHandler                           0x0800032b   Thumb Code     0  startup_stm32f411xe.o(.text)
    RTC_Alarm_IRQHandler                     0x0800032b   Thumb Code     0  startup_stm32f411xe.o(.text)
    RTC_WKUP_IRQHandler                      0x0800032b   Thumb Code     0  startup_stm32f411xe.o(.text)
    SDIO_IRQHandler                          0x0800032b   Thumb Code     0  startup_stm32f411xe.o(.text)
    SPI1_IRQHandler                          0x0800032b   Thumb Code     0  startup_stm32f411xe.o(.text)
    SPI2_IRQHandler                          0x0800032b   Thumb Code     0  startup_stm32f411xe.o(.text)
    SPI3_IRQHandler                          0x0800032b   Thumb Code     0  startup_stm32f411xe.o(.text)
    SPI4_IRQHandler                          0x0800032b   Thumb Code     0  startup_stm32f411xe.o(.text)
    SPI5_IRQHandler                          0x0800032b   Thumb Code     0  startup_stm32f411xe.o(.text)
    TAMP_STAMP_IRQHandler                    0x0800032b   Thumb Code     0  startup_stm32f411xe.o(.text)
    TIM1_BRK_TIM9_IRQHandler                 0x0800032b   Thumb Code     0  startup_stm32f411xe.o(.text)
    TIM1_CC_IRQHandler                       0x0800032b   Thumb Code     0  startup_stm32f411xe.o(.text)
    TIM1_TRG_COM_TIM11_IRQHandler            0x0800032b   Thumb Code     0  startup_stm32f411xe.o(.text)
    TIM1_UP_TIM10_IRQHandler                 0x0800032b   Thumb Code     0  startup_stm32f411xe.o(.text)
    TIM2_IRQHandler                          0x0800032b   Thumb Code     0  startup_stm32f411xe.o(.text)
    TIM3_IRQHandler                          0x0800032b   Thumb Code     0  startup_stm32f411xe.o(.text)
    TIM4_IRQHandler                          0x0800032b   Thumb Code     0  startup_stm32f411xe.o(.text)
    TIM5_IRQHandler                          0x0800032b   Thumb Code     0  startup_stm32f411xe.o(.text)
    USART1_IRQHandler                        0x0800032b   Thumb Code     0  startup_stm32f411xe.o(.text)
    USART2_IRQHandler                        0x0800032b   Thumb Code     0  startup_stm32f411xe.o(.text)
    USART6_IRQHandler                        0x0800032b   Thumb Code     0  startup_stm32f411xe.o(.text)
    WWDG_IRQHandler                          0x0800032b   Thumb Code     0  startup_stm32f411xe.o(.text)
    __user_initial_stackheap                 0x0800032d   Thumb Code     0  startup_stm32f411xe.o(.text)
    __use_no_semihosting                     0x08000351   Thumb Code     2  use_no_semi_2.o(.text)
    __aeabi_uldivmod                         0x08000353   Thumb Code     0  lludivv7m.o(.text)
    _ll_udiv                                 0x08000353   Thumb Code   238  lludivv7m.o(.text)
    __2printf                                0x08000441   Thumb Code    20  noretval__2printf.o(.text)
    _printf_int_dec                          0x08000459   Thumb Code   104  _printf_dec.o(.text)
    _printf_int_hex                          0x080004d1   Thumb Code    84  _printf_hex_int.o(.text)
    _printf_longlong_hex                     0x080004d1   Thumb Code     0  _printf_hex_int.o(.text)
    __printf                                 0x08000529   Thumb Code   308  __printf_flags_wp.o(.text)
    __aeabi_memcpy                           0x08000661   Thumb Code     0  rt_memcpy_v6.o(.text)
    __rt_memcpy                              0x08000661   Thumb Code   138  rt_memcpy_v6.o(.text)
    _memcpy_lastbytes                        0x080006c7   Thumb Code     0  rt_memcpy_v6.o(.text)
    __aeabi_memcpy4                          0x080006eb   Thumb Code     0  rt_memcpy_w.o(.text)
    __aeabi_memcpy8                          0x080006eb   Thumb Code     0  rt_memcpy_w.o(.text)
    __rt_memcpy_w                            0x080006eb   Thumb Code   100  rt_memcpy_w.o(.text)
    _memcpy_lastbytes_aligned                0x08000733   Thumb Code     0  rt_memcpy_w.o(.text)
    __aeabi_memclr4                          0x0800074f   Thumb Code     0  rt_memclr_w.o(.text)
    __aeabi_memclr8                          0x0800074f   Thumb Code     0  rt_memclr_w.o(.text)
    __rt_memclr_w                            0x0800074f   Thumb Code    78  rt_memclr_w.o(.text)
    _memset_w                                0x08000753   Thumb Code     0  rt_memclr_w.o(.text)
    __use_two_region_memory                  0x0800079d   Thumb Code     2  heapauxi.o(.text)
    __rt_heap_escrow$2region                 0x0800079f   Thumb Code     2  heapauxi.o(.text)
    __rt_heap_expand$2region                 0x080007a1   Thumb Code     2  heapauxi.o(.text)
    __I$use$semihosting                      0x080007a3   Thumb Code     0  use_no_semi.o(.text)
    __use_no_semihosting_swi                 0x080007a3   Thumb Code     2  use_no_semi.o(.text)
    _printf_int_common                       0x080007a5   Thumb Code   178  _printf_intcommon.o(.text)
    _printf_char_file                        0x08000859   Thumb Code    32  _printf_char_file.o(.text)
    _printf_char_common                      0x08000887   Thumb Code    32  _printf_char_common.o(.text)
    ferror                                   0x080008ad   Thumb Code     8  ferror.o(.text)
    __user_libspace                          0x080008b5   Thumb Code     8  libspace.o(.text)
    __user_perproc_libspace                  0x080008b5   Thumb Code     0  libspace.o(.text)
    __user_perthread_libspace                0x080008b5   Thumb Code     0  libspace.o(.text)
    __user_setup_stackheap                   0x080008bd   Thumb Code    74  sys_stackheap_outer.o(.text)
    exit                                     0x08000907   Thumb Code    12  exit.o(.text)
    BusFault_Handler                         0x08000913   Thumb Code     2  stm32f4xx_it.o(i.BusFault_Handler)
    DebugMon_Handler                         0x08000915   Thumb Code     2  stm32f4xx_it.o(i.DebugMon_Handler)
    HAL_GPIO_Init                            0x08000919   Thumb Code   446  stm32f4xx_hal_gpio.o(i.HAL_GPIO_Init)
    HAL_GPIO_ReadPin                         0x08000af9   Thumb Code    10  stm32f4xx_hal_gpio.o(i.HAL_GPIO_ReadPin)
    HAL_GPIO_WritePin                        0x08000b03   Thumb Code    10  stm32f4xx_hal_gpio.o(i.HAL_GPIO_WritePin)
    HAL_GetTick                              0x08000b0d   Thumb Code     6  stm32f4xx_hal.o(i.HAL_GetTick)
    HAL_IncTick                              0x08000b19   Thumb Code    12  stm32f4xx_hal.o(i.HAL_IncTick)
    HAL_Init                                 0x08000b29   Thumb Code    48  stm32f4xx_hal.o(i.HAL_Init)
    HAL_InitTick                             0x08000b5d   Thumb Code    54  stm32f4xx_hal.o(i.HAL_InitTick)
    HAL_MspInit                              0x08000b9d   Thumb Code    52  stm32f4xx_hal_msp.o(i.HAL_MspInit)
    HAL_NVIC_SetPriority                     0x08000bd5   Thumb Code    60  stm32f4xx_hal_cortex.o(i.HAL_NVIC_SetPriority)
    HAL_NVIC_SetPriorityGrouping             0x08000c15   Thumb Code    26  stm32f4xx_hal_cortex.o(i.HAL_NVIC_SetPriorityGrouping)
    HAL_RCC_ClockConfig                      0x08000c39   Thumb Code   288  stm32f4xx_hal_rcc.o(i.HAL_RCC_ClockConfig)
    HAL_RCC_GetSysClockFreq                  0x08000d6d   Thumb Code    66  stm32f4xx_hal_rcc.o(i.HAL_RCC_GetSysClockFreq)
    HAL_RCC_OscConfig                        0x08000db9   Thumb Code   856  stm32f4xx_hal_rcc.o(i.HAL_RCC_OscConfig)
    HAL_SYSTICK_Config                       0x08001125   Thumb Code    40  stm32f4xx_hal_cortex.o(i.HAL_SYSTICK_Config)
    HardFault_Handler                        0x0800114d   Thumb Code     2  stm32f4xx_it.o(i.HardFault_Handler)
    MemManage_Handler                        0x080011e5   Thumb Code     2  stm32f4xx_it.o(i.MemManage_Handler)
    NMI_Handler                              0x080011e7   Thumb Code     2  stm32f4xx_it.o(i.NMI_Handler)
    StartDefaultTask                         0x080011e9   Thumb Code     8  main.o(i.StartDefaultTask)
    SysTick_Handler                          0x080011f1   Thumb Code    24  stm32f4xx_it.o(i.SysTick_Handler)
    SystemClock_Config                       0x08001209   Thumb Code   136  main.o(i.SystemClock_Config)
    SystemInit                               0x08001299   Thumb Code    12  system_stm32f4xx.o(i.SystemInit)
    UsageFault_Handler                       0x080012a9   Thumb Code     2  stm32f4xx_it.o(i.UsageFault_Handler)
    _is_digit                                0x0800138d   Thumb Code    14  __printf_wp.o(i._is_digit)
    _sys_exit                                0x08001751   Thumb Code     2  embedi_uart.o(i._sys_exit)
    embedi_2d_kalman_init                    0x080017d5   Thumb Code   182  embedi_2d_kalman.o(i.embedi_2d_kalman_init)
    embedi_6d_kalman_init                    0x080018a9   Thumb Code   152  embedi_6d_kalman.o(i.embedi_6d_kalman_init)
    embedi_configure_fifo                    0x08001955   Thumb Code    18  embedi_imu.o(i.embedi_configure_fifo)
    embedi_create_eye_matrix                 0x0800196d   Thumb Code    78  embedi_math.o(i.embedi_create_eye_matrix)
    embedi_create_matrix                     0x080019dd   Thumb Code    64  embedi_math.o(i.embedi_create_matrix)
    embedi_delay_ms                          0x08001a3d   Thumb Code    10  embedi_delay.o(i.embedi_delay_ms)
    embedi_delay_us                          0x08001a47   Thumb Code    12  embedi_delay.o(i.embedi_delay_us)
    embedi_enable_sensor                     0x08001a55   Thumb Code    18  embedi_imu.o(i.embedi_enable_sensor)
    embedi_get_accel_fsr                     0x08001a6d   Thumb Code    18  embedi_imu.o(i.embedi_get_accel_fsr)
    embedi_get_gyro_fsr                      0x08001a85   Thumb Code    18  embedi_imu.o(i.embedi_get_gyro_fsr)
    embedi_get_sample_rate                   0x08001a9d   Thumb Code    18  embedi_imu.o(i.embedi_get_sample_rate)
    embedi_get_systick                       0x08001ab5   Thumb Code    14  embedi_delay.o(i.embedi_get_systick)
    embedi_i2c_read_block                    0x08001ac3   Thumb Code     4  embedi_i2c.o(i.embedi_i2c_read_block)
    embedi_i2c_write_block                   0x08001ac7   Thumb Code     4  embedi_i2c.o(i.embedi_i2c_write_block)
    embedi_imu_hardware_init                 0x08001acd   Thumb Code    18  embedi_imu.o(i.embedi_imu_hardware_init)
    embedi_imu_init                          0x08001ae5   Thumb Code    90  embedi_imu.o(i.embedi_imu_init)
    embedi_matrix_scale                      0x08001b75   Thumb Code    58  embedi_math.o(i.embedi_matrix_scale)
    embedi_read_flash                        0x08001bb1   Thumb Code    26  embedi_flash.o(i.embedi_read_flash)
    embedi_register_operations               0x08001bcd   Thumb Code    24  embedi_imu.o(i.embedi_register_operations)
    embedi_set_run_state                     0x08001c15   Thumb Code     6  embedi_system.o(i.embedi_set_run_state)
    embedi_set_sample_rate                   0x08001c21   Thumb Code    18  embedi_imu.o(i.embedi_set_sample_rate)
    embedi_uart_init                         0x08001c39   Thumb Code     2  embedi_uart.o(i.embedi_uart_init)
    embedi_wheels_init                       0x08001c3b   Thumb Code     2  embedi_wheels.o(i.embedi_wheels_init)
    fputc                                    0x08001c3d   Thumb Code     2  embedi_uart.o(i.fputc)
    imu_irq_cb                               0x08001c41   Thumb Code    22  embedi_wheels.o(i.imu_irq_cb)
    inv_imu_init                             0x08001c5d   Thumb Code     6  inv_mpu.o(i.inv_imu_init)
    key_irq_cb                               0x08001c69   Thumb Code    24  embedi_wheels.o(i.key_irq_cb)
    main                                     0x08001c95   Thumb Code    42  main.o(i.main)
    mpu_configure_fifo                       0x08001cd9   Thumb Code    78  inv_mpu.o(i.mpu_configure_fifo)
    mpu_get_accel_fsr                        0x08001d2d   Thumb Code    54  inv_mpu.o(i.mpu_get_accel_fsr)
    mpu_get_accel_reg                        0x08001d69   Thumb Code    76  inv_mpu.o(i.mpu_get_accel_reg)
    mpu_get_accel_sens                       0x08001db9   Thumb Code    62  inv_mpu.o(i.mpu_get_accel_sens)
    mpu_get_gyro_fsr                         0x08001dfd   Thumb Code    48  inv_mpu.o(i.mpu_get_gyro_fsr)
    mpu_get_gyro_reg                         0x08001e31   Thumb Code    78  inv_mpu.o(i.mpu_get_gyro_reg)
    mpu_get_gyro_sens                        0x08001e85   Thumb Code    54  inv_mpu.o(i.mpu_get_gyro_sens)
    mpu_get_sample_rate                      0x08001ed1   Thumb Code    22  inv_mpu.o(i.mpu_get_sample_rate)
    mpu_init                                 0x08001eed   Thumb Code   220  inv_mpu.o(i.mpu_init)
    mpu_lp_accel_mode                        0x08002011   Thumb Code   178  inv_mpu.o(i.mpu_lp_accel_mode)
    mpu_reset_fifo                           0x080020c9   Thumb Code   346  inv_mpu.o(i.mpu_reset_fifo)
    mpu_set_accel_fsr                        0x08002229   Thumb Code    98  inv_mpu.o(i.mpu_set_accel_fsr)
    mpu_set_bypass                           0x08002291   Thumb Code   214  inv_mpu.o(i.mpu_set_bypass)
    mpu_set_gyro_fsr                         0x0800236d   Thumb Code   104  inv_mpu.o(i.mpu_set_gyro_fsr)
    mpu_set_int_latched                      0x080023d9   Thumb Code    94  inv_mpu.o(i.mpu_set_int_latched)
    mpu_set_lpf                              0x0800243d   Thumb Code   102  inv_mpu.o(i.mpu_set_lpf)
    mpu_set_sample_rate                      0x080024a9   Thumb Code   124  inv_mpu.o(i.mpu_set_sample_rate)
    mpu_set_sensors                          0x08002529   Thumb Code   178  inv_mpu.o(i.mpu_set_sensors)
    osDelay                                  0x080025e1   Thumb Code    14  cmsis_os.o(i.osDelay)
    osKernelStart                            0x080025ef   Thumb Code    10  cmsis_os.o(i.osKernelStart)
    osThreadCreate                           0x080025f9   Thumb Code    84  cmsis_os.o(i.osThreadCreate)
    pvPortMalloc                             0x08002dc5   Thumb Code   216  heap_4.o(i.pvPortMalloc)
    pxPortInitialiseStack                    0x08002ea1   Thumb Code    40  port.o(i.pxPortInitialiseStack)
    uxListRemove                             0x08002f25   Thumb Code    38  list.o(i.uxListRemove)
    vApplicationGetIdleTaskMemory            0x08002f4d   Thumb Code    16  freertos.o(i.vApplicationGetIdleTaskMemory)
    vApplicationGetTimerTaskMemory           0x08002f61   Thumb Code    18  freertos.o(i.vApplicationGetTimerTaskMemory)
    vListInitialise                          0x08002f79   Thumb Code    22  list.o(i.vListInitialise)
    vListInitialiseItem                      0x08002f8f   Thumb Code     6  list.o(i.vListInitialiseItem)
    vListInsert                              0x08002f95   Thumb Code    48  list.o(i.vListInsert)
    vListInsertEnd                           0x08002fc5   Thumb Code    24  list.o(i.vListInsertEnd)
    vPortEnterCritical                       0x08002fdd   Thumb Code    54  port.o(i.vPortEnterCritical)
    vPortExitCritical                        0x0800301d   Thumb Code    34  port.o(i.vPortExitCritical)
    vPortFree                                0x08003045   Thumb Code    94  heap_4.o(i.vPortFree)
    vPortSetupTimerInterrupt                 0x080030a9   Thumb Code    32  port.o(i.vPortSetupTimerInterrupt)
    vPortValidateInterruptPriority           0x080030cd   Thumb Code    74  port.o(i.vPortValidateInterruptPriority)
    vQueueAddToRegistry                      0x08003121   Thumb Code    34  queue.o(i.vQueueAddToRegistry)
    vQueueWaitForMessageRestricted           0x08003149   Thumb Code    68  queue.o(i.vQueueWaitForMessageRestricted)
    vTaskDelay                               0x0800318d   Thumb Code    66  tasks.o(i.vTaskDelay)
    vTaskInternalSetTimeOutState             0x080031d9   Thumb Code    12  tasks.o(i.vTaskInternalSetTimeOutState)
    vTaskMissedYield                         0x080031e9   Thumb Code     8  tasks.o(i.vTaskMissedYield)
    vTaskPlaceOnEventList                    0x080031f5   Thumb Code    44  tasks.o(i.vTaskPlaceOnEventList)
    vTaskPlaceOnEventListRestricted          0x08003225   Thumb Code    52  tasks.o(i.vTaskPlaceOnEventListRestricted)
    vTaskStartScheduler                      0x0800325d   Thumb Code   118  tasks.o(i.vTaskStartScheduler)
    vTaskSuspendAll                          0x080032e5   Thumb Code    10  tasks.o(i.vTaskSuspendAll)
    vTaskSwitchContext                       0x080032f5   Thumb Code    82  tasks.o(i.vTaskSwitchContext)
    xPortStartScheduler                      0x08003351   Thumb Code   222  port.o(i.xPortStartScheduler)
    xPortSysTickHandler                      0x08003445   Thumb Code    38  port.o(i.xPortSysTickHandler)
    xQueueGenericCreateStatic                0x08003471   Thumb Code   102  queue.o(i.xQueueGenericCreateStatic)
    xQueueGenericReset                       0x080034d9   Thumb Code   132  queue.o(i.xQueueGenericReset)
    xQueueGenericSend                        0x08003561   Thumb Code   346  queue.o(i.xQueueGenericSend)
    xQueueGenericSendFromISR                 0x080036c1   Thumb Code   190  queue.o(i.xQueueGenericSendFromISR)
    xQueueGiveFromISR                        0x0800377f   Thumb Code   156  queue.o(i.xQueueGiveFromISR)
    xQueueReceive                            0x0800381d   Thumb Code   308  queue.o(i.xQueueReceive)
    xTaskCheckForTimeOut                     0x08003955   Thumb Code   112  tasks.o(i.xTaskCheckForTimeOut)
    xTaskCreate                              0x080039c9   Thumb Code    90  tasks.o(i.xTaskCreate)
    xTaskCreateStatic                        0x08003a23   Thumb Code    86  tasks.o(i.xTaskCreateStatic)
    xTaskGetSchedulerState                   0x08003a79   Thumb Code    22  tasks.o(i.xTaskGetSchedulerState)
    xTaskGetTickCount                        0x08003a95   Thumb Code     6  tasks.o(i.xTaskGetTickCount)
    xTaskIncrementTick                       0x08003aa1   Thumb Code   194  tasks.o(i.xTaskIncrementTick)
    xTaskPriorityDisinherit                  0x08003b6d   Thumb Code   144  tasks.o(i.xTaskPriorityDisinherit)
    xTaskRemoveFromEventList                 0x08003c05   Thumb Code   108  tasks.o(i.xTaskRemoveFromEventList)
    xTaskResumeAll                           0x08003c79   Thumb Code   182  tasks.o(i.xTaskResumeAll)
    xTimerCreateTimerTask                    0x08003d3d   Thumb Code    78  timers.o(i.xTimerCreateTimerTask)
    xTimerGenericCommand                     0x08003d9d   Thumb Code    92  timers.o(i.xTimerGenericCommand)
    _fp_init                                 0x08003dfd   Thumb Code    10  fpinit.o(x$fpl$fpinit)
    __fplib_config_fpu_vfp                   0x08003e05   Thumb Code     0  fpinit.o(x$fpl$fpinit)
    __fplib_config_pureend_doubles           0x08003e05   Thumb Code     0  fpinit.o(x$fpl$fpinit)
    AHBPrescTable                            0x08003e24   Data          16  system_stm32f4xx.o(.constdata)
    reg                                      0x08003e34   Data          30  inv_mpu.o(.constdata)
    hw                                       0x08003e52   Data          12  inv_mpu.o(.constdata)
    test                                     0x08003e60   Data          40  inv_mpu.o(.constdata)
    Region$$Table$$Base                      0x08003f84   Number         0  anon$$obj.o(Region$$Table)
    Region$$Table$$Limit                     0x08003fa4   Number         0  anon$$obj.o(Region$$Table)
    __embedi_embedi_wheels_init              0x08003fa4   Data           4  embedi_wheels.o(embedi_app_init)
    embedi_app_init$$Base                    0x08003fa4   Number         0  embedi_wheels.o(embedi_app_init)
    __embedi_embedi_imu_init                 0x08003fa8   Data           4  embedi_imu.o(embedi_driver_init)
    embedi_driver_init$$Base                 0x08003fa8   Number         0  embedi_imu.o(embedi_driver_init)
    __embedi_motor_init                      0x08003fac   Data           4  embedi_motor.o(embedi_driver_init)
    __embedi_inv_imu_init                    0x08003fb0   Data           4  inv_mpu.o(embedi_init)
    embedi_init$$Base                        0x08003fb0   Number         0  inv_mpu.o(embedi_init)
    __embedi_imu_irq_cb                      0x08003fb4   Data           4  embedi_wheels.o(embedi_irq)
    embedi_irq$$Base                         0x08003fb4   Number         0  embedi_wheels.o(embedi_irq)
    __embedi_key_irq_cb                      0x08003fb8   Data           4  embedi_wheels.o(embedi_irq)
    __embedi_embedi_uart_init                0x08003fbc   Data           4  embedi_uart.o(embedi_platform_init)
    embedi_platform_init$$Base               0x08003fbc   Number         0  embedi_uart.o(embedi_platform_init)
    defaultTaskHandle                        0x20000000   Data           4  main.o(.data)
    uwTickFreq                               0x20000004   Data           1  stm32f4xx_hal.o(.data)
    uwTickPrio                               0x20000008   Data           4  stm32f4xx_hal.o(.data)
    uwTick                                   0x2000000c   Data           4  stm32f4xx_hal.o(.data)
    SystemCoreClock                          0x20000010   Data           4  system_stm32f4xx.o(.data)
    pxCurrentTCB                             0x20000014   Data           4  tasks.o(.data)
    xSemaphore                               0x20000090   Data           4  embedi_wheels.o(.data)
    inv_ops                                  0x200000d4   Data          52  inv_mpu.o(.data)
    __stdout                                 0x20000108   Data           4  embedi_uart.o(.data)
    xQueueRegistry                           0x200007b8   Data          64  queue.o(.bss)
    __libspace_start                         0x20004c18   Data          96  libspace.o(.bss)
    __temporary_stack_top$libspace           0x20004c78   Data           0  libspace.o(.bss)



==============================================================================

Memory Map of the image

  Image Entry point : 0x08000199

  Load Region LR_IROM1 (Base: 0x08000000, Size: 0x000040d0, Max: 0x00080000, ABSOLUTE)

    Execution Region ER_IROM1 (Base: 0x08000000, Size: 0x00003fc0, Max: 0x00080000, ABSOLUTE)

    Base Addr    Size         Type   Attr      Idx    E Section Name        Object

    0x08000000   0x00000198   Data   RO            3    RESET               startup_stm32f411xe.o
    0x08000198   0x00000008   Code   RO         4606  * !!!main             c_w.l(__main.o)
    0x080001a0   0x00000034   Code   RO         4950    !!!scatter          c_w.l(__scatter.o)
    0x080001d4   0x0000001a   Code   RO         4952    !!handler_copy      c_w.l(__scatter_copy.o)
    0x080001ee   0x00000002   PAD
    0x080001f0   0x0000001c   Code   RO         4954    !!handler_zi        c_w.l(__scatter_zi.o)
    0x0800020c   0x00000000   Code   RO         4591    .ARM.Collect$$_printf_percent$$00000000  c_w.l(_printf_percent.o)
    0x0800020c   0x00000006   Code   RO         4589    .ARM.Collect$$_printf_percent$$00000009  c_w.l(_printf_d.o)
    0x08000212   0x00000006   Code   RO         4588    .ARM.Collect$$_printf_percent$$0000000C  c_w.l(_printf_x.o)
    0x08000218   0x00000004   Code   RO         4685    .ARM.Collect$$_printf_percent$$00000017  c_w.l(_printf_percent_end.o)
    0x0800021c   0x00000002   Code   RO         4828    .ARM.Collect$$libinit$$00000000  c_w.l(libinit.o)
    0x0800021e   0x00000004   Code   RO         4829    .ARM.Collect$$libinit$$00000001  c_w.l(libinit2.o)
    0x08000222   0x00000000   Code   RO         4832    .ARM.Collect$$libinit$$00000004  c_w.l(libinit2.o)
    0x08000222   0x00000000   Code   RO         4835    .ARM.Collect$$libinit$$0000000A  c_w.l(libinit2.o)
    0x08000222   0x00000000   Code   RO         4837    .ARM.Collect$$libinit$$0000000C  c_w.l(libinit2.o)
    0x08000222   0x00000000   Code   RO         4839    .ARM.Collect$$libinit$$0000000E  c_w.l(libinit2.o)
    0x08000222   0x00000000   Code   RO         4842    .ARM.Collect$$libinit$$00000011  c_w.l(libinit2.o)
    0x08000222   0x00000000   Code   RO         4844    .ARM.Collect$$libinit$$00000013  c_w.l(libinit2.o)
    0x08000222   0x00000000   Code   RO         4846    .ARM.Collect$$libinit$$00000015  c_w.l(libinit2.o)
    0x08000222   0x00000000   Code   RO         4848    .ARM.Collect$$libinit$$00000017  c_w.l(libinit2.o)
    0x08000222   0x00000000   Code   RO         4850    .ARM.Collect$$libinit$$00000019  c_w.l(libinit2.o)
    0x08000222   0x00000000   Code   RO         4852    .ARM.Collect$$libinit$$0000001B  c_w.l(libinit2.o)
    0x08000222   0x00000000   Code   RO         4854    .ARM.Collect$$libinit$$0000001D  c_w.l(libinit2.o)
    0x08000222   0x00000000   Code   RO         4856    .ARM.Collect$$libinit$$0000001F  c_w.l(libinit2.o)
    0x08000222   0x00000000   Code   RO         4858    .ARM.Collect$$libinit$$00000021  c_w.l(libinit2.o)
    0x08000222   0x00000000   Code   RO         4860    .ARM.Collect$$libinit$$00000023  c_w.l(libinit2.o)
    0x08000222   0x00000000   Code   RO         4862    .ARM.Collect$$libinit$$00000025  c_w.l(libinit2.o)
    0x08000222   0x00000000   Code   RO         4866    .ARM.Collect$$libinit$$0000002C  c_w.l(libinit2.o)
    0x08000222   0x00000000   Code   RO         4868    .ARM.Collect$$libinit$$0000002E  c_w.l(libinit2.o)
    0x08000222   0x00000000   Code   RO         4870    .ARM.Collect$$libinit$$00000030  c_w.l(libinit2.o)
    0x08000222   0x00000000   Code   RO         4872    .ARM.Collect$$libinit$$00000032  c_w.l(libinit2.o)
    0x08000222   0x00000002   Code   RO         4873    .ARM.Collect$$libinit$$00000033  c_w.l(libinit2.o)
    0x08000224   0x00000002   Code   RO         4915    .ARM.Collect$$libshutdown$$00000000  c_w.l(libshutdown.o)
    0x08000226   0x00000000   Code   RO         4935    .ARM.Collect$$libshutdown$$00000003  c_w.l(libshutdown2.o)
    0x08000226   0x00000000   Code   RO         4938    .ARM.Collect$$libshutdown$$00000006  c_w.l(libshutdown2.o)
    0x08000226   0x00000000   Code   RO         4941    .ARM.Collect$$libshutdown$$00000009  c_w.l(libshutdown2.o)
    0x08000226   0x00000000   Code   RO         4943    .ARM.Collect$$libshutdown$$0000000B  c_w.l(libshutdown2.o)
    0x08000226   0x00000000   Code   RO         4946    .ARM.Collect$$libshutdown$$0000000E  c_w.l(libshutdown2.o)
    0x08000226   0x00000002   Code   RO         4947    .ARM.Collect$$libshutdown$$0000000F  c_w.l(libshutdown2.o)
    0x08000228   0x00000000   Code   RO         4670    .ARM.Collect$$rtentry$$00000000  c_w.l(__rtentry.o)
    0x08000228   0x00000000   Code   RO         4738    .ARM.Collect$$rtentry$$00000002  c_w.l(__rtentry2.o)
    0x08000228   0x00000006   Code   RO         4750    .ARM.Collect$$rtentry$$00000004  c_w.l(__rtentry4.o)
    0x0800022e   0x00000000   Code   RO         4740    .ARM.Collect$$rtentry$$00000009  c_w.l(__rtentry2.o)
    0x0800022e   0x00000004   Code   RO         4741    .ARM.Collect$$rtentry$$0000000A  c_w.l(__rtentry2.o)
    0x08000232   0x00000000   Code   RO         4743    .ARM.Collect$$rtentry$$0000000C  c_w.l(__rtentry2.o)
    0x08000232   0x00000008   Code   RO         4744    .ARM.Collect$$rtentry$$0000000D  c_w.l(__rtentry2.o)
    0x0800023a   0x00000002   Code   RO         4874    .ARM.Collect$$rtexit$$00000000  c_w.l(rtexit.o)
    0x0800023c   0x00000000   Code   RO         4887    .ARM.Collect$$rtexit$$00000002  c_w.l(rtexit2.o)
    0x0800023c   0x00000004   Code   RO         4888    .ARM.Collect$$rtexit$$00000003  c_w.l(rtexit2.o)
    0x08000240   0x00000006   Code   RO         4889    .ARM.Collect$$rtexit$$00000004  c_w.l(rtexit2.o)
    0x08000246   0x00000002   PAD
    0x08000248   0x000000be   Code   RO         2965    .emb_text           port.o
    0x08000306   0x00000002   PAD
    0x08000308   0x00000006   Code   RO         4217    .emb_text           embedi_delay.o
    0x0800030e   0x00000002   PAD
    0x08000310   0x00000040   Code   RO            4    .text               startup_stm32f411xe.o
    0x08000350   0x00000002   Code   RO         4528    .text               c_w.l(use_no_semi_2.o)
    0x08000352   0x000000ee   Code   RO         4530    .text               c_w.l(lludivv7m.o)
    0x08000440   0x00000018   Code   RO         4536    .text               c_w.l(noretval__2printf.o)
    0x08000458   0x00000078   Code   RO         4544    .text               c_w.l(_printf_dec.o)
    0x080004d0   0x00000058   Code   RO         4549    .text               c_w.l(_printf_hex_int.o)
    0x08000528   0x00000138   Code   RO         4579    .text               c_w.l(__printf_flags_wp.o)
    0x08000660   0x0000008a   Code   RO         4594    .text               c_w.l(rt_memcpy_v6.o)
    0x080006ea   0x00000064   Code   RO         4596    .text               c_w.l(rt_memcpy_w.o)
    0x0800074e   0x0000004e   Code   RO         4602    .text               c_w.l(rt_memclr_w.o)
    0x0800079c   0x00000006   Code   RO         4604    .text               c_w.l(heapauxi.o)
    0x080007a2   0x00000002   Code   RO         4668    .text               c_w.l(use_no_semi.o)
    0x080007a4   0x000000b2   Code   RO         4677    .text               c_w.l(_printf_intcommon.o)
    0x08000856   0x00000002   PAD
    0x08000858   0x00000024   Code   RO         4683    .text               c_w.l(_printf_char_file.o)
    0x0800087c   0x00000030   Code   RO         4766    .text               c_w.l(_printf_char_common.o)
    0x080008ac   0x00000008   Code   RO         4795    .text               c_w.l(ferror.o)
    0x080008b4   0x00000008   Code   RO         4808    .text               c_w.l(libspace.o)
    0x080008bc   0x0000004a   Code   RO         4811    .text               c_w.l(sys_stackheap_outer.o)
    0x08000906   0x0000000c   Code   RO         4815    .text               c_w.l(exit.o)
    0x08000912   0x00000002   Code   RO          235    i.BusFault_Handler  stm32f4xx_it.o
    0x08000914   0x00000002   Code   RO          236    i.DebugMon_Handler  stm32f4xx_it.o
    0x08000916   0x00000002   PAD
    0x08000918   0x000001e0   Code   RO          731    i.HAL_GPIO_Init     stm32f4xx_hal_gpio.o
    0x08000af8   0x0000000a   Code   RO          733    i.HAL_GPIO_ReadPin  stm32f4xx_hal_gpio.o
    0x08000b02   0x0000000a   Code   RO          735    i.HAL_GPIO_WritePin  stm32f4xx_hal_gpio.o
    0x08000b0c   0x0000000c   Code   RO         1293    i.HAL_GetTick       stm32f4xx_hal.o
    0x08000b18   0x00000010   Code   RO         1299    i.HAL_IncTick       stm32f4xx_hal.o
    0x08000b28   0x00000034   Code   RO         1300    i.HAL_Init          stm32f4xx_hal.o
    0x08000b5c   0x00000040   Code   RO         1301    i.HAL_InitTick      stm32f4xx_hal.o
    0x08000b9c   0x00000038   Code   RO          298    i.HAL_MspInit       stm32f4xx_hal_msp.o
    0x08000bd4   0x00000040   Code   RO         1151    i.HAL_NVIC_SetPriority  stm32f4xx_hal_cortex.o
    0x08000c14   0x00000024   Code   RO         1152    i.HAL_NVIC_SetPriorityGrouping  stm32f4xx_hal_cortex.o
    0x08000c38   0x00000134   Code   RO          323    i.HAL_RCC_ClockConfig  stm32f4xx_hal_rcc.o
    0x08000d6c   0x0000004c   Code   RO          332    i.HAL_RCC_GetSysClockFreq  stm32f4xx_hal_rcc.o
    0x08000db8   0x0000036c   Code   RO          335    i.HAL_RCC_OscConfig  stm32f4xx_hal_rcc.o
    0x08001124   0x00000028   Code   RO         1156    i.HAL_SYSTICK_Config  stm32f4xx_hal_cortex.o
    0x0800114c   0x00000002   Code   RO          237    i.HardFault_Handler  stm32f4xx_it.o
    0x0800114e   0x00000002   PAD
    0x08001150   0x00000094   Code   RO           14    i.MX_GPIO_Init      main.o
    0x080011e4   0x00000002   Code   RO          238    i.MemManage_Handler  stm32f4xx_it.o
    0x080011e6   0x00000002   Code   RO          239    i.NMI_Handler       stm32f4xx_it.o
    0x080011e8   0x00000008   Code   RO           15    i.StartDefaultTask  main.o
    0x080011f0   0x00000018   Code   RO          240    i.SysTick_Handler   stm32f4xx_it.o
    0x08001208   0x00000090   Code   RO           16    i.SystemClock_Config  main.o
    0x08001298   0x00000010   Code   RO         1575    i.SystemInit        system_stm32f4xx.o
    0x080012a8   0x00000002   Code   RO          241    i.UsageFault_Handler  stm32f4xx_it.o
    0x080012aa   0x00000020   Code   RO         1158    i.__NVIC_SetPriority  stm32f4xx_hal_cortex.o
    0x080012ca   0x0000006c   Code   RO         4295    i._i2c_read         embedi_i2c.o
    0x08001336   0x00000056   Code   RO         4296    i._i2c_write        embedi_i2c.o
    0x0800138c   0x0000000e   Code   RO         4577    i._is_digit         c_w.l(__printf_wp.o)
    0x0800139a   0x00000002   PAD
    0x0800139c   0x000000dc   Code   RO         4297    i._read_byte        embedi_i2c.o
    0x08001478   0x00000088   Code   RO         3447    i._read_from_flash  embedi_imu.o
    0x08001500   0x0000007c   Code   RO         4298    i._send_byte        embedi_i2c.o
    0x0800157c   0x000000e8   Code   RO         4299    i._start            embedi_i2c.o
    0x08001664   0x000000ec   Code   RO         4300    i._stop             embedi_i2c.o
    0x08001750   0x00000002   Code   RO         4379    i._sys_exit         embedi_uart.o
    0x08001752   0x00000002   PAD
    0x08001754   0x00000080   Code   RO         4301    i._wait_ack         embedi_i2c.o
    0x080017d4   0x000000d4   Code   RO         3048    i.embedi_2d_kalman_init  embedi_2d_kalman.o
    0x080018a8   0x000000ac   Code   RO         3112    i.embedi_6d_kalman_init  embedi_6d_kalman.o
    0x08001954   0x00000018   Code   RO         3449    i.embedi_configure_fifo  embedi_imu.o
    0x0800196c   0x00000070   Code   RO         3182    i.embedi_create_eye_matrix  embedi_math.o
    0x080019dc   0x00000060   Code   RO         3183    i.embedi_create_matrix  embedi_math.o
    0x08001a3c   0x0000000a   Code   RO         4218    i.embedi_delay_ms   embedi_delay.o
    0x08001a46   0x0000000c   Code   RO         4219    i.embedi_delay_us   embedi_delay.o
    0x08001a52   0x00000002   PAD
    0x08001a54   0x00000018   Code   RO         3450    i.embedi_enable_sensor  embedi_imu.o
    0x08001a6c   0x00000018   Code   RO         3452    i.embedi_get_accel_fsr  embedi_imu.o
    0x08001a84   0x00000018   Code   RO         3456    i.embedi_get_gyro_fsr  embedi_imu.o
    0x08001a9c   0x00000018   Code   RO         3459    i.embedi_get_sample_rate  embedi_imu.o
    0x08001ab4   0x0000000e   Code   RO         4220    i.embedi_get_systick  embedi_delay.o
    0x08001ac2   0x00000004   Code   RO         4302    i.embedi_i2c_read_block  embedi_i2c.o
    0x08001ac6   0x00000004   Code   RO         4304    i.embedi_i2c_write_block  embedi_i2c.o
    0x08001aca   0x00000002   PAD
    0x08001acc   0x00000018   Code   RO         3462    i.embedi_imu_hardware_init  embedi_imu.o
    0x08001ae4   0x00000090   Code   RO         3463    i.embedi_imu_init   embedi_imu.o
    0x08001b74   0x0000003a   Code   RO         3189    i.embedi_matrix_scale  embedi_math.o
    0x08001bae   0x00000002   PAD
    0x08001bb0   0x0000001a   Code   RO         4258    i.embedi_read_flash  embedi_flash.o
    0x08001bca   0x00000002   PAD
    0x08001bcc   0x00000048   Code   RO         3466    i.embedi_register_operations  embedi_imu.o
    0x08001c14   0x0000000c   Code   RO         4450    i.embedi_set_run_state  embedi_system.o
    0x08001c20   0x00000018   Code   RO         3467    i.embedi_set_sample_rate  embedi_imu.o
    0x08001c38   0x00000002   Code   RO         4380    i.embedi_uart_init  embedi_uart.o
    0x08001c3a   0x00000002   Code   RO         3349    i.embedi_wheels_init  embedi_wheels.o
    0x08001c3c   0x00000002   Code   RO         4382    i.fputc             embedi_uart.o
    0x08001c3e   0x00000002   PAD
    0x08001c40   0x0000001c   Code   RO         3350    i.imu_irq_cb        embedi_wheels.o
    0x08001c5c   0x0000000c   Code   RO         3621    i.inv_imu_init      inv_mpu.o
    0x08001c68   0x0000002c   Code   RO         3351    i.key_irq_cb        embedi_wheels.o
    0x08001c94   0x00000034   Code   RO           17    i.main              main.o
    0x08001cc8   0x0000000c   Code   RO         2543    i.makeFreeRtosPriority  cmsis_os.o
    0x08001cd4   0x00000002   Code   RO         4153    i.motor_init        embedi_motor.o
    0x08001cd6   0x00000002   PAD
    0x08001cd8   0x00000054   Code   RO         3622    i.mpu_configure_fifo  inv_mpu.o
    0x08001d2c   0x0000003c   Code   RO         3623    i.mpu_get_accel_fsr  inv_mpu.o
    0x08001d68   0x00000050   Code   RO         3624    i.mpu_get_accel_reg  inv_mpu.o
    0x08001db8   0x00000044   Code   RO         3625    i.mpu_get_accel_sens  inv_mpu.o
    0x08001dfc   0x00000034   Code   RO         3631    i.mpu_get_gyro_fsr  inv_mpu.o
    0x08001e30   0x00000054   Code   RO         3632    i.mpu_get_gyro_reg  inv_mpu.o
    0x08001e84   0x0000004c   Code   RO         3633    i.mpu_get_gyro_sens  inv_mpu.o
    0x08001ed0   0x0000001c   Code   RO         3637    i.mpu_get_sample_rate  inv_mpu.o
    0x08001eec   0x00000124   Code   RO         3639    i.mpu_init          inv_mpu.o
    0x08002010   0x000000b8   Code   RO         3641    i.mpu_lp_accel_mode  inv_mpu.o
    0x080020c8   0x00000160   Code   RO         3651    i.mpu_reset_fifo    inv_mpu.o
    0x08002228   0x00000068   Code   RO         3655    i.mpu_set_accel_fsr  inv_mpu.o
    0x08002290   0x000000dc   Code   RO         3656    i.mpu_set_bypass    inv_mpu.o
    0x0800236c   0x0000006c   Code   RO         3660    i.mpu_set_gyro_fsr  inv_mpu.o
    0x080023d8   0x00000064   Code   RO         3661    i.mpu_set_int_latched  inv_mpu.o
    0x0800243c   0x0000006c   Code   RO         3663    i.mpu_set_lpf       inv_mpu.o
    0x080024a8   0x00000080   Code   RO         3664    i.mpu_set_sample_rate  inv_mpu.o
    0x08002528   0x000000b8   Code   RO         3665    i.mpu_set_sensors   inv_mpu.o
    0x080025e0   0x0000000e   Code   RO         2545    i.osDelay           cmsis_os.o
    0x080025ee   0x0000000a   Code   RO         2548    i.osKernelStart     cmsis_os.o
    0x080025f8   0x00000054   Code   RO         2582    i.osThreadCreate    cmsis_os.o
    0x0800264c   0x00000070   Code   RO         2083    i.prvAddCurrentTaskToDelayedList  tasks.o
    0x080026bc   0x000000d0   Code   RO         2084    i.prvAddNewTaskToReadyList  tasks.o
    0x0800278c   0x00000058   Code   RO         2397    i.prvCheckForValidListAndQueue  timers.o
    0x080027e4   0x00000026   Code   RO         1753    i.prvCopyDataFromQueue  queue.o
    0x0800280a   0x0000006c   Code   RO         1754    i.prvCopyDataToQueue  queue.o
    0x08002876   0x00000034   Code   RO         2085    i.prvDeleteTCB      tasks.o
    0x080028aa   0x00000002   PAD
    0x080028ac   0x0000004c   Code   RO         2910    i.prvHeapInit       heap_4.o
    0x080028f8   0x00000060   Code   RO         2086    i.prvIdleTask       tasks.o
    0x08002958   0x00000016   Code   RO         1756    i.prvInitialiseNewQueue  queue.o
    0x0800296e   0x00000098   Code   RO         2087    i.prvInitialiseNewTask  tasks.o
    0x08002a06   0x00000002   PAD
    0x08002a08   0x0000004c   Code   RO         2911    i.prvInsertBlockIntoFreeList  heap_4.o
    0x08002a54   0x00000038   Code   RO         2399    i.prvInsertTimerInActiveList  timers.o
    0x08002a8c   0x0000001c   Code   RO         1757    i.prvIsQueueEmpty   queue.o
    0x08002aa8   0x000000f0   Code   RO         2400    i.prvProcessReceivedCommands  timers.o
    0x08002b98   0x000000c0   Code   RO         2401    i.prvProcessTimerOrBlockTask  timers.o
    0x08002c58   0x00000020   Code   RO         2088    i.prvResetNextTaskUnblockTime  tasks.o
    0x08002c78   0x00000028   Code   RO         2402    i.prvSampleTimeNow  timers.o
    0x08002ca0   0x0000006c   Code   RO         2403    i.prvSwitchTimerLists  timers.o
    0x08002d0c   0x00000028   Code   RO         2966    i.prvTaskExitError  port.o
    0x08002d34   0x00000024   Code   RO         2404    i.prvTimerTask      timers.o
    0x08002d58   0x0000006a   Code   RO         1758    i.prvUnlockQueue    queue.o
    0x08002dc2   0x00000002   PAD
    0x08002dc4   0x000000dc   Code   RO         2912    i.pvPortMalloc      heap_4.o
    0x08002ea0   0x0000002c   Code   RO         2967    i.pxPortInitialiseStack  port.o
    0x08002ecc   0x00000058   Code   RO         3667    i.set_int_enable    inv_mpu.o
    0x08002f24   0x00000026   Code   RO         1713    i.uxListRemove      list.o
    0x08002f4a   0x00000002   PAD
    0x08002f4c   0x00000014   Code   RO          195    i.vApplicationGetIdleTaskMemory  freertos.o
    0x08002f60   0x00000018   Code   RO          196    i.vApplicationGetTimerTaskMemory  freertos.o
    0x08002f78   0x00000016   Code   RO         1714    i.vListInitialise   list.o
    0x08002f8e   0x00000006   Code   RO         1715    i.vListInitialiseItem  list.o
    0x08002f94   0x00000030   Code   RO         1716    i.vListInsert       list.o
    0x08002fc4   0x00000018   Code   RO         1717    i.vListInsertEnd    list.o
    0x08002fdc   0x00000040   Code   RO         2969    i.vPortEnterCritical  port.o
    0x0800301c   0x00000028   Code   RO         2970    i.vPortExitCritical  port.o
    0x08003044   0x00000064   Code   RO         2913    i.vPortFree         heap_4.o
    0x080030a8   0x00000024   Code   RO         2971    i.vPortSetupTimerInterrupt  port.o
    0x080030cc   0x00000054   Code   RO         2972    i.vPortValidateInterruptPriority  port.o
    0x08003120   0x00000028   Code   RO         1762    i.vQueueAddToRegistry  queue.o
    0x08003148   0x00000044   Code   RO         1765    i.vQueueWaitForMessageRestricted  queue.o
    0x0800318c   0x0000004c   Code   RO         2097    i.vTaskDelay        tasks.o
    0x080031d8   0x00000010   Code   RO         2100    i.vTaskInternalSetTimeOutState  tasks.o
    0x080031e8   0x0000000c   Code   RO         2101    i.vTaskMissedYield  tasks.o
    0x080031f4   0x00000030   Code   RO         2103    i.vTaskPlaceOnEventList  tasks.o
    0x08003224   0x00000038   Code   RO         2104    i.vTaskPlaceOnEventListRestricted  tasks.o
    0x0800325c   0x00000088   Code   RO         2111    i.vTaskStartScheduler  tasks.o
    0x080032e4   0x00000010   Code   RO         2113    i.vTaskSuspendAll   tasks.o
    0x080032f4   0x0000005c   Code   RO         2114    i.vTaskSwitchContext  tasks.o
    0x08003350   0x000000f4   Code   RO         2973    i.xPortStartScheduler  port.o
    0x08003444   0x0000002c   Code   RO         2974    i.xPortSysTickHandler  port.o
    0x08003470   0x00000066   Code   RO         1769    i.xQueueGenericCreateStatic  queue.o
    0x080034d6   0x00000002   PAD
    0x080034d8   0x00000088   Code   RO         1770    i.xQueueGenericReset  queue.o
    0x08003560   0x00000160   Code   RO         1771    i.xQueueGenericSend  queue.o
    0x080036c0   0x000000be   Code   RO         1772    i.xQueueGenericSendFromISR  queue.o
    0x0800377e   0x0000009c   Code   RO         1773    i.xQueueGiveFromISR  queue.o
    0x0800381a   0x00000002   PAD
    0x0800381c   0x00000138   Code   RO         1778    i.xQueueReceive     queue.o
    0x08003954   0x00000074   Code   RO         2116    i.xTaskCheckForTimeOut  tasks.o
    0x080039c8   0x0000005a   Code   RO         2117    i.xTaskCreate       tasks.o
    0x08003a22   0x00000056   Code   RO         2118    i.xTaskCreateStatic  tasks.o
    0x08003a78   0x0000001c   Code   RO         2122    i.xTaskGetSchedulerState  tasks.o
    0x08003a94   0x0000000c   Code   RO         2123    i.xTaskGetTickCount  tasks.o
    0x08003aa0   0x000000cc   Code   RO         2125    i.xTaskIncrementTick  tasks.o
    0x08003b6c   0x00000098   Code   RO         2128    i.xTaskPriorityDisinherit  tasks.o
    0x08003c04   0x00000074   Code   RO         2130    i.xTaskRemoveFromEventList  tasks.o
    0x08003c78   0x000000c4   Code   RO         2131    i.xTaskResumeAll    tasks.o
    0x08003d3c   0x00000060   Code   RO         2411    i.xTimerCreateTimerTask  timers.o
    0x08003d9c   0x00000060   Code   RO         2412    i.xTimerGenericCommand  timers.o
    0x08003dfc   0x0000000a   Code   RO         4884    x$fpl$fpinit        fz_wm.l(fpinit.o)
    0x08003e06   0x00000002   PAD
    0x08003e08   0x0000001c   Data   RO           18    .constdata          main.o
    0x08003e24   0x00000010   Data   RO         1576    .constdata          system_stm32f4xx.o
    0x08003e34   0x0000001e   Data   RO         3668    .constdata          inv_mpu.o
    0x08003e52   0x0000000c   Data   RO         3669    .constdata          inv_mpu.o
    0x08003e5e   0x00000002   PAD
    0x08003e60   0x00000028   Data   RO         3670    .constdata          inv_mpu.o
    0x08003e88   0x000000b4   Data   RO         4307    .constdata          embedi_i2c.o
    0x08003f3c   0x00000028   Data   RO         4550    .constdata          c_w.l(_printf_hex_int.o)
    0x08003f64   0x00000011   Data   RO         4580    .constdata          c_w.l(__printf_flags_wp.o)
    0x08003f75   0x00000003   PAD
    0x08003f78   0x0000000c   Data   RO           19    .conststring        main.o
    0x08003f84   0x00000020   Data   RO         4948    Region$$Table       anon$$obj.o
    0x08003fa4   0x00000004   Data   RO         3357    embedi_app_init     embedi_wheels.o
    0x08003fa8   0x00000004   Data   RO         3471    embedi_driver_init  embedi_imu.o
    0x08003fac   0x00000004   Data   RO         4155    embedi_driver_init  embedi_motor.o
    0x08003fb0   0x00000004   Data   RO         3672    embedi_init         inv_mpu.o
    0x08003fb4   0x00000008   Data   RO         3358    embedi_irq          embedi_wheels.o
    0x08003fbc   0x00000004   Data   RO         4384    embedi_platform_init  embedi_uart.o


    Execution Region RW_IRAM1 (Base: 0x20000000, Size: 0x00005278, Max: 0x00020000, ABSOLUTE)

    Base Addr    Size         Type   Attr      Idx    E Section Name        Object

    0x20000000   0x00000004   Data   RW           20    .data               main.o
    0x20000004   0x0000000c   Data   RW         1307    .data               stm32f4xx_hal.o
    0x20000010   0x00000004   Data   RW         1578    .data               system_stm32f4xx.o
    0x20000014   0x0000003c   Data   RW         2134    .data               tasks.o
    0x20000050   0x00000014   Data   RW         2418    .data               timers.o
    0x20000064   0x00000020   Data   RW         2919    .data               heap_4.o
    0x20000084   0x0000000c   Data   RW         2975    .data               port.o
    0x20000090   0x00000018   Data   RW         3354    .data               embedi_wheels.o
    0x200000a8   0x00000060   Data   RW         3671    .data               inv_mpu.o
    0x20000108   0x00000004   Data   RW         4383    .data               embedi_uart.o
    0x2000010c   0x00000004   Data   RW         4452    .data               embedi_system.o
    0x20000110   0x000006a8   Zero   RW          197    .bss                freertos.o
    0x200007b8   0x00000040   Zero   RW         1781    .bss                queue.o
    0x200007f8   0x000000f0   Zero   RW         2133    .bss                tasks.o
    0x200008e8   0x000000e8   Zero   RW         2417    .bss                timers.o
    0x200009d0   0x00003c00   Zero   RW         2918    .bss                heap_4.o
    0x200045d0   0x00000224   Zero   RW         3050    .bss                embedi_2d_kalman.o
    0x200047f4   0x0000022c   Zero   RW         3115    .bss                embedi_6d_kalman.o
    0x20004a20   0x000001f8   Zero   RW         3469    .bss                embedi_imu.o
    0x20004c18   0x00000060   Zero   RW         4809    .bss                c_w.l(libspace.o)
    0x20004c78   0x00000200   Zero   RW            2    HEAP                startup_stm32f411xe.o
    0x20004e78   0x00000400   Zero   RW            1    STACK               startup_stm32f411xe.o


==============================================================================

Image component sizes


      Code (inc. data)   RO Data    RW Data    ZI Data      Debug   Object Name

       120          0          0          0          0      23305   cmsis_os.o
       212         30          0          0        548       2348   embedi_2d_kalman.o
       172         20          0          0        556       2036   embedi_6d_kalman.o
        42          0          0          0          0       2917   embedi_delay.o
        26          0          0          0          0       1619   embedi_flash.o
      1142         94        180          0          0       8889   embedi_i2c.o
       520        184          4          0        504       8923   embedi_imu.o
       266         66          0          0          0       2964   embedi_math.o
         2          0          4          0          0       1754   embedi_motor.o
         0          0          0          0          0        496   embedi_pid.o
        12          6          0          4          0        807   embedi_system.o
         6          0          4          4          0       3895   embedi_uart.o
        74         26         12         24          0       6811   embedi_wheels.o
         0          0          0          0          0      20100   event_groups.o
        44         10          0          0       1704       1901   freertos.o
       472         24          0         32      15360       4755   heap_4.o
      2412        192         86         96          0      20793   inv_mpu.o
       138          0          0          0          0       3482   list.o
       352         30         40          4          0     399495   main.o
       786         82          0         12          0      12013   port.o
      1658         20          0          0         64      17264   queue.o
        64         26        408          0       1536        864   startup_stm32f411xe.o
       144         24          0         12          0       8733   stm32f4xx_hal.o
       172         14          0          0          0      32926   stm32f4xx_hal_cortex.o
       500         34          0          0          0       2675   stm32f4xx_hal_gpio.o
        56          4          0          0          0        906   stm32f4xx_hal_msp.o
      1260         50          0          0          0       3842   stm32f4xx_hal_rcc.o
        36          0          0          0          0       3451   stm32f4xx_it.o
         0          0          0          0          0        416   stream_buffer.o
        16          4         16          4          0       1187   system_stm32f4xx.o
      2104        160          0         60        240      25704   tasks.o
       952         80          0         20        232      29663   timers.o

    ----------------------------------------------------------------------
     13794       1180        788        272      20744     656934   Object Totals
         0          0         32          0          0          0   (incl. Generated)
        34          0          2          0          0          0   (incl. Padding)

    ----------------------------------------------------------------------

      Code (inc. data)   RO Data    RW Data    ZI Data      Debug   Library Member Name

         8          0          0          0          0         68   __main.o
       312          4         17          0          0         92   __printf_flags_wp.o
        14          0          0          0          0         68   __printf_wp.o
         0          0          0          0          0          0   __rtentry.o
        12          0          0          0          0          0   __rtentry2.o
         6          0          0          0          0          0   __rtentry4.o
        52          8          0          0          0          0   __scatter.o
        26          0          0          0          0          0   __scatter_copy.o
        28          0          0          0          0          0   __scatter_zi.o
        48          6          0          0          0         96   _printf_char_common.o
        36          4          0          0          0         80   _printf_char_file.o
         6          0          0          0          0          0   _printf_d.o
       120         16          0          0          0         92   _printf_dec.o
        88          4         40          0          0         88   _printf_hex_int.o
       178          0          0          0          0         88   _printf_intcommon.o
         0          0          0          0          0          0   _printf_percent.o
         4          0          0          0          0          0   _printf_percent_end.o
         6          0          0          0          0          0   _printf_x.o
        12          0          0          0          0         72   exit.o
         8          0          0          0          0         68   ferror.o
         6          0          0          0          0        152   heapauxi.o
         2          0          0          0          0          0   libinit.o
         6          0          0          0          0          0   libinit2.o
         2          0          0          0          0          0   libshutdown.o
         2          0          0          0          0          0   libshutdown2.o
         8          4          0          0         96         68   libspace.o
       238          0          0          0          0        100   lludivv7m.o
        24          4          0          0          0         84   noretval__2printf.o
        78          0          0          0          0         80   rt_memclr_w.o
       138          0          0          0          0         68   rt_memcpy_v6.o
       100          0          0          0          0         80   rt_memcpy_w.o
         2          0          0          0          0          0   rtexit.o
        10          0          0          0          0          0   rtexit2.o
        74          0          0          0          0         80   sys_stackheap_outer.o
         2          0          0          0          0         68   use_no_semi.o
         2          0          0          0          0         68   use_no_semi_2.o
        10          0          0          0          0        116   fpinit.o

    ----------------------------------------------------------------------
      1678         50         60          0         96       1776   Library Totals
        10          0          3          0          0          0   (incl. Padding)

    ----------------------------------------------------------------------

      Code (inc. data)   RO Data    RW Data    ZI Data      Debug   Library Name

      1658         50         57          0         96       1660   c_w.l
        10          0          0          0          0        116   fz_wm.l

    ----------------------------------------------------------------------
      1678         50         60          0         96       1776   Library Totals

    ----------------------------------------------------------------------

==============================================================================


      Code (inc. data)   RO Data    RW Data    ZI Data      Debug   

     15472       1230        848        272      20840     643478   Grand Totals
     15472       1230        848        272      20840     643478   ELF Image Totals
     15472       1230        848        272          0          0   ROM Totals

==============================================================================

    Total RO  Size (Code + RO Data)                16320 (  15.94kB)
    Total RW  Size (RW Data + ZI Data)             21112 (  20.62kB)
    Total ROM Size (Code + RO Data + RW Data)      16592 (  16.20kB)

==============================================================================

