Component: ARM Compiler 5.05 update 1 (build 106) Tool: armlink [4d0efa]

==============================================================================

Section Cross References

    startup_stm32f411xe.o(STACK) refers (Special) to heapauxi.o(.text) for __use_two_region_memory
    startup_stm32f411xe.o(HEAP) refers (Special) to heapauxi.o(.text) for __use_two_region_memory
    startup_stm32f411xe.o(RESET) refers (Special) to heapauxi.o(.text) for __use_two_region_memory
    startup_stm32f411xe.o(RESET) refers to startup_stm32f411xe.o(STACK) for __initial_sp
    startup_stm32f411xe.o(RESET) refers to startup_stm32f411xe.o(.text) for Reset_Handler
    startup_stm32f411xe.o(RESET) refers to stm32f4xx_it.o(i.NMI_Handler) for NMI_Handler
    startup_stm32f411xe.o(RESET) refers to stm32f4xx_it.o(i.HardFault_Handler) for HardFault_Handler
    startup_stm32f411xe.o(RESET) refers to stm32f4xx_it.o(i.MemManage_Handler) for MemManage_Handler
    startup_stm32f411xe.o(RESET) refers to stm32f4xx_it.o(i.BusFault_Handler) for BusFault_Handler
    startup_stm32f411xe.o(RESET) refers to stm32f4xx_it.o(i.UsageFault_Handler) for UsageFault_Handler
    startup_stm32f411xe.o(RESET) refers to port.o(.emb_text) for SVC_Handler
    startup_stm32f411xe.o(RESET) refers to stm32f4xx_it.o(i.DebugMon_Handler) for DebugMon_Handler
    startup_stm32f411xe.o(RESET) refers to stm32f4xx_it.o(i.SysTick_Handler) for SysTick_Handler
    startup_stm32f411xe.o(RESET) refers to stm32f4xx_it.o(i.DMA1_Stream6_IRQHandler) for DMA1_Stream6_IRQHandler
    startup_stm32f411xe.o(RESET) refers to stm32f4xx_it.o(i.USART2_IRQHandler) for USART2_IRQHandler
    startup_stm32f411xe.o(RESET) refers to stm32f4xx_it.o(i.OTG_FS_IRQHandler) for OTG_FS_IRQHandler
    startup_stm32f411xe.o(.text) refers (Special) to heapauxi.o(.text) for __use_two_region_memory
    startup_stm32f411xe.o(.text) refers to system_stm32f4xx.o(i.SystemInit) for SystemInit
    startup_stm32f411xe.o(.text) refers to __main.o(!!!main) for __main
    startup_stm32f411xe.o(.text) refers to startup_stm32f411xe.o(HEAP) for Heap_Mem
    startup_stm32f411xe.o(.text) refers to startup_stm32f411xe.o(STACK) for Stack_Mem
    main.o(i.MX_GPIO_Init) refers to rt_memclr_w.o(.text) for __aeabi_memclr4
    main.o(i.MX_GPIO_Init) refers to stm32f4xx_hal_gpio.o(i.HAL_GPIO_WritePin) for HAL_GPIO_WritePin
    main.o(i.MX_GPIO_Init) refers to stm32f4xx_hal_gpio.o(i.HAL_GPIO_Init) for HAL_GPIO_Init
    main.o(i.MX_TIM2_Init) refers to rt_memclr_w.o(.text) for __aeabi_memclr4
    main.o(i.MX_TIM2_Init) refers to stm32f4xx_hal_tim.o(i.HAL_TIM_PWM_Init) for HAL_TIM_PWM_Init
    main.o(i.MX_TIM2_Init) refers to stm32f4xx_hal_tim_ex.o(i.HAL_TIMEx_MasterConfigSynchronization) for HAL_TIMEx_MasterConfigSynchronization
    main.o(i.MX_TIM2_Init) refers to stm32f4xx_hal_tim.o(i.HAL_TIM_PWM_ConfigChannel) for HAL_TIM_PWM_ConfigChannel
    main.o(i.MX_TIM2_Init) refers to stm32f4xx_hal_msp.o(i.HAL_TIM_MspPostInit) for HAL_TIM_MspPostInit
    main.o(i.MX_TIM2_Init) refers to main.o(.bss) for .bss
    main.o(i.MX_TIM4_Init) refers to rt_memclr_w.o(.text) for __aeabi_memclr4
    main.o(i.MX_TIM4_Init) refers to stm32f4xx_hal_tim.o(i.HAL_TIM_PWM_Init) for HAL_TIM_PWM_Init
    main.o(i.MX_TIM4_Init) refers to stm32f4xx_hal_tim_ex.o(i.HAL_TIMEx_MasterConfigSynchronization) for HAL_TIMEx_MasterConfigSynchronization
    main.o(i.MX_TIM4_Init) refers to stm32f4xx_hal_tim.o(i.HAL_TIM_PWM_ConfigChannel) for HAL_TIM_PWM_ConfigChannel
    main.o(i.MX_TIM4_Init) refers to stm32f4xx_hal_msp.o(i.HAL_TIM_MspPostInit) for HAL_TIM_MspPostInit
    main.o(i.MX_TIM4_Init) refers to main.o(.bss) for .bss
    main.o(i.StartDefaultTask) refers to usb_device.o(i.MX_USB_DEVICE_Init) for MX_USB_DEVICE_Init
    main.o(i.StartDefaultTask) refers to cmsis_os.o(i.osDelay) for osDelay
    main.o(i.SystemClock_Config) refers to rt_memclr_w.o(.text) for __aeabi_memclr4
    main.o(i.SystemClock_Config) refers to stm32f4xx_hal_rcc.o(i.HAL_RCC_OscConfig) for HAL_RCC_OscConfig
    main.o(i.SystemClock_Config) refers to stm32f4xx_hal_rcc.o(i.HAL_RCC_ClockConfig) for HAL_RCC_ClockConfig
    main.o(i.main) refers to stm32f4xx_hal.o(i.HAL_Init) for HAL_Init
    main.o(i.main) refers to main.o(i.SystemClock_Config) for SystemClock_Config
    main.o(i.main) refers to main.o(i.MX_GPIO_Init) for MX_GPIO_Init
    main.o(i.main) refers to stm32f4xx_hal_cortex.o(i.HAL_NVIC_SetPriority) for HAL_NVIC_SetPriority
    main.o(i.main) refers to stm32f4xx_hal_cortex.o(i.HAL_NVIC_EnableIRQ) for HAL_NVIC_EnableIRQ
    main.o(i.main) refers to stm32f4xx_hal_uart.o(i.HAL_UART_Init) for HAL_UART_Init
    main.o(i.main) refers to main.o(i.MX_TIM2_Init) for MX_TIM2_Init
    main.o(i.main) refers to main.o(i.MX_TIM4_Init) for MX_TIM4_Init
    main.o(i.main) refers to embedi_system.o(i.embedi_system_init) for embedi_system_init
    main.o(i.main) refers to rt_memcpy_w.o(.text) for __aeabi_memcpy4
    main.o(i.main) refers to cmsis_os.o(i.osThreadCreate) for osThreadCreate
[...]
    __embedi_imu_irq_cb                      0x0800ead0   Data           4  embedi_wheels.o(embedi_irq)
    embedi_irq$$Base                         0x0800ead0   Number         0  embedi_wheels.o(embedi_irq)
    __embedi_key_irq_cb                      0x0800ead4   Data           4  embedi_wheels.o(embedi_irq)
    __embedi_key_right_irq_cb                0x0800ead8   Data           4  embedi_remoter.o(embedi_irq)
    __embedi_key_left_irq_cb                 0x0800eadc   Data           4  embedi_remoter.o(embedi_irq)
    __embedi_nrf24l01_irq_cb                 0x0800eae0   Data           4  embedi_nrf24l01.o(embedi_irq)
    __embedi_motor_cmd_event_call            0x0800eae4   Data           4  embedi_quadrotor.o(embedi_motor_cmd)
    embedi_motor_cmd$$Base                   0x0800eae4   Number         0  embedi_quadrotor.o(embedi_motor_cmd)
    __embedi__event_call1                    0x0800eae8   Data           4  embedi_dispatch.o(embedi_motor_cmd)
    __embedi_pitch_pid_event_call            0x0800eaec   Data           4  embedi_quadrotor.o(embedi_pitch_pid)
    embedi_pitch_pid$$Base                   0x0800eaec   Number         0  embedi_quadrotor.o(embedi_pitch_pid)
    __embedi_roll_pid_event_call             0x0800eaf0   Data           4  embedi_quadrotor.o(embedi_pitch_pid)
    __embedi_height_pid_event_call           0x0800eaf4   Data           4  embedi_quadrotor.o(embedi_pitch_pid)
    __embedi__event_call2                    0x0800eaf8   Data           4  embedi_dispatch.o(embedi_pitch_pid)
    __embedi_embedi_uart_init                0x0800eafc   Data           4  embedi_uart.o(embedi_platform_init)
    embedi_platform_init$$Base               0x0800eafc   Number         0  embedi_uart.o(embedi_platform_init)
    __embedi___spi_init                      0x0800eb00   Data           4  embedi_spi.o(embedi_platform_init)
    __embedi__event_call3                    0x0800eb04   Data           4  embedi_dispatch.o(embedi_roll_pid)
    embedi_roll_pid$$Base                    0x0800eb04   Number         0  embedi_dispatch.o(embedi_roll_pid)
    __embedi__dispatch_init                  0x0800eb08   Data           4  embedi_dispatch.o(embedi_system_init)
    embedi_system_init$$Base                 0x0800eb08   Number         0  embedi_dispatch.o(embedi_system_init)
    __embedi_host_uart_receive_callback      0x0800eb0c   Data           4  embedi_host.o(embedi_uart_irq)
    embedi_uart_irq$$Base                    0x0800eb0c   Number         0  embedi_host.o(embedi_uart_irq)
    __embedi__event_call4                    0x0800eb10   Data           4  embedi_dispatch.o(embedi_yaw_pid)
    embedi_yaw_pid$$Base                     0x0800eb10   Number         0  embedi_dispatch.o(embedi_yaw_pid)
    __ctype                                  0x0800eb3d   Data           0  lc_ctype_c.o(locale$$data)
    defaultTaskHandle                        0x20000000   Data           4  main.o(.data)
    FS_Desc                                  0x20000004   Data          28  usbd_desc.o(.data)
    USBD_LangIDDesc                          0x20000020   Data           4  usbd_desc.o(.data)
    USBD_FS_DeviceDesc                       0x20000024   Data          18  usbd_desc.o(.data)
    USBD_StringSerial                        0x20000038   Data          26  usbd_desc.o(.data)
    USBD_Interface_fops_FS                   0x20000054   Data          20  usbd_cdc_if.o(.data)
    uwTickFreq                               0x20000068   Data           1  stm32f4xx_hal.o(.data)
    uwTickPrio                               0x2000006c   Data           4  stm32f4xx_hal.o(.data)
    uwTick                                   0x20000070   Data           4  stm32f4xx_hal.o(.data)
    SystemCoreClock                          0x20000074   Data           4  system_stm32f4xx.o(.data)
    pxCurrentTCB                             0x20000078   Data           4  tasks.o(.data)
    USBD_CDC                                 0x2000014c   Data          56  usbd_cdc.o(.data)
    uart1_buff                               0x2000019c   Data           1  embedi_uart.o(.data)
    uart2_buff                               0x2000019d   Data           1  embedi_uart.o(.data)
    uart3_buff                               0x2000019e   Data           1  embedi_uart.o(.data)
    inv_ops                                  0x200001e8   Data          80  inv_mpu.o(.data)
    kp                                       0x20000260   Data           4  embedi_spl06.o(.data)
    kt                                       0x20000264   Data           4  embedi_spl06.o(.data)
    scale_factor                             0x20000268   Data          32  embedi_spl06.o(.data)
    htim2                                    0x2000031c   Data          72  main.o(.bss)
    htim4                                    0x20000364   Data          72  main.o(.bss)
    huart2                                   0x200003ac   Data          72  main.o(.bss)
    hdma_usart2_tx                           0x200003f4   Data          96  main.o(.bss)
    hUsbDeviceFS                             0x20000afc   Data         732  usb_device.o(.bss)
    USBD_StrDesc                             0x20000dd8   Data         512  usbd_desc.o(.bss)
    UserRxBufferFS                           0x20000fd8   Data        2048  usbd_cdc_if.o(.bss)
    UserTxBufferFS                           0x200017d8   Data        2048  usbd_cdc_if.o(.bss)
    hpcd_USB_OTG_FS                          0x200021f8   Data        1252  usbd_conf.o(.bss)
    xQueueRegistry                           0x200026dc   Data          64  queue.o(.bss)
    _buff                                    0x20006d5c   Data         128  embedi_printf.o(.bss)
    __libspace_start                         0x20006dfc   Data          96  libspace.o(.bss)
    __temporary_stack_top$libspace           0x20006e5c   Data           0  libspace.o(.bss)



==============================================================================

Memory Map of the image

  Image Entry point : 0x08000199

  Load Region LR_IROM1 (Base: 0x08000000, Size: 0x0000ef5c, Max: 0x00080000, ABSOLUTE, COMPRESSED[0x0000ed8c])

    Execution Region ER_IROM1 (Base: 0x08000000, Size: 0x0000ec40, Max: 0x00080000, ABSOLUTE)

    Base Addr    Size         Type   Attr      Idx    E Section Name        Object

    0x08000000   0x00000198   Data   RO            3    RESET               startup_stm32f411xe.o
    0x08000198   0x00000008   Code   RO         8404  * !!!main             c_w.l(__main.o)
    0x080001a0   0x00000034   Code   RO         8891    !!!scatter          c_w.l(__scatter.o)
    0x080001d4   0x0000005a   Code   RO         8889    !!dczerorl2         c_w.l(__dczerorl2.o)
    0x0800022e   0x00000002   PAD
    0x08000230   0x0000001c   Code   RO         8893    !!handler_zi        c_w.l(__scatter_zi.o)
    0x0800024c   0x00000000   Code   RO         8584    .ARM.Collect$$_printf_percent$$00000000  c_w.l(_printf_percent.o)
    0x0800024c   0x00000006   Code   RO         8573    .ARM.Collect$$_printf_percent$$00000001  c_w.l(_printf_n.o)
    0x08000252   0x00000006   Code   RO         8575    .ARM.Collect$$_printf_percent$$00000002  c_w.l(_printf_p.o)
    0x08000258   0x00000006   Code   RO         8580    .ARM.Collect$$_printf_percent$$00000003  c_w.l(_printf_f.o)
    0x0800025e   0x00000006   Code   RO         8581    .ARM.Collect$$_printf_percent$$00000004  c_w.l(_printf_e.o)
    0x08000264   0x00000006   Code   RO         8582    .ARM.Collect$$_printf_percent$$00000005  c_w.l(_printf_g.o)
    0x0800026a   0x00000006   Code   RO         8583    .ARM.Collect$$_printf_percent$$00000006  c_w.l(_printf_a.o)
    0x08000270   0x0000000a   Code   RO         8588    .ARM.Collect$$_printf_percent$$00000007  c_w.l(_printf_ll.o)
    0x0800027a   0x00000006   Code   RO         8577    .ARM.Collect$$_printf_percent$$00000008  c_w.l(_printf_i.o)
    0x08000280   0x00000006   Code   RO         8578    .ARM.Collect$$_printf_percent$$00000009  c_w.l(_printf_d.o)
    0x08000286   0x00000006   Code   RO         8579    .ARM.Collect$$_printf_percent$$0000000A  c_w.l(_printf_u.o)
    0x0800028c   0x00000006   Code   RO         8576    .ARM.Collect$$_printf_percent$$0000000B  c_w.l(_printf_o.o)
    0x08000292   0x00000006   Code   RO         8574    .ARM.Collect$$_printf_percent$$0000000C  c_w.l(_printf_x.o)
    0x08000298   0x00000006   Code   RO         8585    .ARM.Collect$$_printf_percent$$0000000D  c_w.l(_printf_lli.o)
    0x0800029e   0x00000006   Code   RO         8586    .ARM.Collect$$_printf_percent$$0000000E  c_w.l(_printf_lld.o)
    0x080002a4   0x00000006   Code   RO         8587    .ARM.Collect$$_printf_percent$$0000000F  c_w.l(_printf_llu.o)
    0x080002aa   0x00000006   Code   RO         8592    .ARM.Collect$$_printf_percent$$00000010  c_w.l(_printf_llo.o)
    0x080002b0   0x00000006   Code   RO         8593    .ARM.Collect$$_printf_percent$$00000011  c_w.l(_printf_llx.o)
    0x080002b6   0x0000000a   Code   RO         8589    .ARM.Collect$$_printf_percent$$00000012  c_w.l(_printf_l.o)
    0x080002c0   0x00000006   Code   RO         8571    .ARM.Collect$$_printf_percent$$00000013  c_w.l(_printf_c.o)
    0x080002c6   0x00000006   Code   RO         8572    .ARM.Collect$$_printf_percent$$00000014  c_w.l(_printf_s.o)
    0x080002cc   0x00000006   Code   RO         8590    .ARM.Collect$$_printf_percent$$00000015  c_w.l(_printf_lc.o)
    0x080002d2   0x00000006   Code   RO         8591    .ARM.Collect$$_printf_percent$$00000016  c_w.l(_printf_ls.o)
    0x080002d8   0x00000004   Code   RO         8704    .ARM.Collect$$_printf_percent$$00000017  c_w.l(_printf_percent_end.o)
    0x080002dc   0x00000002   Code   RO         8762    .ARM.Collect$$libinit$$00000000  c_w.l(libinit.o)
    0x080002de   0x00000004   Code   RO         8776    .ARM.Collect$$libinit$$00000001  c_w.l(libinit2.o)
    0x080002e2   0x00000000   Code   RO         8779    .ARM.Collect$$libinit$$00000004  c_w.l(libinit2.o)
    0x080002e2   0x00000000   Code   RO         8782    .ARM.Collect$$libinit$$0000000A  c_w.l(libinit2.o)
    0x080002e2   0x00000000   Code   RO         8784    .ARM.Collect$$libinit$$0000000C  c_w.l(libinit2.o)
    0x080002e2   0x00000000   Code   RO         8786    .ARM.Collect$$libinit$$0000000E  c_w.l(libinit2.o)
    0x080002e2   0x00000006   Code   RO         8787    .ARM.Collect$$libinit$$0000000F  c_w.l(libinit2.o)
    0x080002e8   0x00000000   Code   RO         8789    .ARM.Collect$$libinit$$00000011  c_w.l(libinit2.o)
    0x080002e8   0x0000000c   Code   RO         8790    .ARM.Collect$$libinit$$00000012  c_w.l(libinit2.o)
    0x080002f4   0x00000000   Code   RO         8791    .ARM.Collect$$libinit$$00000013  c_w.l(libinit2.o)
    0x080002f4   0x00000000   Code   RO         8793    .ARM.Collect$$libinit$$00000015  c_w.l(libinit2.o)
    0x080002f4   0x0000000a   Code   RO         8794    .ARM.Collect$$libinit$$00000016  c_w.l(libinit2.o)
    0x080002fe   0x00000000   Code   RO         8795    .ARM.Collect$$libinit$$00000017  c_w.l(libinit2.o)
    0x080002fe   0x00000000   Code   RO         8797    .ARM.Collect$$libinit$$00000019  c_w.l(libinit2.o)
    0x080002fe   0x00000000   Code   RO         8799    .ARM.Collect$$libinit$$0000001B  c_w.l(libinit2.o)
    0x080002fe   0x00000000   Code   RO         8801    .ARM.Collect$$libinit$$0000001D  c_w.l(libinit2.o)
    0x080002fe   0x00000000   Code   RO         8803    .ARM.Collect$$libinit$$0000001F  c_w.l(libinit2.o)
    0x080002fe   0x00000000   Code   RO         8805    .ARM.Collect$$libinit$$00000021  c_w.l(libinit2.o)
    0x080002fe   0x00000000   Code   RO         8807    .ARM.Collect$$libinit$$00000023  c_w.l(libinit2.o)
    0x080002fe   0x00000000   Code   RO         8809    .ARM.Collect$$libinit$$00000025  c_w.l(libinit2.o)
    0x080002fe   0x00000000   Code   RO         8813    .ARM.Collect$$libinit$$0000002C  c_w.l(libinit2.o)
    0x080002fe   0x00000000   Code   RO         8815    .ARM.Collect$$libinit$$0000002E  c_w.l(libinit2.o)
    0x080002fe   0x00000000   Code   RO         8817    .ARM.Collect$$libinit$$00000030  c_w.l(libinit2.o)
    0x080002fe   0x00000000   Code   RO         8819    .ARM.Collect$$libinit$$00000032  c_w.l(libinit2.o)
    0x080002fe   0x00000002   Code   RO         8820    .ARM.Collect$$libinit$$00000033  c_w.l(libinit2.o)
    0x08000300   0x00000002   Code   RO         8846    .ARM.Collect$$libshutdown$$00000000  c_w.l(libshutdown.o)
    0x08000302   0x00000000   Code   RO         8874    .ARM.Collect$$libshutdown$$00000003  c_w.l(libshutdown2.o)
    0x08000302   0x00000000   Code   RO         8877    .ARM.Collect$$libshutdown$$00000006  c_w.l(libshutdown2.o)
    0x08000302   0x00000000   Code   RO         8880    .ARM.Collect$$libshutdown$$00000009  c_w.l(libshutdown2.o)
    0x08000302   0x00000000   Code   RO         8882    .ARM.Collect$$libshutdown$$0000000B  c_w.l(libshutdown2.o)
    0x08000302   0x00000000   Code   RO         8885    .ARM.Collect$$libshutdown$$0000000E  c_w.l(libshutdown2.o)
    0x08000302   0x00000002   Code   RO         8886    .ARM.Collect$$libshutdown$$0000000F  c_w.l(libshutdown2.o)
    0x08000304   0x00000000   Code   RO         8494    .ARM.Collect$$rtentry$$00000000  c_w.l(__rtentry.o)
    0x08000304   0x00000000   Code   RO         8668    .ARM.Collect$$rtentry$$00000002  c_w.l(__rtentry2.o)
    0x08000304   0x00000006   Code   RO         8680    .ARM.Collect$$rtentry$$00000004  c_w.l(__rtentry4.o)
    0x0800030a   0x00000000   Code   RO         8670    .ARM.Collect$$rtentry$$00000009  c_w.l(__rtentry2.o)
    0x0800030a   0x00000004   Code   RO         8671    .ARM.Collect$$rtentry$$0000000A  c_w.l(__rtentry2.o)
    0x0800030e   0x00000000   Code   RO         8673    .ARM.Collect$$rtentry$$0000000C  c_w.l(__rtentry2.o)
    0x0800030e   0x00000008   Code   RO         8674    .ARM.Collect$$rtentry$$0000000D  c_w.l(__rtentry2.o)
    0x08000316   0x00000002   Code   RO         8763    .ARM.Collect$$rtexit$$00000000  c_w.l(rtexit.o)
    0x08000318   0x00000000   Code   RO         8822    .ARM.Collect$$rtexit$$00000002  c_w.l(rtexit2.o)
    0x08000318   0x00000004   Code   RO         8823    .ARM.Collect$$rtexit$$00000003  c_w.l(rtexit2.o)
    0x0800031c   0x00000006   Code   RO         8824    .ARM.Collect$$rtexit$$00000004  c_w.l(rtexit2.o)
    0x08000322   0x00000002   PAD
    0x08000324   0x000000be   Code   RO         5351    .emb_text           port.o
    0x080003e2   0x00000002   PAD
    0x080003e4   0x00000006   Code   RO         6233    .emb_text           embedi_delay.o
    0x080003ea   0x00000002   PAD
    0x080003ec   0x00000040   Code   RO            4    .text               startup_stm32f411xe.o
    0x0800042c   0x00000002   Code   RO         8382    .text               c_w.l(use_no_semi_2.o)
    0x0800042e   0x000000ee   Code   RO         8384    .text               c_w.l(lludivv7m.o)
    0x0800051c   0x00000034   Code   RO         8388    .text               c_w.l(vsnprintf.o)
    0x08000550   0x0000008a   Code   RO         8392    .text               c_w.l(rt_memcpy_v6.o)
    0x080005da   0x00000064   Code   RO         8394    .text               c_w.l(rt_memcpy_w.o)
    0x0800063e   0x0000004e   Code   RO         8400    .text               c_w.l(rt_memclr_w.o)
    0x0800068c   0x00000006   Code   RO         8402    .text               c_w.l(heapauxi.o)
    0x08000692   0x00000002   Code   RO         8492    .text               c_w.l(use_no_semi.o)
    0x08000694   0x00000016   Code   RO         8499    .text               c_w.l(_rserrno.o)
    0x080006aa   0x0000004e   Code   RO         8503    .text               c_w.l(_printf_pad.o)
    0x080006f8   0x00000024   Code   RO         8505    .text               c_w.l(_printf_truncate.o)
    0x0800071c   0x00000052   Code   RO         8507    .text               c_w.l(_printf_str.o)
    0x0800076e   0x00000002   PAD
    0x08000770   0x00000078   Code   RO         8509    .text               c_w.l(_printf_dec.o)
    0x080007e8   0x00000028   Code   RO         8511    .text               c_w.l(_printf_charcount.o)
    0x08000810   0x00000030   Code   RO         8513    .text               c_w.l(_printf_char_common.o)
    0x08000840   0x0000000a   Code   RO         8515    .text               c_w.l(_sputc.o)
    0x0800084a   0x00000010   Code   RO         8517    .text               c_w.l(_snputc.o)
    0x0800085a   0x00000002   PAD
    0x0800085c   0x000000bc   Code   RO         8519    .text               c_w.l(_printf_wctomb.o)
    0x08000918   0x0000007c   Code   RO         8522    .text               c_w.l(_printf_longlong_dec.o)
    0x08000994   0x00000070   Code   RO         8528    .text               c_w.l(_printf_oct_int_ll.o)
    0x08000a04   0x00000094   Code   RO         8548    .text               c_w.l(_printf_hex_int_ll_ptr.o)
    0x08000a98   0x00000188   Code   RO         8568    .text               c_w.l(__printf_flags_ss_wp.o)
    0x08000c20   0x00000008   Code   RO         8687    .text               c_w.l(rt_errno_addr_intlibspace.o)
    0x08000c28   0x0000008a   Code   RO         8689    .text               c_w.l(lludiv10.o)
    0x08000cb2   0x000000b2   Code   RO         8691    .text               c_w.l(_printf_intcommon.o)
    0x08000d64   0x0000041a   Code   RO         8693    .text               c_w.l(_printf_fp_dec.o)
    0x0800117e   0x00000002   PAD
    0x08001180   0x000002fc   Code   RO         8695    .text               c_w.l(_printf_fp_hex.o)
    0x0800147c   0x0000002c   Code   RO         8700    .text               c_w.l(_printf_char.o)
    0x080014a8   0x0000002c   Code   RO         8702    .text               c_w.l(_printf_wchar.o)
    0x080014d4   0x00000040   Code   RO         8705    .text               c_w.l(_wcrtomb.o)
    0x08001514   0x00000008   Code   RO         8709    .text               c_w.l(libspace.o)
    0x0800151c   0x0000004a   Code   RO         8712    .text               c_w.l(sys_stackheap_outer.o)
    0x08001566   0x00000002   PAD
    0x08001568   0x00000010   Code   RO         8714    .text               c_w.l(rt_ctype_table.o)
    0x08001578   0x00000008   Code   RO         8719    .text               c_w.l(rt_locale_intlibspace.o)
    0x08001580   0x00000080   Code   RO         8721    .text               c_w.l(_printf_fp_infnan.o)
    0x08001600   0x000000dc   Code   RO         8723    .text               c_w.l(bigflt0.o)
    0x080016dc   0x0000000c   Code   RO         8751    .text               c_w.l(exit.o)
    0x080016e8   0x00000080   Code   RO         8774    .text               c_w.l(strcmpv7m.o)
    0x08001768   0x0000003e   Code   RO         8726    CL$$btod_d2e        c_w.l(btod.o)
    0x080017a6   0x00000046   Code   RO         8728    CL$$btod_d2e_denorm_low  c_w.l(btod.o)
    0x080017ec   0x00000060   Code   RO         8727    CL$$btod_d2e_norm_op1  c_w.l(btod.o)
    0x0800184c   0x00000338   Code   RO         8736    CL$$btod_div_common  c_w.l(btod.o)
    0x08001b84   0x000000c6   Code   RO         8733    CL$$btod_e2e        c_w.l(btod.o)
    0x08001c4a   0x00000028   Code   RO         8730    CL$$btod_ediv       c_w.l(btod.o)
    0x08001c72   0x00000028   Code   RO         8729    CL$$btod_emul       c_w.l(btod.o)
    0x08001c9a   0x00000244   Code   RO         8735    CL$$btod_mult_common  c_w.l(btod.o)
    0x08001ede   0x00000002   Code   RO          287    i.BusFault_Handler  stm32f4xx_it.o
    0x08001ee0   0x00000004   Code   RO          558    i.CDC_Control_FS    usbd_cdc_if.o
    0x08001ee4   0x00000004   Code   RO          559    i.CDC_DeInit_FS     usbd_cdc_if.o
    0x08001ee8   0x00000024   Code   RO          560    i.CDC_Init_FS       usbd_cdc_if.o
    0x08001f0c   0x00000024   Code   RO          561    i.CDC_Receive_FS    usbd_cdc_if.o
    0x08001f30   0x00000004   Code   RO          562    i.CDC_TransmitCplt_FS  usbd_cdc_if.o
    0x08001f34   0x0000002c   Code   RO          563    i.CDC_Transmit_FS   usbd_cdc_if.o
    0x08001f60   0x0000000c   Code   RO          288    i.DMA1_Stream6_IRQHandler  stm32f4xx_it.o
    0x08001f6c   0x00000028   Code   RO         1921    i.DMA_CalcBaseAndBitshift  stm32f4xx_hal_dma.o
    0x08001f94   0x00000054   Code   RO         1922    i.DMA_CheckFifoParam  stm32f4xx_hal_dma.o
    0x08001fe8   0x00000002   Code   RO          289    i.DebugMon_Handler  stm32f4xx_it.o
    0x08001fea   0x00000004   Code   RO           13    i.Error_Handler     main.o
    0x08001fee   0x00000092   Code   RO         1924    i.HAL_DMA_Abort     stm32f4xx_hal_dma.o
    0x08002080   0x00000024   Code   RO         1925    i.HAL_DMA_Abort_IT  stm32f4xx_hal_dma.o
    0x080020a4   0x000001a0   Code   RO         1929    i.HAL_DMA_IRQHandler  stm32f4xx_hal_dma.o
    0x08002244   0x000000d4   Code   RO         1930    i.HAL_DMA_Init      stm32f4xx_hal_dma.o
    0x08002318   0x00000024   Code   RO         2373    i.HAL_Delay         stm32f4xx_hal.o
    0x0800233c   0x000001e0   Code   RO         1817    i.HAL_GPIO_Init     stm32f4xx_hal_gpio.o
    0x0800251c   0x0000000a   Code   RO         1819    i.HAL_GPIO_ReadPin  stm32f4xx_hal_gpio.o
    0x08002526   0x0000000a   Code   RO         1821    i.HAL_GPIO_WritePin  stm32f4xx_hal_gpio.o
    0x08002530   0x0000000c   Code   RO         2379    i.HAL_GetTick       stm32f4xx_hal.o
    0x0800253c   0x00000010   Code   RO         2385    i.HAL_IncTick       stm32f4xx_hal.o
    0x0800254c   0x00000034   Code   RO         2386    i.HAL_Init          stm32f4xx_hal.o
    0x08002580   0x00000040   Code   RO         2387    i.HAL_InitTick      stm32f4xx_hal.o
    0x080025c0   0x00000038   Code   RO          369    i.HAL_MspInit       stm32f4xx_hal_msp.o
    0x080025f8   0x0000001a   Code   RO         2231    i.HAL_NVIC_EnableIRQ  stm32f4xx_hal_cortex.o
    0x08002612   0x00000002   PAD
    0x08002614   0x00000040   Code   RO         2237    i.HAL_NVIC_SetPriority  stm32f4xx_hal_cortex.o
    0x08002654   0x00000024   Code   RO         2238    i.HAL_NVIC_SetPriorityGrouping  stm32f4xx_hal_cortex.o
    0x08002678   0x00000002   Code   RO         1061    i.HAL_PCDEx_LPM_Callback  stm32f4xx_hal_pcd_ex.o
    0x0800267a   0x00000008   Code   RO         1062    i.HAL_PCDEx_SetRxFiFo  stm32f4xx_hal_pcd_ex.o
    0x08002682   0x00000044   Code   RO         1063    i.HAL_PCDEx_SetTxFiFo  stm32f4xx_hal_pcd_ex.o
    0x080026c6   0x00000008   Code   RO          615    i.HAL_PCD_ConnectCallback  usbd_conf.o
    0x080026ce   0x00000012   Code   RO          616    i.HAL_PCD_DataInStageCallback  usbd_conf.o
    0x080026e0   0x00000014   Code   RO          617    i.HAL_PCD_DataOutStageCallback  usbd_conf.o
    0x080026f4   0x00000008   Code   RO          618    i.HAL_PCD_DisconnectCallback  usbd_conf.o
    0x080026fc   0x0000001e   Code   RO          831    i.HAL_PCD_EP_Abort  stm32f4xx_hal_pcd.o
    0x0800271a   0x0000004a   Code   RO          832    i.HAL_PCD_EP_Close  stm32f4xx_hal_pcd.o
    0x08002764   0x0000005a   Code   RO          833    i.HAL_PCD_EP_ClrStall  stm32f4xx_hal_pcd.o
    0x080027be   0x00000012   Code   RO          835    i.HAL_PCD_EP_GetRxCount  stm32f4xx_hal_pcd.o
    0x080027d0   0x0000005e   Code   RO          836    i.HAL_PCD_EP_Open   stm32f4xx_hal_pcd.o
    0x0800282e   0x00000038   Code   RO          837    i.HAL_PCD_EP_Receive  stm32f4xx_hal_pcd.o
    0x08002866   0x00000072   Code   RO          838    i.HAL_PCD_EP_SetStall  stm32f4xx_hal_pcd.o
    0x080028d8   0x00000032   Code   RO          839    i.HAL_PCD_EP_Transmit  stm32f4xx_hal_pcd.o
    0x0800290a   0x00000002   PAD
    0x0800290c   0x0000055c   Code   RO          841    i.HAL_PCD_IRQHandler  stm32f4xx_hal_pcd.o
    0x08002e68   0x00000008   Code   RO          619    i.HAL_PCD_ISOINIncompleteCallback  usbd_conf.o
    0x08002e70   0x00000008   Code   RO          620    i.HAL_PCD_ISOOUTIncompleteCallback  usbd_conf.o
    0x08002e78   0x000000cc   Code   RO          844    i.HAL_PCD_Init      stm32f4xx_hal_pcd.o
    0x08002f44   0x00000084   Code   RO          622    i.HAL_PCD_MspInit   usbd_conf.o
    0x08002fc8   0x00000026   Code   RO          623    i.HAL_PCD_ResetCallback  usbd_conf.o
    0x08002fee   0x00000008   Code   RO          624    i.HAL_PCD_ResumeCallback  usbd_conf.o
    0x08002ff6   0x00000008   Code   RO          625    i.HAL_PCD_SOFCallback  usbd_conf.o
    0x08002ffe   0x00000026   Code   RO          850    i.HAL_PCD_SetAddress  stm32f4xx_hal_pcd.o
    0x08003024   0x0000000e   Code   RO          626    i.HAL_PCD_SetupStageCallback  usbd_conf.o
    0x08003032   0x00000042   Code   RO          853    i.HAL_PCD_Start     stm32f4xx_hal_pcd.o
    0x08003074   0x00000030   Code   RO          627    i.HAL_PCD_SuspendCallback  usbd_conf.o
    0x080030a4   0x00000134   Code   RO         1409    i.HAL_RCC_ClockConfig  stm32f4xx_hal_rcc.o
    0x080031d8   0x0000000c   Code   RO         1414    i.HAL_RCC_GetHCLKFreq  stm32f4xx_hal_rcc.o
    0x080031e4   0x00000020   Code   RO         1416    i.HAL_RCC_GetPCLK1Freq  stm32f4xx_hal_rcc.o
    0x08003204   0x00000020   Code   RO         1417    i.HAL_RCC_GetPCLK2Freq  stm32f4xx_hal_rcc.o
    0x08003224   0x00000060   Code   RO         1418    i.HAL_RCC_GetSysClockFreq  stm32f4xx_hal_rcc.o
    0x08003284   0x0000036c   Code   RO         1421    i.HAL_RCC_OscConfig  stm32f4xx_hal_rcc.o
    0x080035f0   0x00000028   Code   RO         2242    i.HAL_SYSTICK_Config  stm32f4xx_hal_cortex.o
    0x08003618   0x0000007c   Code   RO         3349    i.HAL_TIMEx_MasterConfigSynchronization  stm32f4xx_hal_tim_ex.o
    0x08003694   0x000000a8   Code   RO          370    i.HAL_TIM_MspPostInit  stm32f4xx_hal_msp.o
    0x0800373c   0x000000cc   Code   RO         2698    i.HAL_TIM_PWM_ConfigChannel  stm32f4xx_hal_tim.o
    0x08003808   0x0000005a   Code   RO         2701    i.HAL_TIM_PWM_Init  stm32f4xx_hal_tim.o
    0x08003862   0x00000002   PAD
    0x08003864   0x0000003c   Code   RO          372    i.HAL_TIM_PWM_MspInit  stm32f4xx_hal_msp.o
    0x080038a0   0x000000b0   Code   RO         2706    i.HAL_TIM_PWM_Start  stm32f4xx_hal_tim.o
    0x08003950   0x00000002   Code   RO         3609    i.HAL_UARTEx_RxEventCallback  stm32f4xx_hal_uart.o
    0x08003952   0x00000002   Code   RO         3623    i.HAL_UART_ErrorCallback  stm32f4xx_hal_uart.o
    0x08003954   0x00000270   Code   RO         3626    i.HAL_UART_IRQHandler  stm32f4xx_hal_uart.o
    0x08003bc4   0x00000064   Code   RO         3627    i.HAL_UART_Init     stm32f4xx_hal_uart.o
    0x08003c28   0x000000b4   Code   RO          374    i.HAL_UART_MspInit  stm32f4xx_hal_msp.o
    0x08003cdc   0x0000001c   Code   RO         3632    i.HAL_UART_Receive_IT  stm32f4xx_hal_uart.o
    0x08003cf8   0x00000040   Code   RO         6396    i.HAL_UART_RxCpltCallback  embedi_uart.o
    0x08003d38   0x00000002   Code   RO         3638    i.HAL_UART_TxCpltCallback  stm32f4xx_hal_uart.o
    0x08003d3a   0x00000002   Code   RO          290    i.HardFault_Handler  stm32f4xx_it.o
    0x08003d3c   0x00000038   Code   RO          472    i.IntToUnicode      usbd_desc.o
    0x08003d74   0x00000098   Code   RO           14    i.MX_GPIO_Init      main.o
    0x08003e0c   0x0000007c   Code   RO           15    i.MX_TIM2_Init      main.o
    0x08003e88   0x00000080   Code   RO           16    i.MX_TIM4_Init      main.o
    0x08003f08   0x00000054   Code   RO          424    i.MX_USB_DEVICE_Init  usb_device.o
    0x08003f5c   0x00000002   Code   RO          291    i.MemManage_Handler  stm32f4xx_it.o
    0x08003f5e   0x00000002   Code   RO          292    i.NMI_Handler       stm32f4xx_it.o
    0x08003f60   0x0000000c   Code   RO          293    i.OTG_FS_IRQHandler  stm32f4xx_it.o
    0x08003f6c   0x000000cc   Code   RO          857    i.PCD_EP_OutXfrComplete_int  stm32f4xx_hal_pcd.o
    0x08004038   0x000000a2   Code   RO          858    i.PCD_WriteEmptyTxFifo  stm32f4xx_hal_pcd.o
    0x080040da   0x0000000a   Code   RO         5590    i.SWAPBYTE          usbd_ctlreq.o
    0x080040e4   0x0000000c   Code   RO           17    i.StartDefaultTask  main.o
    0x080040f0   0x00000018   Code   RO          294    i.SysTick_Handler   stm32f4xx_it.o
    0x08004108   0x00000090   Code   RO           18    i.SystemClock_Config  main.o
    0x08004198   0x00000010   Code   RO         3961    i.SystemInit        system_stm32f4xx.o
    0x080041a8   0x000000a4   Code   RO         2719    i.TIM_Base_SetConfig  stm32f4xx_hal_tim.o
    0x0800424c   0x0000001a   Code   RO         2720    i.TIM_CCxChannelCmd  stm32f4xx_hal_tim.o
    0x08004266   0x00000002   PAD
    0x08004268   0x00000050   Code   RO         2732    i.TIM_OC1_SetConfig  stm32f4xx_hal_tim.o
    0x080042b8   0x00000058   Code   RO         2733    i.TIM_OC2_SetConfig  stm32f4xx_hal_tim.o
    0x08004310   0x00000058   Code   RO         2734    i.TIM_OC3_SetConfig  stm32f4xx_hal_tim.o
    0x08004368   0x00000044   Code   RO         2735    i.TIM_OC4_SetConfig  stm32f4xx_hal_tim.o
    0x080043ac   0x00000010   Code   RO         3640    i.UART_DMAAbortOnError  stm32f4xx_hal_uart.o
    0x080043bc   0x0000004e   Code   RO         3650    i.UART_EndRxTransfer  stm32f4xx_hal_uart.o
    0x0800440a   0x000000c2   Code   RO         3652    i.UART_Receive_IT   stm32f4xx_hal_uart.o
    0x080044cc   0x0000010c   Code   RO         3653    i.UART_SetConfig    stm32f4xx_hal_uart.o
    0x080045d8   0x00000036   Code   RO         3655    i.UART_Start_Receive_IT  stm32f4xx_hal_uart.o
    0x0800460e   0x00000002   PAD
    0x08004610   0x0000000c   Code   RO          295    i.USART2_IRQHandler  stm32f4xx_it.o
    0x0800461c   0x00000076   Code   RO         5723    i.USBD_CDC_DataIn   usbd_cdc.o
    0x08004692   0x0000003c   Code   RO         5724    i.USBD_CDC_DataOut  usbd_cdc.o
    0x080046ce   0x00000002   PAD
    0x080046d0   0x00000090   Code   RO         5725    i.USBD_CDC_DeInit   usbd_cdc.o
    0x08004760   0x00000036   Code   RO         5726    i.USBD_CDC_EP0_RxReady  usbd_cdc.o
    0x08004796   0x00000002   PAD
    0x08004798   0x0000000c   Code   RO         5727    i.USBD_CDC_GetDeviceQualifierDescriptor  usbd_cdc.o
    0x080047a4   0x0000003c   Code   RO         5728    i.USBD_CDC_GetFSCfgDesc  usbd_cdc.o
    0x080047e0   0x00000040   Code   RO         5729    i.USBD_CDC_GetHSCfgDesc  usbd_cdc.o
    0x08004820   0x0000003c   Code   RO         5730    i.USBD_CDC_GetOtherSpeedCfgDesc  usbd_cdc.o
    0x0800485c   0x00000118   Code   RO         5731    i.USBD_CDC_Init     usbd_cdc.o
    0x08004974   0x00000038   Code   RO         5732    i.USBD_CDC_ReceivePacket  usbd_cdc.o
    0x080049ac   0x00000016   Code   RO         5733    i.USBD_CDC_RegisterInterface  usbd_cdc.o
    0x080049c2   0x0000001a   Code   RO         5734    i.USBD_CDC_SetRxBuffer  usbd_cdc.o
    0x080049dc   0x0000001e   Code   RO         5735    i.USBD_CDC_SetTxBuffer  usbd_cdc.o
    0x080049fa   0x000000d4   Code   RO         5736    i.USBD_CDC_Setup    usbd_cdc.o
    0x08004ace   0x00000002   PAD
    0x08004ad0   0x00000050   Code   RO         5737    i.USBD_CDC_TransmitPacket  usbd_cdc.o
    0x08004b20   0x00000014   Code   RO         5431    i.USBD_ClrClassConfig  usbd_core.o
    0x08004b34   0x00000004   Code   RO         5432    i.USBD_CoreFindEP   usbd_core.o
    0x08004b38   0x00000004   Code   RO         5433    i.USBD_CoreFindIF   usbd_core.o
    0x08004b3c   0x00000010   Code   RO         5663    i.USBD_CtlContinueRx  usbd_ioreq.o
    0x08004b4c   0x00000010   Code   RO         5664    i.USBD_CtlContinueSendData  usbd_ioreq.o
    0x08004b5c   0x00000016   Code   RO         5591    i.USBD_CtlError     usbd_ctlreq.o
    0x08004b72   0x0000001e   Code   RO         5665    i.USBD_CtlPrepareRx  usbd_ioreq.o
    0x08004b90   0x00000016   Code   RO         5666    i.USBD_CtlReceiveStatus  usbd_ioreq.o
    0x08004ba6   0x0000001a   Code   RO         5667    i.USBD_CtlSendData  usbd_ioreq.o
    0x08004bc0   0x00000016   Code   RO         5668    i.USBD_CtlSendStatus  usbd_ioreq.o
    0x08004bd6   0x00000002   PAD
    0x08004bd8   0x00000020   Code   RO          473    i.USBD_FS_ConfigStrDescriptor  usbd_desc.o
    0x08004bf8   0x0000000c   Code   RO          474    i.USBD_FS_DeviceDescriptor  usbd_desc.o
    0x08004c04   0x00000024   Code   RO          475    i.USBD_FS_InterfaceStrDescriptor  usbd_desc.o
    0x08004c28   0x0000000c   Code   RO          476    i.USBD_FS_LangIDStrDescriptor  usbd_desc.o
    0x08004c34   0x00000028   Code   RO          477    i.USBD_FS_ManufacturerStrDescriptor  usbd_desc.o
    0x08004c5c   0x0000002c   Code   RO          478    i.USBD_FS_ProductStrDescriptor  usbd_desc.o
    0x08004c88   0x00000038   Code   RO          479    i.USBD_FS_SerialStrDescriptor  usbd_desc.o
    0x08004cc0   0x000000e6   Code   RO         5592    i.USBD_GetDescriptor  usbd_ctlreq.o
    0x08004da6   0x0000003a   Code   RO         5435    i.USBD_GetEpDesc    usbd_core.o
    0x08004de0   0x0000000e   Code   RO         5436    i.USBD_GetNextDesc  usbd_core.o
    0x08004dee   0x00000048   Code   RO         5593    i.USBD_GetString    usbd_ctlreq.o
    0x08004e36   0x00000018   Code   RO          628    i.USBD_Get_USB_Status  usbd_conf.o
    0x08004e4e   0x00000026   Code   RO         5437    i.USBD_Init         usbd_core.o
    0x08004e74   0x00000012   Code   RO          629    i.USBD_LL_ClearStallEP  usbd_conf.o
    0x08004e86   0x00000012   Code   RO          630    i.USBD_LL_CloseEP   usbd_conf.o
    0x08004e98   0x000000b6   Code   RO         5438    i.USBD_LL_DataInStage  usbd_core.o
    0x08004f4e   0x0000008e   Code   RO         5439    i.USBD_LL_DataOutStage  usbd_core.o
    0x08004fdc   0x00000004   Code   RO         5440    i.USBD_LL_DevConnected  usbd_core.o
    0x08004fe0   0x0000001e   Code   RO         5441    i.USBD_LL_DevDisconnected  usbd_core.o
    0x08004ffe   0x00000008   Code   RO          634    i.USBD_LL_GetRxDataSize  usbd_conf.o
    0x08005006   0x00000002   PAD
    0x08005008   0x00000060   Code   RO          635    i.USBD_LL_Init      usbd_conf.o
    0x08005068   0x0000001e   Code   RO          636    i.USBD_LL_IsStallEP  usbd_conf.o
    0x08005086   0x00000028   Code   RO         5442    i.USBD_LL_IsoINIncomplete  usbd_core.o
    0x080050ae   0x00000028   Code   RO         5443    i.USBD_LL_IsoOUTIncomplete  usbd_core.o
    0x080050d6   0x00000018   Code   RO          637    i.USBD_LL_OpenEP    usbd_conf.o
    0x080050ee   0x00000012   Code   RO          638    i.USBD_LL_PrepareReceive  usbd_conf.o
    0x08005100   0x0000005c   Code   RO         5444    i.USBD_LL_Reset     usbd_core.o
    0x0800515c   0x00000014   Code   RO         5445    i.USBD_LL_Resume    usbd_core.o
    0x08005170   0x0000001a   Code   RO         5446    i.USBD_LL_SOF       usbd_core.o
    0x0800518a   0x00000006   Code   RO         5447    i.USBD_LL_SetSpeed  usbd_core.o
    0x08005190   0x00000012   Code   RO          639    i.USBD_LL_SetUSBAddress  usbd_conf.o
    0x080051a2   0x00000060   Code   RO         5448    i.USBD_LL_SetupStage  usbd_core.o
    0x08005202   0x00000012   Code   RO          640    i.USBD_LL_StallEP   usbd_conf.o
    0x08005214   0x00000012   Code   RO          641    i.USBD_LL_Start     usbd_conf.o
    0x08005226   0x0000001a   Code   RO         5449    i.USBD_LL_Suspend   usbd_core.o
    0x08005240   0x00000012   Code   RO          643    i.USBD_LL_Transmit  usbd_conf.o
    0x08005252   0x0000002c   Code   RO         5594    i.USBD_ParseSetupRequest  usbd_ctlreq.o
    0x0800527e   0x0000003a   Code   RO         5450    i.USBD_RegisterClass  usbd_core.o
    0x080052b8   0x00000014   Code   RO         5452    i.USBD_SetClassConfig  usbd_core.o
    0x080052cc   0x000000b8   Code   RO         5595    i.USBD_SetConfig    usbd_ctlreq.o
    0x08005384   0x00000004   Code   RO         5453    i.USBD_Start        usbd_core.o
    0x08005388   0x0000012c   Code   RO         5596    i.USBD_StdDevReq    usbd_ctlreq.o
    0x080054b4   0x00000160   Code   RO         5597    i.USBD_StdEPReq     usbd_ctlreq.o
    0x08005614   0x00000072   Code   RO         5598    i.USBD_StdItfReq    usbd_ctlreq.o
    0x08005686   0x00000002   Code   RO          644    i.USBD_static_free  usbd_conf.o
    0x08005688   0x00000008   Code   RO          645    i.USBD_static_malloc  usbd_conf.o
    0x08005690   0x00000080   Code   RO         1103    i.USB_ActivateEndpoint  stm32f4xx_ll_usb.o
    0x08005710   0x0000001c   Code   RO         1105    i.USB_ActivateSetup  stm32f4xx_ll_usb.o
    0x0800572c   0x00000084   Code   RO         1107    i.USB_CoreInit      stm32f4xx_ll_usb.o
    0x080057b0   0x0000003c   Code   RO         1108    i.USB_CoreReset     stm32f4xx_ll_usb.o
    0x080057ec   0x000000cc   Code   RO         1111    i.USB_DeactivateEndpoint  stm32f4xx_ll_usb.o
    0x080058b8   0x0000001c   Code   RO         1112    i.USB_DevConnect    stm32f4xx_ll_usb.o
    0x080058d4   0x0000001c   Code   RO         1113    i.USB_DevDisconnect  stm32f4xx_ll_usb.o
    0x080058f0   0x0000017c   Code   RO         1114    i.USB_DevInit       stm32f4xx_ll_usb.o
    0x08005a6c   0x0000000c   Code   RO         1115    i.USB_DisableGlobalInt  stm32f4xx_ll_usb.o
    0x08005a78   0x00000058   Code   RO         1118    i.USB_EP0_OutStart  stm32f4xx_ll_usb.o
    0x08005ad0   0x00000058   Code   RO         1119    i.USB_EPClearStall  stm32f4xx_ll_usb.o
    0x08005b28   0x00000058   Code   RO         1120    i.USB_EPSetStall    stm32f4xx_ll_usb.o
    0x08005b80   0x00000230   Code   RO         1121    i.USB_EPStartXfer   stm32f4xx_ll_usb.o
    0x08005db0   0x0000009e   Code   RO         1122    i.USB_EPStopXfer    stm32f4xx_ll_usb.o
    0x08005e4e   0x0000000c   Code   RO         1123    i.USB_EnableGlobalInt  stm32f4xx_ll_usb.o
    0x08005e5a   0x00000038   Code   RO         1124    i.USB_FlushRxFifo   stm32f4xx_ll_usb.o
    0x08005e92   0x0000003c   Code   RO         1125    i.USB_FlushTxFifo   stm32f4xx_ll_usb.o
    0x08005ece   0x0000001a   Code   RO         1127    i.USB_GetDevSpeed   stm32f4xx_ll_usb.o
    0x08005ee8   0x00000008   Code   RO         1129    i.USB_GetMode       stm32f4xx_ll_usb.o
    0x08005ef0   0x0000000e   Code   RO         1137    i.USB_ReadDevAllInEpInterrupt  stm32f4xx_ll_usb.o
    0x08005efe   0x0000000e   Code   RO         1138    i.USB_ReadDevAllOutEpInterrupt  stm32f4xx_ll_usb.o
    0x08005f0c   0x00000024   Code   RO         1139    i.USB_ReadDevInEPInterrupt  stm32f4xx_ll_usb.o
    0x08005f30   0x00000010   Code   RO         1140    i.USB_ReadDevOutEPInterrupt  stm32f4xx_ll_usb.o
    0x08005f40   0x00000008   Code   RO         1141    i.USB_ReadInterrupts  stm32f4xx_ll_usb.o
    0x08005f48   0x0000003e   Code   RO         1142    i.USB_ReadPacket    stm32f4xx_ll_usb.o
    0x08005f86   0x0000005c   Code   RO         1144    i.USB_SetCurrentMode  stm32f4xx_ll_usb.o
    0x08005fe2   0x00000022   Code   RO         1145    i.USB_SetDevAddress  stm32f4xx_ll_usb.o
    0x08006004   0x000000e8   Code   RO         1147    i.USB_SetTurnaroundTime  stm32f4xx_ll_usb.o
    0x080060ec   0x00000028   Code   RO         1150    i.USB_WritePacket   stm32f4xx_ll_usb.o
    0x08006114   0x00000002   Code   RO          296    i.UsageFault_Handler  stm32f4xx_it.o
    0x08006116   0x00000030   Code   RO         8635    i.__ARM_fpclassify  m_wm.l(fpclassify.o)
    0x08006146   0x00000026   Code   RO         8637    i.__ARM_fpclassifyf  m_wm.l(fpclassifyf.o)
    0x0800616c   0x00000020   Code   RO         2244    i.__NVIC_SetPriority  stm32f4xx_hal_cortex.o
    0x0800618c   0x00000004   PAD
    0x08006190   0x00000360   Code   RO         8432    i.__hardfp_asin     m_wm.l(asin.o)
    0x080064f0   0x000002d8   Code   RO         8446    i.__hardfp_atan     m_wm.l(atan.o)
    0x080067c8   0x0000060c   Code   RO         8466    i.__hardfp_powf     m_wm.l(powf.o)
    0x08006dd4   0x0000003a   Code   RO         8480    i.__hardfp_sqrtf    m_wm.l(sqrtf.o)
    0x08006e0e   0x000000f8   Code   RO         8653    i.__kernel_poly     m_wm.l(poly.o)
    0x08006f06   0x00000014   Code   RO         8622    i.__mathlib_dbl_infnan  m_wm.l(dunder.o)
    0x08006f1a   0x00000006   PAD
    0x08006f20   0x00000020   Code   RO         8624    i.__mathlib_dbl_invalid  m_wm.l(dunder.o)
    0x08006f40   0x00000020   Code   RO         8627    i.__mathlib_dbl_underflow  m_wm.l(dunder.o)
    0x08006f60   0x00000014   Code   RO         8639    i.__mathlib_flt_divzero  m_wm.l(funder.o)
    0x08006f74   0x00000006   Code   RO         8641    i.__mathlib_flt_infnan2  m_wm.l(funder.o)
    0x08006f7a   0x00000002   PAD
    0x08006f7c   0x00000010   Code   RO         8642    i.__mathlib_flt_invalid  m_wm.l(funder.o)
    0x08006f8c   0x00000010   Code   RO         8643    i.__mathlib_flt_overflow  m_wm.l(funder.o)
    0x08006f9c   0x00000010   Code   RO         8645    i.__mathlib_flt_underflow  m_wm.l(funder.o)
    0x08006fac   0x00000002   Code   RO         7799    i.__spi_init        embedi_spi.o
    0x08006fae   0x00000008   Code   RO         6448    i._abs_pos          embedi_motor.o
    0x08006fb6   0x00000002   PAD
    0x08006fb8   0x00000198   Code   RO         6552    i._accel_callibratin  embedi_imu.o
    0x08007150   0x00000064   Code   RO         6553    i._accel_data_collection  embedi_imu.o
    0x080071b4   0x0000001e   Code   RO         7613    i._bmp280_config_imu_slave  embedi_bmp280.o
    0x080071d2   0x00000002   PAD
    0x080071d4   0x000001d0   Code   RO         7717    i._change_pitch_pid  embedi_remoter.o
    0x080073a4   0x00000110   Code   RO         7718    i._control_throttle  embedi_remoter.o
    0x080074b4   0x000000f8   Code   RO         8218    i._dispatch         embedi_dispatch.o
    0x080075ac   0x00000034   Code   RO         8219    i._dispatch_init    embedi_dispatch.o
    0x080075e0   0x00000030   Code   RO         8220    i._dispatch_task_function  embedi_dispatch.o
    0x08007610   0x00000002   Code   RO         8221    i._event_call       embedi_dispatch.o
    0x08007612   0x00000002   Code   RO         8222    i._event_call1      embedi_dispatch.o
    0x08007614   0x00000002   Code   RO         8223    i._event_call2      embedi_dispatch.o
    0x08007616   0x00000002   Code   RO         8224    i._event_call3      embedi_dispatch.o
    0x08007618   0x00000002   Code   RO         8225    i._event_call4      embedi_dispatch.o
    0x0800761a   0x00000002   PAD
    0x0800761c   0x00000144   Code   RO         6555    i._gyro_callibratin  embedi_imu.o
    0x08007760   0x00000068   Code   RO         6556    i._gyro_data_collection  embedi_imu.o
    0x080077c8   0x0000006c   Code   RO         6312    i._i2c_read         embedi_i2c.o
    0x08007834   0x00000056   Code   RO         6313    i._i2c_write        embedi_i2c.o
    0x0800788a   0x0000000e   Code   RO         8561    i._is_digit         c_w.l(__printf_wp.o)
    0x08007898   0x0000003c   Code   RO         8181    i._nomarlization    embedi_joystick.o
    0x080078d4   0x0000008c   Code   RO         7942    i._nrf_task_function  embedi_host.o
    0x08007960   0x0000008c   Code   RO         7920    i._parse_package    embedi_protocol.o
    0x080079ec   0x0000006c   Code   RO         5889    i._predect          embedi_6d_kalman.o
    0x08007a58   0x00000016   Code   RO         6449    i._pwm_limit        embedi_motor.o
    0x08007a6e   0x00000002   PAD
    0x08007a70   0x00000084   Code   RO         5890    i._q_norm           embedi_6d_kalman.o
    0x08007af4   0x00000220   Code   RO         7449    i._quadrotor_control  embedi_quadrotor.o
    0x08007d14   0x00000070   Code   RO         7450    i._quadrotor_task_function  embedi_quadrotor.o
    0x08007d84   0x000000dc   Code   RO         6314    i._read_byte        embedi_i2c.o
    0x08007e60   0x00000080   Code   RO         6557    i._read_from_flash  embedi_imu.o
    0x08007ee0   0x00000014   Code   RO         7537    i._read_raw_data    embedi_baro.o
    0x08007ef4   0x00000050   Code   RO         7720    i._remoter_task_function  embedi_remoter.o
    0x08007f44   0x0000010c   Code   RO         7451    i._reset_parameters  embedi_quadrotor.o
    0x08008050   0x00000014   Code   RO         7721    i._reset_parameters  embedi_remoter.o
    0x08008064   0x0000007c   Code   RO         6315    i._send_byte        embedi_i2c.o
    0x080080e0   0x00000010   Code   RO         6451    i._set_motorA_pwm   embedi_motor.o
    0x080080f0   0x00000010   Code   RO         6452    i._set_motorB_pwm   embedi_motor.o
    0x08008100   0x0000000e   Code   RO         6453    i._set_motorC_pwm   embedi_motor.o
    0x0800810e   0x0000000e   Code   RO         6454    i._set_motorD_pwm   embedi_motor.o
    0x0800811c   0x00000154   Code   RO         6769    i._set_sensors      inv_mpu.o
    0x08008270   0x000000e8   Code   RO         7650    i._spl0601_get_calibration  embedi_spl06.o
    0x08008358   0x0000001e   Code   RO         7651    i._spl06_config_imu_slave  embedi_spl06.o
    0x08008376   0x00000006   Code   RO         7652    i._spl06_enable_sensor  embedi_spl06.o
    0x0800837c   0x000000e4   Code   RO         7653    i._spl06_init       embedi_spl06.o
    0x08008460   0x000000f8   Code   RO         7654    i._spl06_pressure_standardize  embedi_spl06.o
    0x08008558   0x00000026   Code   RO         7655    i._spl06_read_data  embedi_spl06.o
    0x0800857e   0x00000002   PAD
    0x08008580   0x00000078   Code   RO         7656    i._spl06_set_sample_rate  embedi_spl06.o
    0x080085f8   0x00000074   Code   RO         7657    i._spl06_temperature_standardize  embedi_spl06.o
    0x0800866c   0x000000f8   Code   RO         6316    i._start            embedi_i2c.o
    0x08008764   0x000000f8   Code   RO         6317    i._stop             embedi_i2c.o
    0x0800885c   0x00000002   Code   RO         7864    i._sys_exit         embedi_printf.o
    0x0800885e   0x00000002   PAD
    0x08008860   0x00000220   Code   RO         5891    i._update           embedi_6d_kalman.o
    0x08008a80   0x000000d4   Code   RO         5892    i._update_A         embedi_6d_kalman.o
    0x08008b54   0x00000060   Code   RO         5893    i._update_H         embedi_6d_kalman.o
    0x08008bb4   0x00000058   Code   RO         7452    i._update_height_param  embedi_quadrotor.o
    0x08008c0c   0x0000008c   Code   RO         6318    i._wait_ack         embedi_i2c.o
    0x08008c98   0x00000100   Code   RO         6558    i._write_to_flash   embedi_imu.o
    0x08008d98   0x00000018   Code   RO         8301    i.battery_event_call  embedi_battery.o
    0x08008db0   0x000000d4   Code   RO         5832    i.embedi_2d_kalman_init  embedi_2d_kalman.o
    0x08008e84   0x00000014   Code   RO         5894    i.embedi_6d_kalman_filter  embedi_6d_kalman.o
    0x08008e98   0x000000ac   Code   RO         5895    i.embedi_6d_kalman_init  embedi_6d_kalman.o
    0x08008f44   0x00000010   Code   RO         5963    i.embedi_abs        embedi_math.o
    0x08008f54   0x00000018   Code   RO         7538    i.embedi_baro_enable  embedi_baro.o
    0x08008f6c   0x00000002   Code   RO         7540    i.embedi_baro_init  embedi_baro.o
    0x08008f6e   0x00000002   PAD
    0x08008f70   0x00000068   Code   RO         7541    i.embedi_baro_register_operations  embedi_baro.o
    0x08008fd8   0x000000a0   Code   RO         7614    i.embedi_bmp280_init  embedi_bmp280.o
    0x08009078   0x0000002c   Code   RO         6078    i.embedi_change_pid_target  embedi_pid.o
    0x080090a4   0x00000018   Code   RO         7542    i.embedi_config_baro_as_slave  embedi_baro.o
    0x080090bc   0x00000018   Code   RO         6559    i.embedi_configure_fifo  embedi_imu.o
    0x080090d4   0x00000080   Code   RO         5967    i.embedi_create_eye_matrix  embedi_math.o
    0x08009154   0x00000070   Code   RO         5968    i.embedi_create_matrix  embedi_math.o
    0x080091c4   0x0000000a   Code   RO         6234    i.embedi_delay_ms   embedi_delay.o
    0x080091ce   0x0000000c   Code   RO         6235    i.embedi_delay_us   embedi_delay.o
    0x080091da   0x00000002   PAD
    0x080091dc   0x00000028   Code   RO         8226    i.embedi_dispatch_send  embedi_dispatch.o
    0x08009204   0x00000018   Code   RO         6560    i.embedi_enable_sensor  embedi_imu.o
    0x0800921c   0x00000014   Code   RO         6397    i.embedi_enable_uart2_interrupt  embedi_uart.o
    0x08009230   0x000000b8   Code   RO         6561    i.embedi_get_accel_data  embedi_imu.o
    0x080092e8   0x00000018   Code   RO         6562    i.embedi_get_accel_fsr  embedi_imu.o
    0x08009300   0x00000018   Code   RO         6563    i.embedi_get_accel_sens  embedi_imu.o
    0x08009318   0x00000004   Code   RO         8166    i.embedi_get_adc_value  embedi_adc.o
    0x0800931c   0x00000014   Code   RO         7543    i.embedi_get_baro_data  embedi_baro.o
    0x08009330   0x00000110   Code   RO         6566    i.embedi_get_euler_angle  embedi_imu.o
    0x08009440   0x000000a0   Code   RO         6567    i.embedi_get_gyro_data  embedi_imu.o
    0x080094e0   0x00000018   Code   RO         6568    i.embedi_get_gyro_fsr  embedi_imu.o
    0x080094f8   0x00000018   Code   RO         6569    i.embedi_get_gyro_sens  embedi_imu.o
    0x08009510   0x000000a4   Code   RO         8182    i.embedi_get_joystick_data  embedi_joystick.o
    0x080095b4   0x000000ac   Code   RO         8183    i.embedi_get_joystick_state  embedi_joystick.o
    0x08009660   0x0000000c   Code   RO         7364    i.embedi_get_run_state  embedi_system.o
    0x0800966c   0x00000018   Code   RO         6572    i.embedi_get_s2s3_data  embedi_imu.o
    0x08009684   0x00000018   Code   RO         6573    i.embedi_get_sample_rate  embedi_imu.o
    0x0800969c   0x0000000e   Code   RO         6236    i.embedi_get_systick  embedi_delay.o
    0x080096aa   0x00000014   Code   RO         7544    i.embedi_get_temperature_data  embedi_baro.o
    0x080096be   0x00000002   PAD
    0x080096c0   0x00000008   Code   RO         6398    i.embedi_get_uart2_receive_data  embedi_uart.o
    0x080096c8   0x00000010   Code   RO         8304    i.embedi_get_vbat   embedi_battery.o
    0x080096d8   0x00000004   Code   RO         6319    i.embedi_i2c_read_block  embedi_i2c.o
    0x080096dc   0x00000008   Code   RO         6320    i.embedi_i2c_read_byte  embedi_i2c.o
    0x080096e4   0x00000004   Code   RO         6321    i.embedi_i2c_write_block  embedi_i2c.o
    0x080096e8   0x00000010   Code   RO         6322    i.embedi_i2c_write_byte  embedi_i2c.o
    0x080096f8   0x0000001a   Code   RO         6574    i.embedi_imu_calibration  embedi_imu.o
    0x08009712   0x00000002   PAD
    0x08009714   0x00000020   Code   RO         6575    i.embedi_imu_config_slave  embedi_imu.o
    0x08009734   0x00000006   Code   RO         6576    i.embedi_imu_enable  embedi_imu.o
    0x0800973a   0x00000002   PAD
    0x0800973c   0x00000018   Code   RO         6577    i.embedi_imu_hardware_init  embedi_imu.o
    0x08009754   0x000000b8   Code   RO         6578    i.embedi_imu_init   embedi_imu.o
    0x0800980c   0x00000064   Code   RO         6579    i.embedi_imu_register_operations  embedi_imu.o
    0x08009870   0x00000018   Code   RO         6580    i.embedi_imu_set_bypass  embedi_imu.o
    0x08009888   0x000001e0   Code   RO         5970    i.embedi_matrix_3x3_inv  embedi_math.o
    0x08009a68   0x000000f8   Code   RO         5971    i.embedi_matrix_add  embedi_math.o
    0x08009b60   0x000000f8   Code   RO         5972    i.embedi_matrix_minus  embedi_math.o
    0x08009c58   0x00000130   Code   RO         5973    i.embedi_matrix_mul  embedi_math.o
    0x08009d88   0x0000003a   Code   RO         5974    i.embedi_matrix_scale  embedi_math.o
    0x08009dc2   0x00000002   PAD
    0x08009dc4   0x00000064   Code   RO         5976    i.embedi_matrix_transpose  embedi_math.o
    0x08009e28   0x00000148   Code   RO         7326    i.embedi_module_init  embedi_module_init.o
    0x08009f70   0x000000a8   Code   RO         6080    i.embedi_pid        embedi_pid.o
    0x0800a018   0x00000078   Code   RO         6082    i.embedi_pid_init   embedi_pid.o
    0x0800a090   0x0000003c   Code   RO         6083    i.embedi_pid_reset  embedi_pid.o
    0x0800a0cc   0x00000034   Code   RO         6084    i.embedi_pid_reset_itergrate  embedi_pid.o
    0x0800a100   0x00000080   Code   RO         7453    i.embedi_quadrotor_init  embedi_quadrotor.o
    0x0800a180   0x0000001e   Code   RO         6455    i.embedi_quadrotor_motor_sotp  embedi_motor.o
    0x0800a19e   0x0000003c   Code   RO         6456    i.embedi_quadrotor_motor_start  embedi_motor.o
    0x0800a1da   0x00000002   PAD
    0x0800a1dc   0x00000018   Code   RO         6581    i.embedi_read_accel_data  embedi_imu.o
    0x0800a1f4   0x0000001a   Code   RO         6274    i.embedi_read_flash  embedi_flash.o
    0x0800a20e   0x00000002   PAD
    0x0800a210   0x00000018   Code   RO         6583    i.embedi_read_gyro_data  embedi_imu.o
    0x0800a228   0x00000018   Code   RO         6584    i.embedi_set_imu_sample_rate  embedi_imu.o
    0x0800a240   0x00000018   Code   RO         6585    i.embedi_set_mag_sample_rate  embedi_imu.o
    0x0800a258   0x0000000c   Code   RO         7365    i.embedi_set_run_state  embedi_system.o
    0x0800a264   0x00000004   Code   RO         7366    i.embedi_system_init  embedi_system.o
    0x0800a268   0x00000004   Code   RO         6400    i.embedi_uart_init  embedi_uart.o
    0x0800a26c   0x00000024   Code   RO         7327    i.embedi_uart_irq_call  embedi_module_init.o
    0x0800a290   0x0000002c   Code   RO         6586    i.embedi_update_imu_data_buff  embedi_imu.o
    0x0800a2bc   0x0000000c   Code   RO         7865    i.embedi_vcp_receive  embedi_printf.o
    0x0800a2c8   0x00000002   Code   RO         6144    i.embedi_wheels_init  embedi_wheels.o
    0x0800a2ca   0x00000002   Code   RO         6275    i.embedi_write_flash  embedi_flash.o
    0x0800a2cc   0x00000008   Code   RO         5897    i.emebedi_get_6d_kalman_obsever  embedi_6d_kalman.o
    0x0800a2d4   0x00000018   Code   RO         8462    i.fabs              m_wm.l(fabs.o)
    0x0800a2ec   0x0000006c   Code   RO         7454    i.height_pid_event_call  embedi_quadrotor.o
    0x0800a358   0x00000034   Code   RO         7943    i.host_driver_init  embedi_host.o
    0x0800a38c   0x00000030   Code   RO         7944    i.host_uart_receive_callback  embedi_host.o
    0x0800a3bc   0x0000005c   Code   RO         8346    i.iir_filter        embedi_iir.o
    0x0800a418   0x00000060   Code   RO         8347    i.iir_init          embedi_iir.o
    0x0800a478   0x00000040   Code   RO         8348    i.iir_reset         embedi_iir.o
    0x0800a4b8   0x0000001c   Code   RO         6145    i.imu_irq_cb        embedi_wheels.o
    0x0800a4d4   0x0000000c   Code   RO         4927    i.inHandlerMode     cmsis_os.o
    0x0800a4e0   0x000000e4   Code   RO         6775    i.inv_config_slave  inv_mpu.o
    0x0800a5c4   0x0000000c   Code   RO         6776    i.inv_imu_init      inv_mpu.o
    0x0800a5d0   0x0000003c   Code   RO         6146    i.key_irq_cb        embedi_wheels.o
    0x0800a60c   0x00000050   Code   RO         7723    i.key_left_irq_cb   embedi_remoter.o
    0x0800a65c   0x00000054   Code   RO         7724    i.key_right_irq_cb  embedi_remoter.o
    0x0800a6b0   0x00000094   Code   RO           19    i.main              main.o
    0x0800a744   0x0000000c   Code   RO         4929    i.makeFreeRtosPriority  cmsis_os.o
    0x0800a750   0x000000e0   Code   RO         7455    i.motor_cmd_event_call  embedi_quadrotor.o
    0x0800a830   0x00000030   Code   RO         6461    i.motor_init        embedi_motor.o
    0x0800a860   0x00000054   Code   RO         6777    i.mpu_configure_fifo  inv_mpu.o
    0x0800a8b4   0x0000003c   Code   RO         6778    i.mpu_get_accel_fsr  inv_mpu.o
    0x0800a8f0   0x00000050   Code   RO         6779    i.mpu_get_accel_reg  inv_mpu.o
    0x0800a940   0x00000044   Code   RO         6780    i.mpu_get_accel_sens  inv_mpu.o
    0x0800a984   0x00000010   Code   RO         6781    i.mpu_get_compass_fsr  inv_mpu.o
    0x0800a994   0x0000008c   Code   RO         6782    i.mpu_get_compass_reg  inv_mpu.o
    0x0800aa20   0x00000034   Code   RO         6786    i.mpu_get_gyro_fsr  inv_mpu.o
    0x0800aa54   0x00000054   Code   RO         6787    i.mpu_get_gyro_reg  inv_mpu.o
    0x0800aaa8   0x0000004c   Code   RO         6788    i.mpu_get_gyro_sens  inv_mpu.o
    0x0800aaf4   0x00000010   Code   RO         6791    i.mpu_get_mag_sens  inv_mpu.o
    0x0800ab04   0x00000068   Code   RO         6793    i.mpu_get_s2s3_reg  inv_mpu.o
    0x0800ab6c   0x0000001c   Code   RO         6794    i.mpu_get_sample_rate  inv_mpu.o
    0x0800ab88   0x00000130   Code   RO         6796    i.mpu_init          inv_mpu.o
    0x0800acb8   0x000000b8   Code   RO         6798    i.mpu_lp_accel_mode  inv_mpu.o
    0x0800ad70   0x00000160   Code   RO         6808    i.mpu_reset_fifo    inv_mpu.o
    0x0800aed0   0x00000068   Code   RO         6813    i.mpu_set_accel_fsr  inv_mpu.o
    0x0800af38   0x000000dc   Code   RO         6814    i.mpu_set_bypass    inv_mpu.o
    0x0800b014   0x0000004c   Code   RO         6815    i.mpu_set_compass_sample_rate  inv_mpu.o
    0x0800b060   0x0000006c   Code   RO         6818    i.mpu_set_gyro_fsr  inv_mpu.o
    0x0800b0cc   0x00000064   Code   RO         6819    i.mpu_set_int_latched  inv_mpu.o
    0x0800b130   0x0000006c   Code   RO         6821    i.mpu_set_lpf       inv_mpu.o
    0x0800b19c   0x00000090   Code   RO         6822    i.mpu_set_sample_rate  inv_mpu.o
    0x0800b22c   0x00000014   Code   RO         6823    i.mpu_set_sensors   inv_mpu.o
    0x0800b240   0x00000028   Code   RO         7991    i.nrf24l01_dispatch_send  embedi_nrf24l01.o
    0x0800b268   0x00000024   Code   RO         7992    i.nrf24l01_dispatch_send_from_isr  embedi_nrf24l01.o
    0x0800b28c   0x00000018   Code   RO         7997    i.nrf24l01_irq_cb   embedi_nrf24l01.o
    0x0800b2a4   0x0000000e   Code   RO         4931    i.osDelay           cmsis_os.o
    0x0800b2b2   0x0000000a   Code   RO         4934    i.osKernelStart     cmsis_os.o
    0x0800b2bc   0x00000054   Code   RO         4968    i.osThreadCreate    cmsis_os.o
    0x0800b310   0x00000040   Code   RO         4979    i.osTimerCreate     cmsis_os.o
    0x0800b350   0x0000005c   Code   RO         4981    i.osTimerStart      cmsis_os.o
    0x0800b3ac   0x000000b8   Code   RO         7456    i.pitch_pid_event_call  embedi_quadrotor.o
    0x0800b464   0x00000070   Code   RO         4469    i.prvAddCurrentTaskToDelayedList  tasks.o
    0x0800b4d4   0x000000d0   Code   RO         4470    i.prvAddNewTaskToReadyList  tasks.o
    0x0800b5a4   0x00000058   Code   RO         4783    i.prvCheckForValidListAndQueue  timers.o
    0x0800b5fc   0x00000026   Code   RO         4139    i.prvCopyDataFromQueue  queue.o
    0x0800b622   0x0000006c   Code   RO         4140    i.prvCopyDataToQueue  queue.o
    0x0800b68e   0x00000034   Code   RO         4471    i.prvDeleteTCB      tasks.o
    0x0800b6c2   0x00000002   PAD
    0x0800b6c4   0x0000004c   Code   RO         5296    i.prvHeapInit       heap_4.o
    0x0800b710   0x00000060   Code   RO         4472    i.prvIdleTask       tasks.o
    0x0800b770   0x00000016   Code   RO         4142    i.prvInitialiseNewQueue  queue.o
    0x0800b786   0x00000098   Code   RO         4473    i.prvInitialiseNewTask  tasks.o
    0x0800b81e   0x0000004e   Code   RO         4784    i.prvInitialiseNewTimer  timers.o
    0x0800b86c   0x0000004c   Code   RO         5297    i.prvInsertBlockIntoFreeList  heap_4.o
    0x0800b8b8   0x00000038   Code   RO         4785    i.prvInsertTimerInActiveList  timers.o
    0x0800b8f0   0x0000001c   Code   RO         4143    i.prvIsQueueEmpty   queue.o
    0x0800b90c   0x000000f0   Code   RO         4786    i.prvProcessReceivedCommands  timers.o
    0x0800b9fc   0x000000c0   Code   RO         4787    i.prvProcessTimerOrBlockTask  timers.o
    0x0800babc   0x00000020   Code   RO         4474    i.prvResetNextTaskUnblockTime  tasks.o
    0x0800badc   0x00000028   Code   RO         4788    i.prvSampleTimeNow  timers.o
    0x0800bb04   0x0000006c   Code   RO         4789    i.prvSwitchTimerLists  timers.o
    0x0800bb70   0x00000028   Code   RO         5352    i.prvTaskExitError  port.o
    0x0800bb98   0x00000024   Code   RO         4790    i.prvTimerTask      timers.o
    0x0800bbbc   0x0000006a   Code   RO         4144    i.prvUnlockQueue    queue.o
    0x0800bc26   0x00000002   PAD
    0x0800bc28   0x000000dc   Code   RO         5298    i.pvPortMalloc      heap_4.o
    0x0800bd04   0x00000018   Code   RO         4476    i.pvTaskIncrementMutexHeldCount  tasks.o
    0x0800bd1c   0x0000002c   Code   RO         5353    i.pxPortInitialiseStack  port.o
    0x0800bd48   0x00000014   Code   RO         7457    i.quadrotor_timer_function  embedi_quadrotor.o
    0x0800bd5c   0x00000014   Code   RO         7725    i.remoter_timer_function  embedi_remoter.o
    0x0800bd70   0x000000b4   Code   RO         7458    i.roll_pid_event_call  embedi_quadrotor.o
    0x0800be24   0x00000058   Code   RO         6825    i.set_int_enable    inv_mpu.o
    0x0800be7c   0x0000023c   Code   RO         6826    i.setup_compass     inv_mpu.o
    0x0800c0b8   0x0000006e   Code   RO         8657    i.sqrt              m_wm.l(sqrt.o)
    0x0800c126   0x00000002   PAD
    0x0800c128   0x00000024   Code   RO         7868    i.usb_printf        embedi_printf.o
    0x0800c14c   0x00000026   Code   RO         4099    i.uxListRemove      list.o
    0x0800c172   0x00000002   PAD
    0x0800c174   0x00000014   Code   RO          247    i.vApplicationGetIdleTaskMemory  freertos.o
    0x0800c188   0x00000018   Code   RO          248    i.vApplicationGetTimerTaskMemory  freertos.o
    0x0800c1a0   0x00000016   Code   RO         4100    i.vListInitialise   list.o
    0x0800c1b6   0x00000006   Code   RO         4101    i.vListInitialiseItem  list.o
    0x0800c1bc   0x00000030   Code   RO         4102    i.vListInsert       list.o
    0x0800c1ec   0x00000018   Code   RO         4103    i.vListInsertEnd    list.o
    0x0800c204   0x00000040   Code   RO         5355    i.vPortEnterCritical  port.o
    0x0800c244   0x00000028   Code   RO         5356    i.vPortExitCritical  port.o
    0x0800c26c   0x00000064   Code   RO         5299    i.vPortFree         heap_4.o
    0x0800c2d0   0x00000024   Code   RO         5357    i.vPortSetupTimerInterrupt  port.o
    0x0800c2f4   0x00000054   Code   RO         5358    i.vPortValidateInterruptPriority  port.o
    0x0800c348   0x00000028   Code   RO         4148    i.vQueueAddToRegistry  queue.o
    0x0800c370   0x00000044   Code   RO         4151    i.vQueueWaitForMessageRestricted  queue.o
    0x0800c3b4   0x0000004c   Code   RO         4483    i.vTaskDelay        tasks.o
    0x0800c400   0x00000010   Code   RO         4486    i.vTaskInternalSetTimeOutState  tasks.o
    0x0800c410   0x0000000c   Code   RO         4487    i.vTaskMissedYield  tasks.o
    0x0800c41c   0x00000030   Code   RO         4489    i.vTaskPlaceOnEventList  tasks.o
    0x0800c44c   0x00000038   Code   RO         4490    i.vTaskPlaceOnEventListRestricted  tasks.o
    0x0800c484   0x000000a0   Code   RO         4492    i.vTaskPriorityDisinheritAfterTimeout  tasks.o
    0x0800c524   0x00000088   Code   RO         4497    i.vTaskStartScheduler  tasks.o
    0x0800c5ac   0x00000010   Code   RO         4499    i.vTaskSuspendAll   tasks.o
    0x0800c5bc   0x0000005c   Code   RO         4500    i.vTaskSwitchContext  tasks.o
    0x0800c618   0x000000f4   Code   RO         5359    i.xPortStartScheduler  port.o
    0x0800c70c   0x0000002c   Code   RO         5360    i.xPortSysTickHandler  port.o
    0x0800c738   0x00000042   Code   RO         4154    i.xQueueGenericCreate  queue.o
    0x0800c77a   0x00000066   Code   RO         4155    i.xQueueGenericCreateStatic  queue.o
    0x0800c7e0   0x00000088   Code   RO         4156    i.xQueueGenericReset  queue.o
    0x0800c868   0x00000160   Code   RO         4157    i.xQueueGenericSend  queue.o
    0x0800c9c8   0x000000be   Code   RO         4158    i.xQueueGenericSendFromISR  queue.o
    0x0800ca86   0x0000009c   Code   RO         4159    i.xQueueGiveFromISR  queue.o
    0x0800cb22   0x00000002   PAD
    0x0800cb24   0x00000138   Code   RO         4164    i.xQueueReceive     queue.o
    0x0800cc5c   0x00000178   Code   RO         4166    i.xQueueSemaphoreTake  queue.o
    0x0800cdd4   0x00000074   Code   RO         4502    i.xTaskCheckForTimeOut  tasks.o
    0x0800ce48   0x0000005a   Code   RO         4503    i.xTaskCreate       tasks.o
    0x0800cea2   0x00000056   Code   RO         4504    i.xTaskCreateStatic  tasks.o
    0x0800cef8   0x0000001c   Code   RO         4508    i.xTaskGetSchedulerState  tasks.o
    0x0800cf14   0x0000000c   Code   RO         4509    i.xTaskGetTickCount  tasks.o
    0x0800cf20   0x000000cc   Code   RO         4511    i.xTaskIncrementTick  tasks.o
    0x0800cfec   0x00000098   Code   RO         4514    i.xTaskPriorityDisinherit  tasks.o
    0x0800d084   0x0000008c   Code   RO         4515    i.xTaskPriorityInherit  tasks.o
    0x0800d110   0x00000074   Code   RO         4516    i.xTaskRemoveFromEventList  tasks.o
    0x0800d184   0x000000c4   Code   RO         4517    i.xTaskResumeAll    tasks.o
    0x0800d248   0x00000034   Code   RO         4795    i.xTimerCreate      timers.o
    0x0800d27c   0x0000002e   Code   RO         4796    i.xTimerCreateStatic  timers.o
    0x0800d2aa   0x00000002   PAD
    0x0800d2ac   0x00000060   Code   RO         4797    i.xTimerCreateTimerTask  timers.o
    0x0800d30c   0x00000060   Code   RO         4798    i.xTimerGenericCommand  timers.o
    0x0800d36c   0x0000002c   Code   RO         8749    locale$$code        c_w.l(lc_numeric_c.o)
    0x0800d398   0x0000002c   Code   RO         8768    locale$$code        c_w.l(lc_ctype_c.o)
    0x0800d3c4   0x00000018   Code   RO         8596    x$fpl$basic         fz_wm.l(basic.o)
    0x0800d3dc   0x00000062   Code   RO         8406    x$fpl$d2f           fz_wm.l(d2f.o)
    0x0800d43e   0x00000002   PAD
    0x0800d440   0x00000150   Code   RO         8408    x$fpl$dadd          fz_wm.l(daddsub_clz.o)
    0x0800d590   0x000002b0   Code   RO         8415    x$fpl$ddiv          fz_wm.l(ddiv.o)
    0x0800d840   0x0000002e   Code   RO         8421    x$fpl$dflt          fz_wm.l(dflt_clz.o)
    0x0800d86e   0x00000002   PAD
    0x0800d870   0x00000154   Code   RO         8426    x$fpl$dmul          fz_wm.l(dmul.o)
    0x0800d9c4   0x0000009c   Code   RO         8602    x$fpl$dnaninf       fz_wm.l(dnaninf.o)
    0x0800da60   0x0000000c   Code   RO         8604    x$fpl$dretinf       fz_wm.l(dretinf.o)
    0x0800da6c   0x00000016   Code   RO         8409    x$fpl$drsb          fz_wm.l(daddsub_clz.o)
    0x0800da82   0x00000002   PAD
    0x0800da84   0x00000198   Code   RO         8707    x$fpl$dsqrt         fz_wm.l(dsqrt_umaal.o)
    0x0800dc1c   0x000001d4   Code   RO         8410    x$fpl$dsub          fz_wm.l(daddsub_clz.o)
    0x0800ddf0   0x00000056   Code   RO         8430    x$fpl$f2d           fz_wm.l(f2d.o)
    0x0800de46   0x0000008c   Code   RO         8606    x$fpl$fnaninf       fz_wm.l(fnaninf.o)
    0x0800ded2   0x0000000a   Code   RO         8834    x$fpl$fpinit        fz_wm.l(fpinit.o)
    0x0800dedc   0x0000000a   Code   RO         8608    x$fpl$fretinf       fz_wm.l(fretinf.o)
    0x0800dee6   0x00000004   Code   RO         8612    x$fpl$printf1       fz_wm.l(printf1.o)
    0x0800deea   0x00000004   Code   RO         8614    x$fpl$printf2       fz_wm.l(printf2.o)
    0x0800deee   0x00000000   Code   RO         8620    x$fpl$usenofp       fz_wm.l(usenofp.o)
    0x0800deee   0x00000002   PAD
    0x0800def0   0x0000001c   Data   RO           22    .constdata          main.o
    0x0800df0c   0x00000008   Data   RO         1936    .constdata          stm32f4xx_hal_dma.o
    0x0800df14   0x00000010   Data   RO         3962    .constdata          system_stm32f4xx.o
    0x0800df24   0x00000008   Data   RO         3963    .constdata          system_stm32f4xx.o
    0x0800df2c   0x000000e5   Data   RO         5979    .constdata          embedi_math.o
    0x0800e011   0x00000083   Data   RO         6085    .constdata          embedi_pid.o
    0x0800e094   0x0000001b   Data   RO         6149    .constdata          embedi_wheels.o
    0x0800e0af   0x00000001   PAD
    0x0800e0b0   0x000000e1   Data   RO         6324    .constdata          embedi_i2c.o
    0x0800e191   0x0000008c   Data   RO         6588    .constdata          embedi_imu.o
    0x0800e21d   0x00000031   Data   RO         6827    .constdata          inv_mpu.o
    0x0800e24e   0x0000000e   Data   RO         6828    .constdata          inv_mpu.o
    0x0800e25c   0x00000030   Data   RO         6829    .constdata          inv_mpu.o
    0x0800e28c   0x00000277   Data   RO         6830    .constdata          inv_mpu.o
    0x0800e503   0x00000013   Data   RO         7328    .constdata          embedi_module_init.o
    0x0800e516   0x00000002   PAD
    0x0800e518   0x00000090   Data   RO         7460    .constdata          embedi_quadrotor.o
    0x0800e5a8   0x00000020   Data   RO         7546    .constdata          embedi_baro.o
    0x0800e5c8   0x00000013   Data   RO         7615    .constdata          embedi_bmp280.o
    0x0800e5db   0x00000025   Data   RO         7659    .constdata          embedi_spl06.o
    0x0800e600   0x00000080   Data   RO         7727    .constdata          embedi_remoter.o
    0x0800e680   0x00000030   Data   RO         7946    .constdata          embedi_host.o
    0x0800e6b0   0x00000019   Data   RO         8184    .constdata          embedi_joystick.o
    0x0800e6c9   0x00000003   PAD
    0x0800e6cc   0x00000028   Data   RO         8228    .constdata          embedi_dispatch.o
    0x0800e6f4   0x0000001e   Data   RO         8349    .constdata          embedi_iir.o
    0x0800e712   0x00000006   PAD
    0x0800e718   0x00000050   Data   RO         8435    .constdata          m_wm.l(asin.o)
    0x0800e768   0x00000098   Data   RO         8449    .constdata          m_wm.l(atan.o)
    0x0800e800   0x00000140   Data   RO         8469    .constdata          m_wm.l(powf.o)
    0x0800e940   0x00000008   Data   RO         8520    .constdata          c_w.l(_printf_wctomb.o)
    0x0800e948   0x00000028   Data   RO         8549    .constdata          c_w.l(_printf_hex_int_ll_ptr.o)
    0x0800e970   0x00000011   Data   RO         8569    .constdata          c_w.l(__printf_flags_ss_wp.o)
    0x0800e981   0x00000026   Data   RO         8696    .constdata          c_w.l(_printf_fp_hex.o)
    0x0800e9a7   0x00000001   PAD
    0x0800e9a8   0x00000094   Data   RO         8724    .constdata          c_w.l(bigflt0.o)
    0x0800ea3c   0x0000000c   Data   RO           23    .conststring        main.o
    0x0800ea48   0x0000000f   Data   RO         7461    .conststring        embedi_quadrotor.o
    0x0800ea57   0x00000001   PAD
    0x0800ea58   0x0000000d   Data   RO         7728    .conststring        embedi_remoter.o
    0x0800ea65   0x00000003   PAD
    0x0800ea68   0x00000009   Data   RO         7947    .conststring        embedi_host.o
    0x0800ea71   0x00000003   PAD
    0x0800ea74   0x0000000e   Data   RO         8229    .conststring        embedi_dispatch.o
    0x0800ea82   0x00000002   PAD
    0x0800ea84   0x00000020   Data   RO         8887    Region$$Table       anon$$obj.o
    0x0800eaa4   0x00000004   Data   RO         6152    embedi_app_init     embedi_wheels.o
    0x0800eaa8   0x00000004   Data   RO         7463    embedi_app_init     embedi_quadrotor.o
    0x0800eaac   0x00000004   Data   RO         8231    embedi_battery      embedi_dispatch.o
    0x0800eab0   0x00000004   Data   RO         8306    embedi_battery      embedi_battery.o
    0x0800eab4   0x00000004   Data   RO         6463    embedi_driver_init  embedi_motor.o
    0x0800eab8   0x00000004   Data   RO         6590    embedi_driver_init  embedi_imu.o
    0x0800eabc   0x00000004   Data   RO         7548    embedi_driver_init  embedi_baro.o
    0x0800eac0   0x00000004   Data   RO         7949    embedi_driver_init  embedi_host.o
    0x0800eac4   0x00000004   Data   RO         6832    embedi_init         inv_mpu.o
    0x0800eac8   0x00000004   Data   RO         7617    embedi_init         embedi_bmp280.o
    0x0800eacc   0x00000004   Data   RO         7661    embedi_init         embedi_spl06.o
    0x0800ead0   0x00000008   Data   RO         6153    embedi_irq          embedi_wheels.o
    0x0800ead8   0x00000008   Data   RO         7730    embedi_irq          embedi_remoter.o
    0x0800eae0   0x00000004   Data   RO         8016    embedi_irq          embedi_nrf24l01.o
    0x0800eae4   0x00000004   Data   RO         7464    embedi_motor_cmd    embedi_quadrotor.o
    0x0800eae8   0x00000004   Data   RO         8232    embedi_motor_cmd    embedi_dispatch.o
    0x0800eaec   0x0000000c   Data   RO         7465    embedi_pitch_pid    embedi_quadrotor.o
    0x0800eaf8   0x00000004   Data   RO         8233    embedi_pitch_pid    embedi_dispatch.o
    0x0800eafc   0x00000004   Data   RO         6402    embedi_platform_init  embedi_uart.o
    0x0800eb00   0x00000004   Data   RO         7806    embedi_platform_init  embedi_spi.o
    0x0800eb04   0x00000004   Data   RO         8234    embedi_roll_pid     embedi_dispatch.o
    0x0800eb08   0x00000004   Data   RO         8235    embedi_system_init  embedi_dispatch.o
    0x0800eb0c   0x00000004   Data   RO         7950    embedi_uart_irq     embedi_host.o
    0x0800eb10   0x00000004   Data   RO         8236    embedi_yaw_pid      embedi_dispatch.o
    0x0800eb14   0x0000001c   Data   RO         8748    locale$$data        c_w.l(lc_numeric_c.o)
    0x0800eb30   0x00000110   Data   RO         8767    locale$$data        c_w.l(lc_ctype_c.o)


    Execution Region RW_IRAM1 (Base: 0x20000000, Size: 0x00008260, Max: 0x00020000, ABSOLUTE, COMPRESSED[0x0000014c])

    Base Addr    Size         Type   Attr      Idx    E Section Name        Object

    0x20000000   0x00000004   Data   RW           24    .data               main.o
    0x20000004   0x0000001c   Data   RW          481    .data               usbd_desc.o
    0x20000020   0x00000032   Data   RW          482    .data               usbd_desc.o
    0x20000052   0x00000002   PAD
    0x20000054   0x00000014   Data   RW          565    .data               usbd_cdc_if.o
    0x20000068   0x0000000c   Data   RW         2393    .data               stm32f4xx_hal.o
    0x20000074   0x00000004   Data   RW         3964    .data               system_stm32f4xx.o
    0x20000078   0x0000003c   Data   RW         4520    .data               tasks.o
    0x200000b4   0x00000014   Data   RW         4804    .data               timers.o
    0x200000c8   0x00000020   Data   RW         5305    .data               heap_4.o
    0x200000e8   0x0000000c   Data   RW         5361    .data               port.o
    0x200000f4   0x00000001   Data   RW         5599    .data               usbd_ctlreq.o
    0x200000f5   0x00000003   PAD
    0x200000f8   0x00000053   Data   RW         5738    .data               usbd_cdc.o
    0x2000014b   0x00000001   PAD
    0x2000014c   0x00000038   Data   RW         5739    .data               usbd_cdc.o
    0x20000184   0x00000018   Data   RW         6150    .data               embedi_wheels.o
    0x2000019c   0x00000003   Data   RW         6401    .data               embedi_uart.o
    0x2000019f   0x00000001   PAD
    0x200001a0   0x0000000c   Data   RW         6589    .data               embedi_imu.o
    0x200001ac   0x0000008c   Data   RW         6831    .data               inv_mpu.o
    0x20000238   0x00000004   Data   RW         7367    .data               embedi_system.o
    0x2000023c   0x0000000c   Data   RW         7462    .data               embedi_quadrotor.o
    0x20000248   0x00000004   Data   RW         7547    .data               embedi_baro.o
    0x2000024c   0x00000014   Data   RW         7616    .data               embedi_bmp280.o
    0x20000260   0x0000003c   Data   RW         7660    .data               embedi_spl06.o
    0x2000029c   0x0000004a   Data   RW         7729    .data               embedi_remoter.o
    0x200002e6   0x00000003   Data   RW         7921    .data               embedi_protocol.o
    0x200002e9   0x00000003   PAD
    0x200002ec   0x0000000c   Data   RW         7948    .data               embedi_host.o
    0x200002f8   0x00000010   Data   RW         8014    .data               embedi_nrf24l01.o
    0x20000308   0x00000004   Data   RW         8185    .data               embedi_joystick.o
    0x2000030c   0x00000008   Data   RW         8230    .data               embedi_dispatch.o
    0x20000314   0x00000005   Data   RW         8305    .data               embedi_battery.o
    0x20000319   0x00000003   PAD
    0x2000031c   0x000000d8   Zero   RW           20    .bss                main.o
    0x200003f4   0x00000060   Zero   RW           21    .bss                main.o
    0x20000454   0x000006a8   Zero   RW          249    .bss                freertos.o
    0x20000afc   0x000002dc   Zero   RW          425    .bss                usb_device.o
    0x20000dd8   0x00000200   Zero   RW          480    .bss                usbd_desc.o
    0x20000fd8   0x00001000   Zero   RW          564    .bss                usbd_cdc_if.o
    0x20001fd8   0x00000704   Zero   RW          646    .bss                usbd_conf.o
    0x200026dc   0x00000040   Zero   RW         4167    .bss                queue.o
    0x2000271c   0x000000f0   Zero   RW         4519    .bss                tasks.o
    0x2000280c   0x000000e8   Zero   RW         4803    .bss                timers.o
    0x200028f4   0x00003c00   Zero   RW         5304    .bss                heap_4.o
    0x200064f4   0x00000224   Zero   RW         5834    .bss                embedi_2d_kalman.o
    0x20006718   0x0000022c   Zero   RW         5898    .bss                embedi_6d_kalman.o
    0x20006944   0x000002ec   Zero   RW         6587    .bss                embedi_imu.o
    0x20006c30   0x00000104   Zero   RW         7459    .bss                embedi_quadrotor.o
    0x20006d34   0x00000018   Zero   RW         7658    .bss                embedi_spl06.o
    0x20006d4c   0x00000010   Zero   RW         7726    .bss                embedi_remoter.o
    0x20006d5c   0x00000080   Zero   RW         7869    .bss                embedi_printf.o
    0x20006ddc   0x0000001f   Zero   RW         7945    .bss                embedi_host.o
    0x20006dfb   0x00000001   PAD
    0x20006dfc   0x00000060   Zero   RW         8710    .bss                c_w.l(libspace.o)
    0x20006e5c   0x00000004   PAD
    0x20006e60   0x00001000   Zero   RW            2    HEAP                startup_stm32f411xe.o
    0x20007e60   0x00000400   Zero   RW            1    STACK               startup_stm32f411xe.o


==============================================================================

Image component sizes


      Code (inc. data)   RO Data    RW Data    ZI Data      Debug   Object Name

       288          8          0          0          0      30304   cmsis_os.o
       212         30          0          0        548       2368   embedi_2d_kalman.o
      1292         66          0          0        556       7110   embedi_6d_kalman.o
         4          0          0          0          0       1359   embedi_adc.o
       214         88         36          4          0       5925   embedi_baro.o
        40         12          4          5          0       2164   embedi_battery.o
       190         96         23         20          0       2621   embedi_bmp280.o
        42          0          0          0          0       2917   embedi_delay.o
       398        100         78          8          0       7423   embedi_dispatch.o
        28          0          0          0          0       2135   embedi_flash.o
       240         68         65         12         31       3823   embedi_host.o
      1206        116        225          0          0      10939   embedi_i2c.o
       252         92         30          0          0       2940   embedi_iir.o
      2664        810        144         12        748      22587   embedi_imu.o
       396         52         25          4          0       3479   embedi_joystick.o
      1694        420        229          0          0      11086   embedi_math.o
       364        174         19          0          0       3012   embedi_module_init.o
       228         18          4          0          0       6813   embedi_motor.o
       100         16          4         16          0       7264   embedi_nrf24l01.o
       444        150        131          0          0       5953   embedi_pid.o
        50          6          0          0        128       4738   embedi_printf.o
       140         14          0          3          0       2029   embedi_protocol.o
      1856        380        179         12        260      13004   embedi_quadrotor.o
      1020        216        149         74         16       9011   embedi_remoter.o
         2          0          4          0          0       1676   embedi_spi.o
      1018        210         41         60         24       7406   embedi_spl06.o
        28         12          0          4          0       1931   embedi_system.o
        96         26          4          3          0       3537   embedi_uart.o
        90         38         39         24          0       8335   embedi_wheels.o
         0          0          0          0          0      20100   event_groups.o
        44         10          0          0       1704       1901   freertos.o
       472         24          0         32      15360       4755   heap_4.o
      3768        288        746        140          0      35188   inv_mpu.o
       138          0          0          0          0       3482   list.o
       712         62         40          4        312     471957   main.o
       786         82          0         12          0      12013   port.o
      2100         24          0          0         64      19796   queue.o
        64         26        408          0       5120        864   startup_stm32f411xe.o
       180         28          0         12          0       9349   stm32f4xx_hal.o
       198         14          0          0          0      33587   stm32f4xx_hal_cortex.o
       934         16          8          0          0       5259   stm32f4xx_hal_dma.o
       500         34          0          0          0       2675   stm32f4xx_hal_gpio.o
       464         50          0          0          0       3174   stm32f4xx_hal_msp.o
      2572         12          0          0          0      12160   stm32f4xx_hal_pcd.o
        78          0          0          0          0       2317   stm32f4xx_hal_pcd_ex.o
      1356         78          0          0          0       5632   stm32f4xx_hal_rcc.o
       984         68          0          0          0       7882   stm32f4xx_hal_tim.o
       124         20          0          0          0       1360   stm32f4xx_hal_tim_ex.o
      1368         16          0          0          0       8800   stm32f4xx_hal_uart.o
        72         18          0          0          0       4925   stm32f4xx_it.o
      2692        116          0          0          0      21421   stm32f4xx_ll_usb.o
         0          0          0          0          0        416   stream_buffer.o
        16          4         24          4          0       1187   system_stm32f4xx.o
      2428        184          0         60        240      28185   tasks.o
      1128         80          0         20        232      32291   timers.o
        84         18          0          0        732       2679   usb_device.o
      1278         36          0        139          0      13601   usbd_cdc.o
       128         22          0         20       4096       4016   usbd_cdc_if.o
       636         24          0          0       1796      16272   usbd_conf.o
       924          0          0          0          0      14823   usbd_core.o
      1328         28          0          1          0      13788   usbd_ctlreq.o
       288        104          0         78        512       6069   usbd_desc.o
       132          0          0          0          0       4332   usbd_ioreq.o

    ----------------------------------------------------------------------
     42638       4704       2712        796      32480    1020145   Object Totals
         0          0         32          0          0          0   (incl. Generated)
        66          0         21         13          1          0   (incl. Padding)

    ----------------------------------------------------------------------

      Code (inc. data)   RO Data    RW Data    ZI Data      Debug   Library Member Name

        90          0          0          0          0          0   __dczerorl2.o
         8          0          0          0          0         68   __main.o
       392          4         17          0          0         92   __printf_flags_ss_wp.o
        14          0          0          0          0         68   __printf_wp.o
         0          0          0          0          0          0   __rtentry.o
        12          0          0          0          0          0   __rtentry2.o
         6          0          0          0          0          0   __rtentry4.o
        52          8          0          0          0          0   __scatter.o
        28          0          0          0          0          0   __scatter_zi.o
         6          0          0          0          0          0   _printf_a.o
         6          0          0          0          0          0   _printf_c.o
        44          0          0          0          0        108   _printf_char.o
        48          6          0          0          0         96   _printf_char_common.o
        40          0          0          0          0         68   _printf_charcount.o
         6          0          0          0          0          0   _printf_d.o
       120         16          0          0          0         92   _printf_dec.o
         6          0          0          0          0          0   _printf_e.o
         6          0          0          0          0          0   _printf_f.o
      1050          0          0          0          0        216   _printf_fp_dec.o
       764         10         38          0          0        100   _printf_fp_hex.o
       128         16          0          0          0         84   _printf_fp_infnan.o
         6          0          0          0          0          0   _printf_g.o
       148          4         40          0          0        160   _printf_hex_int_ll_ptr.o
         6          0          0          0          0          0   _printf_i.o
       178          0          0          0          0         88   _printf_intcommon.o
        10          0          0          0          0          0   _printf_l.o
         6          0          0          0          0          0   _printf_lc.o
        10          0          0          0          0          0   _printf_ll.o
         6          0          0          0          0          0   _printf_lld.o
         6          0          0          0          0          0   _printf_lli.o
         6          0          0          0          0          0   _printf_llo.o
         6          0          0          0          0          0   _printf_llu.o
         6          0          0          0          0          0   _printf_llx.o
       124         16          0          0          0         92   _printf_longlong_dec.o
         6          0          0          0          0          0   _printf_ls.o
         6          0          0          0          0          0   _printf_n.o
         6          0          0          0          0          0   _printf_o.o
       112          8          0          0          0        124   _printf_oct_int_ll.o
         6          0          0          0          0          0   _printf_p.o
        78          0          0          0          0        108   _printf_pad.o
         0          0          0          0          0          0   _printf_percent.o
         4          0          0          0          0          0   _printf_percent_end.o
         6          0          0          0          0          0   _printf_s.o
        82          0          0          0          0         80   _printf_str.o
        36          0          0          0          0         84   _printf_truncate.o
         6          0          0          0          0          0   _printf_u.o
        44          0          0          0          0        108   _printf_wchar.o
       188          6          8          0          0         92   _printf_wctomb.o
         6          0          0          0          0          0   _printf_x.o
        22          0          0          0          0        100   _rserrno.o
        16          0          0          0          0         68   _snputc.o
        10          0          0          0          0         68   _sputc.o
        64          0          0          0          0         92   _wcrtomb.o
       220          4        148          0          0         96   bigflt0.o
      1910        128          0          0          0        672   btod.o
        12          0          0          0          0         72   exit.o
         6          0          0          0          0        152   heapauxi.o
        44         10        272          0          0         76   lc_ctype_c.o
        44         10         28          0          0         76   lc_numeric_c.o
         2          0          0          0          0          0   libinit.o
        34          0          0          0          0          0   libinit2.o
         2          0          0          0          0          0   libshutdown.o
         2          0          0          0          0          0   libshutdown2.o
         8          4          0          0         96         68   libspace.o
       138          0          0          0          0         80   lludiv10.o
       238          0          0          0          0        100   lludivv7m.o
        16          4          0          0          0         76   rt_ctype_table.o
         8          4          0          0          0         68   rt_errno_addr_intlibspace.o
         8          4          0          0          0         68   rt_locale_intlibspace.o
        78          0          0          0          0         80   rt_memclr_w.o
       138          0          0          0          0         68   rt_memcpy_v6.o
       100          0          0          0          0         80   rt_memcpy_w.o
         2          0          0          0          0          0   rtexit.o
        10          0          0          0          0          0   rtexit2.o
       128          0          0          0          0         68   strcmpv7m.o
        74          0          0          0          0         80   sys_stackheap_outer.o
         2          0          0          0          0         68   use_no_semi.o
         2          0          0          0          0         68   use_no_semi_2.o
        52          4          0          0          0         80   vsnprintf.o
        24          0          0          0          0        164   basic.o
        98          4          0          0          0        140   d2f.o
       826         16          0          0          0        492   daddsub_clz.o
       688        140          0          0          0        256   ddiv.o
        46          0          0          0          0        116   dflt_clz.o
       340         12          0          0          0        152   dmul.o
       156          4          0          0          0        140   dnaninf.o
        12          0          0          0          0        116   dretinf.o
       408         56          0          0          0        168   dsqrt_umaal.o
        86          4          0          0          0        132   f2d.o
       140          4          0          0          0        132   fnaninf.o
        10          0          0          0          0        116   fpinit.o
        10          0          0          0          0        116   fretinf.o
         4          0          0          0          0        116   printf1.o
         4          0          0          0          0        116   printf2.o
         0          0          0          0          0          0   usenofp.o
       864         94         80          0          0        280   asin.o
       728        106        152          0          0        228   atan.o
        84         16          0          0          0        372   dunder.o
        24          0          0          0          0        124   fabs.o
        48          0          0          0          0        124   fpclassify.o
        38          0          0          0          0        116   fpclassifyf.o
        74         24          0          0          0        580   funder.o
       248          0          0          0          0        152   poly.o
      1548        110        320          0          0        268   powf.o
       110          0          0          0          0        148   sqrt.o
        58          0          0          0          0        136   sqrtf.o

    ----------------------------------------------------------------------
     14026        856       1104          0        100       9452   Library Totals
        30          0          1          0          4          0   (incl. Padding)

    ----------------------------------------------------------------------

      Code (inc. data)   RO Data    RW Data    ZI Data      Debug   Library Name

      7320        266        551          0         96       4452   c_w.l
      2852        240          0          0          0       2472   fz_wm.l
      3824        350        552          0          0       2528   m_wm.l

    ----------------------------------------------------------------------
     14026        856       1104          0        100       9452   Library Totals

    ----------------------------------------------------------------------

==============================================================================


      Code (inc. data)   RO Data    RW Data    ZI Data      Debug   

     56664       5560       3816        796      32580     978253   Grand Totals
     56664       5560       3816        332      32580     978253   ELF Image Totals (compressed)
     56664       5560       3816        332          0          0   ROM Totals

==============================================================================

    Total RO  Size (Code + RO Data)                60480 (  59.06kB)
    Total RW  Size (RW Data + ZI Data)             33376 (  32.59kB)
    Total ROM Size (Code + RO Data + RW Data)      60812 (  59.39kB)

==============================================================================

